[0.007s] Invoking command in '/home/chen/华南虎视觉/考核项目/导航项目/测试项目/sphere_motion/pcl_ws/build/pcl_task': CMAKE_PREFIX_PATH=${CMAKE_PREFIX_PATH}:/opt/ros/humble /usr/bin/cmake --build /home/chen/华南虎视觉/考核项目/导航项目/测试项目/sphere_motion/pcl_ws/build/pcl_task -- -j32 -l32
[0.025s] -- Found ament_cmake: 1.3.10 (/opt/ros/humble/share/ament_cmake/cmake)
[0.104s] -- Found sensor_msgs: 4.2.4 (/opt/ros/humble/share/sensor_msgs/cmake)
[0.115s] -- Found rosidl_generator_c: 3.1.5 (/opt/ros/humble/share/rosidl_generator_c/cmake)
[0.116s] -- Found rosidl_adapter: 3.1.5 (/opt/ros/humble/share/rosidl_adapter/cmake)
[0.119s] -- Found rosidl_generator_cpp: 3.1.5 (/opt/ros/humble/share/rosidl_generator_cpp/cmake)
[0.123s] -- Using all available rosidl_typesupport_c: rosidl_typesupport_fastrtps_c;rosidl_typesupport_introspection_c
[0.128s] -- Using all available rosidl_typesupport_cpp: rosidl_typesupport_fastrtps_cpp;rosidl_typesupport_introspection_cpp
[0.152s] -- Found rclcpp: 16.0.10 (/opt/ros/humble/share/rclcpp/cmake)
[0.163s] -- Found rmw_implementation_cmake: 6.1.2 (/opt/ros/humble/share/rmw_implementation_cmake/cmake)
[0.164s] -- Found rmw_fastrtps_cpp: 6.2.7 (/opt/ros/humble/share/rmw_fastrtps_cpp/cmake)
[0.238s] -- Using RMW implementation 'rmw_fastrtps_cpp' as default
[0.273s] -- Eigen found (include: /usr/include/eigen3, version: 3.4.0)
[0.292s] -- FLANN found (include: /usr/include, lib: /usr/lib/x86_64-linux-gnu/libflann_cpp.so)
[0.488s] -- OpenNI found (version: 1.5.4.0, include: /usr/include/ni, lib: /usr/lib/libOpenNI.so;libusb::libusb)
[0.491s] -- OpenNI2 found (version: 2.2.0.33, include: /usr/include/openni2, lib: /usr/lib/x86_64-linux-gnu/libOpenNI2.so;libusb::libusb)
[0.492s] [0m** WARNING ** io features related to pcap will be disabled[0m
[0.583s] -- Eigen found (include: /usr/include/eigen3, version: 3.4.0)
[0.589s] -- OpenNI found (version: 1.5.4.0, include: /usr/include/ni, lib: /usr/lib/libOpenNI.so;libusb::libusb)
[0.598s] -- OpenNI2 found (version: 2.2.0.33, include: /usr/include/openni2, lib: /usr/lib/x86_64-linux-gnu/libOpenNI2.so;libusb::libusb)
[0.699s] -- Found Qhull version 8.0.2
[0.791s] -- OpenNI found (version: 1.5.4.0, include: /usr/include/ni, lib: /usr/lib/libOpenNI.so;libusb::libusb)
[0.895s] -- looking for PCL_COMMON
[0.896s] -- looking for PCL_KDTREE
[0.896s] -- looking for PCL_OCTREE
[0.896s] -- looking for PCL_SEARCH
[0.896s] -- looking for PCL_SAMPLE_CONSENSUS
[0.896s] -- looking for PCL_FILTERS
[0.896s] -- looking for PCL_2D
[0.896s] -- looking for PCL_GEOMETRY
[0.897s] -- looking for PCL_IO
[0.897s] -- looking for PCL_FEATURES
[0.897s] -- looking for PCL_ML
[0.897s] -- looking for PCL_SEGMENTATION
[0.897s] -- looking for PCL_VISUALIZATION
[0.898s] -- looking for PCL_SURFACE
[0.898s] -- looking for PCL_REGISTRATION
[0.898s] -- looking for PCL_KEYPOINTS
[0.898s] -- looking for PCL_TRACKING
[0.898s] -- looking for PCL_RECOGNITION
[0.898s] -- looking for PCL_STEREO
[0.899s] -- looking for PCL_APPS
[0.899s] -- looking for PCL_IN_HAND_SCANNER
[0.899s] -- looking for PCL_MODELER
[0.899s] -- looking for PCL_POINT_CLOUD_EDITOR
[0.899s] -- looking for PCL_OUTOFCORE
[0.899s] -- looking for PCL_PEOPLE
[0.900s] -- Found pcl_conversions: 2.4.5 (/opt/ros/humble/share/pcl_conversions/cmake)
[0.911s] -- Found ament_lint_auto: 0.12.11 (/opt/ros/humble/share/ament_lint_auto/cmake)
[0.944s] -- Added test 'cppcheck' to perform static code analysis on C / C++ code
[0.945s] -- Configured cppcheck include dirs: /home/chen/华南虎视觉/考核项目/导航项目/测试项目/sphere_motion/pcl_ws/pcl_task/include
[0.945s] -- Configured cppcheck exclude dirs and/or files: 
[0.945s] -- Added test 'flake8' to check Python code syntax and style conventions
[0.945s] -- Added test 'lint_cmake' to check CMake code style
[0.945s] -- Added test 'pep257' to check Python code against some of the docstring style conventions in PEP 257
[0.945s] -- Added test 'uncrustify' to check C / C++ code style
[0.945s] -- Configured uncrustify additional arguments: 
[0.945s] -- Added test 'xmllint' to check XML markup files
[0.946s] -- Configuring done
[0.949s] [31mCMake Error at CMakeLists.txt:46 (add_executable):
[0.949s]   Cannot find source file:
[0.949s] 
[0.949s]     rclcpp
[0.949s] 
[0.949s]   Tried extensions .c .C .c++ .cc .cpp .cxx .cu .mpp .m .M .mm .ixx .cppm .h
[0.949s]   .hh .h++ .hm .hpp .hxx .in .txx .f .F .for .f77 .f90 .f95 .f03 .hip .ispc
[0.949s] 
[0.950s] [0m
[0.950s] [31mCMake Error at CMakeLists.txt:46 (add_executable):
[0.950s]   No SOURCES given to target: ros2pcl_test_sub
[0.950s] 
[0.950s] [0m
[0.950s] [0mCMake Generate step failed.  Build files cannot be regenerated correctly.[0m
[0.957s] gmake: *** [Makefile:308：cmake_check_build_system] 错误 1
[0.960s] Invoked command in '/home/chen/华南虎视觉/考核项目/导航项目/测试项目/sphere_motion/pcl_ws/build/pcl_task' returned '2': CMAKE_PREFIX_PATH=${CMAKE_PREFIX_PATH}:/opt/ros/humble /usr/bin/cmake --build /home/chen/华南虎视觉/考核项目/导航项目/测试项目/sphere_motion/pcl_ws/build/pcl_task -- -j32 -l32
