[0.007s] Invoking command in '/home/chen/华南虎视觉/考核项目/导航项目/测试项目/sphere_motion/pcl_ws/build/pcl_task': CMAKE_PREFIX_PATH=${CMAKE_PREFIX_PATH}:/opt/ros/humble /usr/bin/cmake --build /home/chen/华南虎视觉/考核项目/导航项目/测试项目/sphere_motion/pcl_ws/build/pcl_task -- -j32 -l32
[0.026s] -- Found ament_cmake: 1.3.10 (/opt/ros/humble/share/ament_cmake/cmake)
[0.120s] -- Found sensor_msgs: 4.2.4 (/opt/ros/humble/share/sensor_msgs/cmake)
[0.133s] -- Found rosidl_generator_c: 3.1.5 (/opt/ros/humble/share/rosidl_generator_c/cmake)
[0.135s] -- Found rosidl_adapter: 3.1.5 (/opt/ros/humble/share/rosidl_adapter/cmake)
[0.138s] -- Found rosidl_generator_cpp: 3.1.5 (/opt/ros/humble/share/rosidl_generator_cpp/cmake)
[0.143s] -- Using all available rosidl_typesupport_c: rosidl_typesupport_fastrtps_c;rosidl_typesupport_introspection_c
[0.149s] -- Using all available rosidl_typesupport_cpp: rosidl_typesupport_fastrtps_cpp;rosidl_typesupport_introspection_cpp
[0.178s] -- Found rclcpp: 16.0.10 (/opt/ros/humble/share/rclcpp/cmake)
[0.191s] -- Found rmw_implementation_cmake: 6.1.2 (/opt/ros/humble/share/rmw_implementation_cmake/cmake)
[0.192s] -- Found rmw_fastrtps_cpp: 6.2.7 (/opt/ros/humble/share/rmw_fastrtps_cpp/cmake)
[0.251s] -- Using RMW implementation 'rmw_fastrtps_cpp' as default
[0.276s] -- Eigen found (include: /usr/include/eigen3, version: 3.4.0)
[0.295s] -- FLANN found (include: /usr/include, lib: /usr/lib/x86_64-linux-gnu/libflann_cpp.so)
[0.502s] -- OpenNI found (version: 1.5.4.0, include: /usr/include/ni, lib: /usr/lib/libOpenNI.so;libusb::libusb)
[0.507s] -- OpenNI2 found (version: 2.2.0.33, include: /usr/include/openni2, lib: /usr/lib/x86_64-linux-gnu/libOpenNI2.so;libusb::libusb)
[0.507s] [0m** WARNING ** io features related to pcap will be disabled[0m
[0.615s] -- Eigen found (include: /usr/include/eigen3, version: 3.4.0)
[0.620s] -- OpenNI found (version: 1.5.4.0, include: /usr/include/ni, lib: /usr/lib/libOpenNI.so;libusb::libusb)
[0.625s] -- OpenNI2 found (version: 2.2.0.33, include: /usr/include/openni2, lib: /usr/lib/x86_64-linux-gnu/libOpenNI2.so;libusb::libusb)
[0.740s] -- Found Qhull version 8.0.2
[0.834s] -- OpenNI found (version: 1.5.4.0, include: /usr/include/ni, lib: /usr/lib/libOpenNI.so;libusb::libusb)
[0.923s] -- looking for PCL_COMMON
[0.924s] -- looking for PCL_KDTREE
[0.924s] -- looking for PCL_OCTREE
[0.924s] -- looking for PCL_SEARCH
[0.924s] -- looking for PCL_SAMPLE_CONSENSUS
[0.924s] -- looking for PCL_FILTERS
[0.924s] -- looking for PCL_2D
[0.924s] -- looking for PCL_GEOMETRY
[0.925s] -- looking for PCL_IO
[0.925s] -- looking for PCL_FEATURES
[0.925s] -- looking for PCL_ML
[0.925s] -- looking for PCL_SEGMENTATION
[0.925s] -- looking for PCL_VISUALIZATION
[0.926s] -- looking for PCL_SURFACE
[0.926s] -- looking for PCL_REGISTRATION
[0.926s] -- looking for PCL_KEYPOINTS
[0.926s] -- looking for PCL_TRACKING
[0.926s] -- looking for PCL_RECOGNITION
[0.927s] -- looking for PCL_STEREO
[0.927s] -- looking for PCL_APPS
[0.927s] -- looking for PCL_IN_HAND_SCANNER
[0.928s] -- looking for PCL_MODELER
[0.928s] -- looking for PCL_POINT_CLOUD_EDITOR
[0.928s] -- looking for PCL_OUTOFCORE
[0.928s] -- looking for PCL_PEOPLE
[0.929s] -- Found pcl_conversions: 2.4.5 (/opt/ros/humble/share/pcl_conversions/cmake)
[0.942s] -- Found ament_lint_auto: 0.12.11 (/opt/ros/humble/share/ament_lint_auto/cmake)
[0.979s] -- Added test 'cppcheck' to perform static code analysis on C / C++ code
[0.980s] -- Configured cppcheck include dirs: /home/chen/华南虎视觉/考核项目/导航项目/测试项目/sphere_motion/pcl_ws/pcl_task/include
[0.980s] -- Configured cppcheck exclude dirs and/or files: 
[0.980s] -- Added test 'flake8' to check Python code syntax and style conventions
[0.980s] -- Added test 'lint_cmake' to check CMake code style
[0.980s] -- Added test 'pep257' to check Python code against some of the docstring style conventions in PEP 257
[0.980s] -- Added test 'uncrustify' to check C / C++ code style
[0.980s] -- Configured uncrustify additional arguments: 
[0.980s] -- Added test 'xmllint' to check XML markup files
[0.981s] -- Configuring done
[0.996s] -- Generating done
[0.997s] -- Build files have been written to: /home/chen/华南虎视觉/考核项目/导航项目/测试项目/sphere_motion/pcl_ws/build/pcl_task
[1.019s] [35m[1mConsolidate compiler generated dependencies of target PCD_Publisher[0m
[1.019s] [35m[1mConsolidate compiler generated dependencies of target ros2pcl_test_sub[0m
[1.036s] [ 50%] Built target PCD_Publisher
[1.037s] [ 75%] [32m[1mLinking CXX executable ros2pcl_test_sub[0m
[1.370s] [100%] Built target ros2pcl_test_sub
[1.379s] Invoked command in '/home/chen/华南虎视觉/考核项目/导航项目/测试项目/sphere_motion/pcl_ws/build/pcl_task' returned '0': CMAKE_PREFIX_PATH=${CMAKE_PREFIX_PATH}:/opt/ros/humble /usr/bin/cmake --build /home/chen/华南虎视觉/考核项目/导航项目/测试项目/sphere_motion/pcl_ws/build/pcl_task -- -j32 -l32
[1.425s] Invoking command in '/home/chen/华南虎视觉/考核项目/导航项目/测试项目/sphere_motion/pcl_ws/build/pcl_task': CMAKE_PREFIX_PATH=${CMAKE_PREFIX_PATH}:/opt/ros/humble /usr/bin/cmake --install /home/chen/华南虎视觉/考核项目/导航项目/测试项目/sphere_motion/pcl_ws/build/pcl_task
[1.432s] -- Install configuration: ""
[1.432s] -- Up-to-date: /home/chen/华南虎视觉/考核项目/导航项目/测试项目/sphere_motion/pcl_ws/install/pcl_task/lib/pcl_task/PCD_Publisher
[1.432s] -- Installing: /home/chen/华南虎视觉/考核项目/导航项目/测试项目/sphere_motion/pcl_ws/install/pcl_task/lib/pcl_task/ros2pcl_test_sub
[1.435s] -- Set runtime path of "/home/chen/华南虎视觉/考核项目/导航项目/测试项目/sphere_motion/pcl_ws/install/pcl_task/lib/pcl_task/ros2pcl_test_sub" to ""
[1.436s] -- Up-to-date: /home/chen/华南虎视觉/考核项目/导航项目/测试项目/sphere_motion/pcl_ws/install/pcl_task/share/pcl_task/launch
[1.436s] -- Up-to-date: /home/chen/华南虎视觉/考核项目/导航项目/测试项目/sphere_motion/pcl_ws/install/pcl_task/share/pcl_task/launch/PCD_Publisher.launch.py
[1.436s] -- Up-to-date: /home/chen/华南虎视觉/考核项目/导航项目/测试项目/sphere_motion/pcl_ws/install/pcl_task/share/ament_index/resource_index/package_run_dependencies/pcl_task
[1.436s] -- Up-to-date: /home/chen/华南虎视觉/考核项目/导航项目/测试项目/sphere_motion/pcl_ws/install/pcl_task/share/ament_index/resource_index/parent_prefix_path/pcl_task
[1.436s] -- Up-to-date: /home/chen/华南虎视觉/考核项目/导航项目/测试项目/sphere_motion/pcl_ws/install/pcl_task/share/pcl_task/environment/ament_prefix_path.sh
[1.437s] -- Installing: /home/chen/华南虎视觉/考核项目/导航项目/测试项目/sphere_motion/pcl_ws/install/pcl_task/share/pcl_task/environment/ament_prefix_path.dsv
[1.437s] -- Up-to-date: /home/chen/华南虎视觉/考核项目/导航项目/测试项目/sphere_motion/pcl_ws/install/pcl_task/share/pcl_task/environment/path.sh
[1.437s] -- Installing: /home/chen/华南虎视觉/考核项目/导航项目/测试项目/sphere_motion/pcl_ws/install/pcl_task/share/pcl_task/environment/path.dsv
[1.437s] -- Up-to-date: /home/chen/华南虎视觉/考核项目/导航项目/测试项目/sphere_motion/pcl_ws/install/pcl_task/share/pcl_task/local_setup.bash
[1.437s] -- Up-to-date: /home/chen/华南虎视觉/考核项目/导航项目/测试项目/sphere_motion/pcl_ws/install/pcl_task/share/pcl_task/local_setup.sh
[1.437s] -- Up-to-date: /home/chen/华南虎视觉/考核项目/导航项目/测试项目/sphere_motion/pcl_ws/install/pcl_task/share/pcl_task/local_setup.zsh
[1.437s] -- Installing: /home/chen/华南虎视觉/考核项目/导航项目/测试项目/sphere_motion/pcl_ws/install/pcl_task/share/pcl_task/local_setup.dsv
[1.437s] -- Installing: /home/chen/华南虎视觉/考核项目/导航项目/测试项目/sphere_motion/pcl_ws/install/pcl_task/share/pcl_task/package.dsv
[1.437s] -- Up-to-date: /home/chen/华南虎视觉/考核项目/导航项目/测试项目/sphere_motion/pcl_ws/install/pcl_task/share/ament_index/resource_index/packages/pcl_task
[1.437s] -- Up-to-date: /home/chen/华南虎视觉/考核项目/导航项目/测试项目/sphere_motion/pcl_ws/install/pcl_task/share/pcl_task/cmake/ament_cmake_export_include_directories-extras.cmake
[1.437s] -- Up-to-date: /home/chen/华南虎视觉/考核项目/导航项目/测试项目/sphere_motion/pcl_ws/install/pcl_task/share/pcl_task/cmake/pcl_taskConfig.cmake
[1.437s] -- Up-to-date: /home/chen/华南虎视觉/考核项目/导航项目/测试项目/sphere_motion/pcl_ws/install/pcl_task/share/pcl_task/cmake/pcl_taskConfig-version.cmake
[1.437s] -- Up-to-date: /home/chen/华南虎视觉/考核项目/导航项目/测试项目/sphere_motion/pcl_ws/install/pcl_task/share/pcl_task/package.xml
[1.439s] Invoked command in '/home/chen/华南虎视觉/考核项目/导航项目/测试项目/sphere_motion/pcl_ws/build/pcl_task' returned '0': CMAKE_PREFIX_PATH=${CMAKE_PREFIX_PATH}:/opt/ros/humble /usr/bin/cmake --install /home/chen/华南虎视觉/考核项目/导航项目/测试项目/sphere_motion/pcl_ws/build/pcl_task
