[0.054s] DEBUG:colcon:Command line arguments: ['/usr/bin/colcon', 'build']
[0.054s] DEBUG:colcon:Parsed command line arguments: Namespace(log_base=None, log_level=None, verb_name='build', build_base='build', install_base='install', merge_install=False, symlink_install=False, test_result_base=None, continue_on_error=False, executor='parallel', parallel_workers=32, event_handlers=None, ignore_user_meta=False, metas=['./colcon.meta'], base_paths=['.'], packages_ignore=None, packages_ignore_regex=None, paths=None, packages_up_to=None, packages_up_to_regex=None, packages_above=None, packages_above_and_dependencies=None, packages_above_depth=None, packages_select_by_dep=None, packages_skip_by_dep=None, packages_skip_up_to=None, packages_select_build_failed=False, packages_skip_build_finished=False, packages_select_test_failures=False, packages_skip_test_passed=False, packages_select=None, packages_skip=None, packages_select_regex=None, packages_skip_regex=None, packages_start=None, packages_end=None, allow_overriding=[], cmake_args=None, cmake_target=None, cmake_target_skip_unavailable=False, cmake_clean_cache=False, cmake_clean_first=False, cmake_force_configure=False, ament_cmake_args=None, catkin_cmake_args=None, catkin_skip_building_tests=False, verb_parser=<colcon_defaults.argument_parser.defaults.DefaultArgumentsDecorator object at 0x71f97004c820>, verb_extension=<colcon_core.verb.build.BuildVerb object at 0x71f97004c3d0>, main=<bound method BuildVerb.main of <colcon_core.verb.build.BuildVerb object at 0x71f97004c3d0>>)
[0.134s] Level 1:colcon.colcon_core.package_discovery:discover_packages(colcon_meta) check parameters
[0.134s] Level 1:colcon.colcon_core.package_discovery:discover_packages(recursive) check parameters
[0.134s] Level 1:colcon.colcon_core.package_discovery:discover_packages(ignore) check parameters
[0.134s] Level 1:colcon.colcon_core.package_discovery:discover_packages(path) check parameters
[0.134s] Level 1:colcon.colcon_core.package_discovery:discover_packages(colcon_meta) discover
[0.134s] Level 1:colcon.colcon_core.package_discovery:discover_packages(recursive) discover
[0.134s] INFO:colcon.colcon_core.package_discovery:Crawling recursively for packages in '/home/chen/华南虎视觉/考核项目/导航项目/基本项目/base_ws'
[0.134s] Level 1:colcon.colcon_core.package_identification:_identify(.) by extensions ['ignore', 'ignore_ament_install']
[0.134s] Level 1:colcon.colcon_core.package_identification:_identify(.) by extension 'ignore'
[0.134s] Level 1:colcon.colcon_core.package_identification:_identify(.) by extension 'ignore_ament_install'
[0.134s] Level 1:colcon.colcon_core.package_identification:_identify(.) by extensions ['colcon_pkg']
[0.134s] Level 1:colcon.colcon_core.package_identification:_identify(.) by extension 'colcon_pkg'
[0.134s] Level 1:colcon.colcon_core.package_identification:_identify(.) by extensions ['colcon_meta']
[0.134s] Level 1:colcon.colcon_core.package_identification:_identify(.) by extension 'colcon_meta'
[0.134s] Level 1:colcon.colcon_core.package_identification:_identify(.) by extensions ['ros']
[0.134s] Level 1:colcon.colcon_core.package_identification:_identify(.) by extension 'ros'
[0.140s] Level 1:colcon.colcon_core.package_identification:_identify(.) by extensions ['cmake', 'python']
[0.140s] Level 1:colcon.colcon_core.package_identification:_identify(.) by extension 'cmake'
[0.140s] Level 1:colcon.colcon_core.package_identification:_identify(.) by extension 'python'
[0.140s] Level 1:colcon.colcon_core.package_identification:_identify(.) by extensions ['python_setup_py']
[0.140s] Level 1:colcon.colcon_core.package_identification:_identify(.) by extension 'python_setup_py'
[0.141s] Level 1:colcon.colcon_core.package_identification:_identify(build) by extensions ['ignore', 'ignore_ament_install']
[0.141s] Level 1:colcon.colcon_core.package_identification:_identify(build) by extension 'ignore'
[0.141s] Level 1:colcon.colcon_core.package_identification:_identify(build) ignored
[0.141s] Level 1:colcon.colcon_core.package_identification:_identify(install) by extensions ['ignore', 'ignore_ament_install']
[0.141s] Level 1:colcon.colcon_core.package_identification:_identify(install) by extension 'ignore'
[0.141s] Level 1:colcon.colcon_core.package_identification:_identify(install) ignored
[0.141s] Level 1:colcon.colcon_core.package_identification:_identify(log) by extensions ['ignore', 'ignore_ament_install']
[0.141s] Level 1:colcon.colcon_core.package_identification:_identify(log) by extension 'ignore'
[0.141s] Level 1:colcon.colcon_core.package_identification:_identify(log) ignored
[0.141s] Level 1:colcon.colcon_core.package_identification:_identify(src) by extensions ['ignore', 'ignore_ament_install']
[0.141s] Level 1:colcon.colcon_core.package_identification:_identify(src) by extension 'ignore'
[0.141s] Level 1:colcon.colcon_core.package_identification:_identify(src) by extension 'ignore_ament_install'
[0.141s] Level 1:colcon.colcon_core.package_identification:_identify(src) by extensions ['colcon_pkg']
[0.141s] Level 1:colcon.colcon_core.package_identification:_identify(src) by extension 'colcon_pkg'
[0.141s] Level 1:colcon.colcon_core.package_identification:_identify(src) by extensions ['colcon_meta']
[0.141s] Level 1:colcon.colcon_core.package_identification:_identify(src) by extension 'colcon_meta'
[0.141s] Level 1:colcon.colcon_core.package_identification:_identify(src) by extensions ['ros']
[0.141s] Level 1:colcon.colcon_core.package_identification:_identify(src) by extension 'ros'
[0.141s] Level 1:colcon.colcon_core.package_identification:_identify(src) by extensions ['cmake', 'python']
[0.141s] Level 1:colcon.colcon_core.package_identification:_identify(src) by extension 'cmake'
[0.141s] Level 1:colcon.colcon_core.package_identification:_identify(src) by extension 'python'
[0.141s] Level 1:colcon.colcon_core.package_identification:_identify(src) by extensions ['python_setup_py']
[0.141s] Level 1:colcon.colcon_core.package_identification:_identify(src) by extension 'python_setup_py'
[0.141s] Level 1:colcon.colcon_core.package_identification:_identify(src/my_car) by extensions ['ignore', 'ignore_ament_install']
[0.141s] Level 1:colcon.colcon_core.package_identification:_identify(src/my_car) by extension 'ignore'
[0.141s] Level 1:colcon.colcon_core.package_identification:_identify(src/my_car) by extension 'ignore_ament_install'
[0.141s] Level 1:colcon.colcon_core.package_identification:_identify(src/my_car) by extensions ['colcon_pkg']
[0.141s] Level 1:colcon.colcon_core.package_identification:_identify(src/my_car) by extension 'colcon_pkg'
[0.141s] Level 1:colcon.colcon_core.package_identification:_identify(src/my_car) by extensions ['colcon_meta']
[0.141s] Level 1:colcon.colcon_core.package_identification:_identify(src/my_car) by extension 'colcon_meta'
[0.141s] Level 1:colcon.colcon_core.package_identification:_identify(src/my_car) by extensions ['ros']
[0.141s] Level 1:colcon.colcon_core.package_identification:_identify(src/my_car) by extension 'ros'
[0.143s] DEBUG:colcon.colcon_core.package_identification:Package 'src/my_car' with type 'ros.ament_cmake' and name 'my_car'
[0.143s] Level 1:colcon.colcon_core.package_identification:_identify(src/velodyne_simulator) by extensions ['ignore', 'ignore_ament_install']
[0.143s] Level 1:colcon.colcon_core.package_identification:_identify(src/velodyne_simulator) by extension 'ignore'
[0.143s] Level 1:colcon.colcon_core.package_identification:_identify(src/velodyne_simulator) by extension 'ignore_ament_install'
[0.143s] Level 1:colcon.colcon_core.package_identification:_identify(src/velodyne_simulator) by extensions ['colcon_pkg']
[0.143s] Level 1:colcon.colcon_core.package_identification:_identify(src/velodyne_simulator) by extension 'colcon_pkg'
[0.143s] Level 1:colcon.colcon_core.package_identification:_identify(src/velodyne_simulator) by extensions ['colcon_meta']
[0.143s] Level 1:colcon.colcon_core.package_identification:_identify(src/velodyne_simulator) by extension 'colcon_meta'
[0.143s] Level 1:colcon.colcon_core.package_identification:_identify(src/velodyne_simulator) by extensions ['ros']
[0.143s] Level 1:colcon.colcon_core.package_identification:_identify(src/velodyne_simulator) by extension 'ros'
[0.143s] Level 1:colcon.colcon_core.package_identification:_identify(src/velodyne_simulator) by extensions ['cmake', 'python']
[0.143s] Level 1:colcon.colcon_core.package_identification:_identify(src/velodyne_simulator) by extension 'cmake'
[0.143s] Level 1:colcon.colcon_core.package_identification:_identify(src/velodyne_simulator) by extension 'python'
[0.143s] Level 1:colcon.colcon_core.package_identification:_identify(src/velodyne_simulator) by extensions ['python_setup_py']
[0.143s] Level 1:colcon.colcon_core.package_identification:_identify(src/velodyne_simulator) by extension 'python_setup_py'
[0.143s] Level 1:colcon.colcon_core.package_identification:_identify(src/velodyne_simulator/img) by extensions ['ignore', 'ignore_ament_install']
[0.143s] Level 1:colcon.colcon_core.package_identification:_identify(src/velodyne_simulator/img) by extension 'ignore'
[0.143s] Level 1:colcon.colcon_core.package_identification:_identify(src/velodyne_simulator/img) by extension 'ignore_ament_install'
[0.143s] Level 1:colcon.colcon_core.package_identification:_identify(src/velodyne_simulator/img) by extensions ['colcon_pkg']
[0.143s] Level 1:colcon.colcon_core.package_identification:_identify(src/velodyne_simulator/img) by extension 'colcon_pkg'
[0.143s] Level 1:colcon.colcon_core.package_identification:_identify(src/velodyne_simulator/img) by extensions ['colcon_meta']
[0.143s] Level 1:colcon.colcon_core.package_identification:_identify(src/velodyne_simulator/img) by extension 'colcon_meta'
[0.143s] Level 1:colcon.colcon_core.package_identification:_identify(src/velodyne_simulator/img) by extensions ['ros']
[0.143s] Level 1:colcon.colcon_core.package_identification:_identify(src/velodyne_simulator/img) by extension 'ros'
[0.143s] Level 1:colcon.colcon_core.package_identification:_identify(src/velodyne_simulator/img) by extensions ['cmake', 'python']
[0.143s] Level 1:colcon.colcon_core.package_identification:_identify(src/velodyne_simulator/img) by extension 'cmake'
[0.143s] Level 1:colcon.colcon_core.package_identification:_identify(src/velodyne_simulator/img) by extension 'python'
[0.143s] Level 1:colcon.colcon_core.package_identification:_identify(src/velodyne_simulator/img) by extensions ['python_setup_py']
[0.143s] Level 1:colcon.colcon_core.package_identification:_identify(src/velodyne_simulator/img) by extension 'python_setup_py'
[0.143s] Level 1:colcon.colcon_core.package_identification:_identify(src/velodyne_simulator/velodyne_description) by extensions ['ignore', 'ignore_ament_install']
[0.143s] Level 1:colcon.colcon_core.package_identification:_identify(src/velodyne_simulator/velodyne_description) by extension 'ignore'
[0.143s] Level 1:colcon.colcon_core.package_identification:_identify(src/velodyne_simulator/velodyne_description) by extension 'ignore_ament_install'
[0.143s] Level 1:colcon.colcon_core.package_identification:_identify(src/velodyne_simulator/velodyne_description) by extensions ['colcon_pkg']
[0.143s] Level 1:colcon.colcon_core.package_identification:_identify(src/velodyne_simulator/velodyne_description) by extension 'colcon_pkg'
[0.143s] Level 1:colcon.colcon_core.package_identification:_identify(src/velodyne_simulator/velodyne_description) by extensions ['colcon_meta']
[0.143s] Level 1:colcon.colcon_core.package_identification:_identify(src/velodyne_simulator/velodyne_description) by extension 'colcon_meta'
[0.144s] Level 1:colcon.colcon_core.package_identification:_identify(src/velodyne_simulator/velodyne_description) by extensions ['ros']
[0.144s] Level 1:colcon.colcon_core.package_identification:_identify(src/velodyne_simulator/velodyne_description) by extension 'ros'
[0.144s] DEBUG:colcon.colcon_core.package_identification:Package 'src/velodyne_simulator/velodyne_description' with type 'ros.ament_cmake' and name 'velodyne_description'
[0.144s] Level 1:colcon.colcon_core.package_identification:_identify(src/velodyne_simulator/velodyne_gazebo_plugins) by extensions ['ignore', 'ignore_ament_install']
[0.144s] Level 1:colcon.colcon_core.package_identification:_identify(src/velodyne_simulator/velodyne_gazebo_plugins) by extension 'ignore'
[0.144s] Level 1:colcon.colcon_core.package_identification:_identify(src/velodyne_simulator/velodyne_gazebo_plugins) by extension 'ignore_ament_install'
[0.144s] Level 1:colcon.colcon_core.package_identification:_identify(src/velodyne_simulator/velodyne_gazebo_plugins) by extensions ['colcon_pkg']
[0.144s] Level 1:colcon.colcon_core.package_identification:_identify(src/velodyne_simulator/velodyne_gazebo_plugins) by extension 'colcon_pkg'
[0.144s] Level 1:colcon.colcon_core.package_identification:_identify(src/velodyne_simulator/velodyne_gazebo_plugins) by extensions ['colcon_meta']
[0.144s] Level 1:colcon.colcon_core.package_identification:_identify(src/velodyne_simulator/velodyne_gazebo_plugins) by extension 'colcon_meta'
[0.144s] Level 1:colcon.colcon_core.package_identification:_identify(src/velodyne_simulator/velodyne_gazebo_plugins) by extensions ['ros']
[0.144s] Level 1:colcon.colcon_core.package_identification:_identify(src/velodyne_simulator/velodyne_gazebo_plugins) by extension 'ros'
[0.144s] DEBUG:colcon.colcon_core.package_identification:Package 'src/velodyne_simulator/velodyne_gazebo_plugins' with type 'ros.ament_cmake' and name 'velodyne_gazebo_plugins'
[0.145s] Level 1:colcon.colcon_core.package_identification:_identify(src/velodyne_simulator/velodyne_simulator) by extensions ['ignore', 'ignore_ament_install']
[0.145s] Level 1:colcon.colcon_core.package_identification:_identify(src/velodyne_simulator/velodyne_simulator) by extension 'ignore'
[0.145s] Level 1:colcon.colcon_core.package_identification:_identify(src/velodyne_simulator/velodyne_simulator) by extension 'ignore_ament_install'
[0.145s] Level 1:colcon.colcon_core.package_identification:_identify(src/velodyne_simulator/velodyne_simulator) by extensions ['colcon_pkg']
[0.145s] Level 1:colcon.colcon_core.package_identification:_identify(src/velodyne_simulator/velodyne_simulator) by extension 'colcon_pkg'
[0.145s] Level 1:colcon.colcon_core.package_identification:_identify(src/velodyne_simulator/velodyne_simulator) by extensions ['colcon_meta']
[0.145s] Level 1:colcon.colcon_core.package_identification:_identify(src/velodyne_simulator/velodyne_simulator) by extension 'colcon_meta'
[0.145s] Level 1:colcon.colcon_core.package_identification:_identify(src/velodyne_simulator/velodyne_simulator) by extensions ['ros']
[0.145s] Level 1:colcon.colcon_core.package_identification:_identify(src/velodyne_simulator/velodyne_simulator) by extension 'ros'
[0.145s] DEBUG:colcon.colcon_core.package_identification:Package 'src/velodyne_simulator/velodyne_simulator' with type 'ros.ament_cmake' and name 'velodyne_simulator'
[0.145s] Level 1:colcon.colcon_core.package_discovery:discover_packages(recursive) using defaults
[0.145s] Level 1:colcon.colcon_core.package_discovery:discover_packages(ignore) discover
[0.145s] Level 1:colcon.colcon_core.package_discovery:discover_packages(ignore) using defaults
[0.145s] Level 1:colcon.colcon_core.package_discovery:discover_packages(path) discover
[0.145s] Level 1:colcon.colcon_core.package_discovery:discover_packages(path) using defaults
[0.155s] Level 1:colcon.colcon_core.package_discovery:discover_packages(prefix_path) check parameters
[0.156s] Level 1:colcon.colcon_core.package_discovery:discover_packages(prefix_path) discover
[0.156s] WARNING:colcon.colcon_ros.prefix_path.ament:The path '/home/chen/华南虎视觉/考核项目/导航项目/基本项目/base_ws/install/velodyne_simulator' in the environment variable AMENT_PREFIX_PATH doesn't exist
[0.156s] WARNING:colcon.colcon_ros.prefix_path.ament:The path '/home/chen/华南虎视觉/考核项目/导航项目/基本项目/base_ws/install/velodyne_gazebo_plugins' in the environment variable AMENT_PREFIX_PATH doesn't exist
[0.156s] WARNING:colcon.colcon_ros.prefix_path.ament:The path '/home/chen/华南虎视觉/考核项目/导航项目/基本项目/base_ws/install/velodyne_description' in the environment variable AMENT_PREFIX_PATH doesn't exist
[0.156s] WARNING:colcon.colcon_ros.prefix_path.ament:The path '/home/chen/华南虎视觉/考核项目/导航项目/基本项目/base_ws/install/my_car' in the environment variable AMENT_PREFIX_PATH doesn't exist
[0.156s] WARNING:colcon.colcon_ros.prefix_path.catkin:The path '/home/chen/华南虎视觉/考核项目/导航项目/基本项目/base_ws/install/velodyne_simulator' in the environment variable CMAKE_PREFIX_PATH doesn't exist
[0.156s] WARNING:colcon.colcon_ros.prefix_path.catkin:The path '/home/chen/华南虎视觉/考核项目/导航项目/基本项目/base_ws/install/velodyne_gazebo_plugins' in the environment variable CMAKE_PREFIX_PATH doesn't exist
[0.156s] WARNING:colcon.colcon_ros.prefix_path.catkin:The path '/home/chen/华南虎视觉/考核项目/导航项目/基本项目/base_ws/install/velodyne_description' in the environment variable CMAKE_PREFIX_PATH doesn't exist
[0.156s] WARNING:colcon.colcon_ros.prefix_path.catkin:The path '/home/chen/华南虎视觉/考核项目/导航项目/基本项目/base_ws/install/my_car' in the environment variable CMAKE_PREFIX_PATH doesn't exist
[0.156s] DEBUG:colcon.colcon_installed_package_information.package_discovery:Found 0 installed packages in /home/chen/华南虎视觉/考核项目/导航项目/基本项目/base_ws/install
[0.157s] DEBUG:colcon.colcon_installed_package_information.package_discovery:Found 342 installed packages in /opt/ros/humble
[0.163s] Level 1:colcon.colcon_core.package_discovery:discover_packages(prefix_path) using defaults
[0.184s] Level 5:colcon.colcon_core.verb:set package 'my_car' build argument 'cmake_args' from command line to 'None'
[0.184s] Level 5:colcon.colcon_core.verb:set package 'my_car' build argument 'cmake_target' from command line to 'None'
[0.184s] Level 5:colcon.colcon_core.verb:set package 'my_car' build argument 'cmake_target_skip_unavailable' from command line to 'False'
[0.184s] Level 5:colcon.colcon_core.verb:set package 'my_car' build argument 'cmake_clean_cache' from command line to 'False'
[0.184s] Level 5:colcon.colcon_core.verb:set package 'my_car' build argument 'cmake_clean_first' from command line to 'False'
[0.184s] Level 5:colcon.colcon_core.verb:set package 'my_car' build argument 'cmake_force_configure' from command line to 'False'
[0.184s] Level 5:colcon.colcon_core.verb:set package 'my_car' build argument 'ament_cmake_args' from command line to 'None'
[0.184s] Level 5:colcon.colcon_core.verb:set package 'my_car' build argument 'catkin_cmake_args' from command line to 'None'
[0.184s] Level 5:colcon.colcon_core.verb:set package 'my_car' build argument 'catkin_skip_building_tests' from command line to 'False'
[0.184s] DEBUG:colcon.colcon_core.verb:Building package 'my_car' with the following arguments: {'ament_cmake_args': None, 'build_base': '/home/chen/华南虎视觉/考核项目/导航项目/基本项目/base_ws/build/my_car', 'catkin_cmake_args': None, 'catkin_skip_building_tests': False, 'cmake_args': None, 'cmake_clean_cache': False, 'cmake_clean_first': False, 'cmake_force_configure': False, 'cmake_target': None, 'cmake_target_skip_unavailable': False, 'install_base': '/home/chen/华南虎视觉/考核项目/导航项目/基本项目/base_ws/install/my_car', 'merge_install': False, 'path': '/home/chen/华南虎视觉/考核项目/导航项目/基本项目/base_ws/src/my_car', 'symlink_install': False, 'test_result_base': None}
[0.184s] Level 5:colcon.colcon_core.verb:set package 'velodyne_description' build argument 'cmake_args' from command line to 'None'
[0.184s] Level 5:colcon.colcon_core.verb:set package 'velodyne_description' build argument 'cmake_target' from command line to 'None'
[0.184s] Level 5:colcon.colcon_core.verb:set package 'velodyne_description' build argument 'cmake_target_skip_unavailable' from command line to 'False'
[0.184s] Level 5:colcon.colcon_core.verb:set package 'velodyne_description' build argument 'cmake_clean_cache' from command line to 'False'
[0.184s] Level 5:colcon.colcon_core.verb:set package 'velodyne_description' build argument 'cmake_clean_first' from command line to 'False'
[0.184s] Level 5:colcon.colcon_core.verb:set package 'velodyne_description' build argument 'cmake_force_configure' from command line to 'False'
[0.184s] Level 5:colcon.colcon_core.verb:set package 'velodyne_description' build argument 'ament_cmake_args' from command line to 'None'
[0.184s] Level 5:colcon.colcon_core.verb:set package 'velodyne_description' build argument 'catkin_cmake_args' from command line to 'None'
[0.184s] Level 5:colcon.colcon_core.verb:set package 'velodyne_description' build argument 'catkin_skip_building_tests' from command line to 'False'
[0.184s] DEBUG:colcon.colcon_core.verb:Building package 'velodyne_description' with the following arguments: {'ament_cmake_args': None, 'build_base': '/home/chen/华南虎视觉/考核项目/导航项目/基本项目/base_ws/build/velodyne_description', 'catkin_cmake_args': None, 'catkin_skip_building_tests': False, 'cmake_args': None, 'cmake_clean_cache': False, 'cmake_clean_first': False, 'cmake_force_configure': False, 'cmake_target': None, 'cmake_target_skip_unavailable': False, 'install_base': '/home/chen/华南虎视觉/考核项目/导航项目/基本项目/base_ws/install/velodyne_description', 'merge_install': False, 'path': '/home/chen/华南虎视觉/考核项目/导航项目/基本项目/base_ws/src/velodyne_simulator/velodyne_description', 'symlink_install': False, 'test_result_base': None}
[0.184s] Level 5:colcon.colcon_core.verb:set package 'velodyne_gazebo_plugins' build argument 'cmake_args' from command line to 'None'
[0.184s] Level 5:colcon.colcon_core.verb:set package 'velodyne_gazebo_plugins' build argument 'cmake_target' from command line to 'None'
[0.184s] Level 5:colcon.colcon_core.verb:set package 'velodyne_gazebo_plugins' build argument 'cmake_target_skip_unavailable' from command line to 'False'
[0.184s] Level 5:colcon.colcon_core.verb:set package 'velodyne_gazebo_plugins' build argument 'cmake_clean_cache' from command line to 'False'
[0.184s] Level 5:colcon.colcon_core.verb:set package 'velodyne_gazebo_plugins' build argument 'cmake_clean_first' from command line to 'False'
[0.184s] Level 5:colcon.colcon_core.verb:set package 'velodyne_gazebo_plugins' build argument 'cmake_force_configure' from command line to 'False'
[0.184s] Level 5:colcon.colcon_core.verb:set package 'velodyne_gazebo_plugins' build argument 'ament_cmake_args' from command line to 'None'
[0.184s] Level 5:colcon.colcon_core.verb:set package 'velodyne_gazebo_plugins' build argument 'catkin_cmake_args' from command line to 'None'
[0.184s] Level 5:colcon.colcon_core.verb:set package 'velodyne_gazebo_plugins' build argument 'catkin_skip_building_tests' from command line to 'False'
[0.184s] DEBUG:colcon.colcon_core.verb:Building package 'velodyne_gazebo_plugins' with the following arguments: {'ament_cmake_args': None, 'build_base': '/home/chen/华南虎视觉/考核项目/导航项目/基本项目/base_ws/build/velodyne_gazebo_plugins', 'catkin_cmake_args': None, 'catkin_skip_building_tests': False, 'cmake_args': None, 'cmake_clean_cache': False, 'cmake_clean_first': False, 'cmake_force_configure': False, 'cmake_target': None, 'cmake_target_skip_unavailable': False, 'install_base': '/home/chen/华南虎视觉/考核项目/导航项目/基本项目/base_ws/install/velodyne_gazebo_plugins', 'merge_install': False, 'path': '/home/chen/华南虎视觉/考核项目/导航项目/基本项目/base_ws/src/velodyne_simulator/velodyne_gazebo_plugins', 'symlink_install': False, 'test_result_base': None}
[0.185s] Level 5:colcon.colcon_core.verb:set package 'velodyne_simulator' build argument 'cmake_args' from command line to 'None'
[0.185s] Level 5:colcon.colcon_core.verb:set package 'velodyne_simulator' build argument 'cmake_target' from command line to 'None'
[0.185s] Level 5:colcon.colcon_core.verb:set package 'velodyne_simulator' build argument 'cmake_target_skip_unavailable' from command line to 'False'
[0.185s] Level 5:colcon.colcon_core.verb:set package 'velodyne_simulator' build argument 'cmake_clean_cache' from command line to 'False'
[0.185s] Level 5:colcon.colcon_core.verb:set package 'velodyne_simulator' build argument 'cmake_clean_first' from command line to 'False'
[0.185s] Level 5:colcon.colcon_core.verb:set package 'velodyne_simulator' build argument 'cmake_force_configure' from command line to 'False'
[0.185s] Level 5:colcon.colcon_core.verb:set package 'velodyne_simulator' build argument 'ament_cmake_args' from command line to 'None'
[0.185s] Level 5:colcon.colcon_core.verb:set package 'velodyne_simulator' build argument 'catkin_cmake_args' from command line to 'None'
[0.185s] Level 5:colcon.colcon_core.verb:set package 'velodyne_simulator' build argument 'catkin_skip_building_tests' from command line to 'False'
[0.185s] DEBUG:colcon.colcon_core.verb:Building package 'velodyne_simulator' with the following arguments: {'ament_cmake_args': None, 'build_base': '/home/chen/华南虎视觉/考核项目/导航项目/基本项目/base_ws/build/velodyne_simulator', 'catkin_cmake_args': None, 'catkin_skip_building_tests': False, 'cmake_args': None, 'cmake_clean_cache': False, 'cmake_clean_first': False, 'cmake_force_configure': False, 'cmake_target': None, 'cmake_target_skip_unavailable': False, 'install_base': '/home/chen/华南虎视觉/考核项目/导航项目/基本项目/base_ws/install/velodyne_simulator', 'merge_install': False, 'path': '/home/chen/华南虎视觉/考核项目/导航项目/基本项目/base_ws/src/velodyne_simulator/velodyne_simulator', 'symlink_install': False, 'test_result_base': None}
[0.185s] INFO:colcon.colcon_core.executor:Executing jobs using 'parallel' executor
[0.185s] DEBUG:colcon.colcon_parallel_executor.executor.parallel:run_until_complete
[0.185s] INFO:colcon.colcon_ros.task.ament_cmake.build:Building ROS package in '/home/chen/华南虎视觉/考核项目/导航项目/基本项目/base_ws/src/velodyne_simulator/velodyne_description' with build type 'ament_cmake'
[0.186s] INFO:colcon.colcon_cmake.task.cmake.build:Building CMake package in '/home/chen/华南虎视觉/考核项目/导航项目/基本项目/base_ws/src/velodyne_simulator/velodyne_description'
[0.187s] INFO:colcon.colcon_core.plugin_system:Skipping extension 'colcon_core.shell.bat': Not used on non-Windows systems
[0.187s] INFO:colcon.colcon_core.shell:Skip shell extension 'powershell' for command environment: Not usable outside of PowerShell
[0.187s] DEBUG:colcon.colcon_core.shell:Skip shell extension 'dsv' for command environment
[0.189s] INFO:colcon.colcon_ros.task.ament_cmake.build:Building ROS package in '/home/chen/华南虎视觉/考核项目/导航项目/基本项目/base_ws/src/velodyne_simulator/velodyne_gazebo_plugins' with build type 'ament_cmake'
[0.189s] INFO:colcon.colcon_cmake.task.cmake.build:Building CMake package in '/home/chen/华南虎视觉/考核项目/导航项目/基本项目/base_ws/src/velodyne_simulator/velodyne_gazebo_plugins'
[0.189s] INFO:colcon.colcon_core.shell:Skip shell extension 'powershell' for command environment: Not usable outside of PowerShell
[0.189s] DEBUG:colcon.colcon_core.shell:Skip shell extension 'dsv' for command environment
[0.190s] INFO:colcon.colcon_ros.task.ament_cmake.build:Building ROS package in '/home/chen/华南虎视觉/考核项目/导航项目/基本项目/base_ws/src/my_car' with build type 'ament_cmake'
[0.190s] INFO:colcon.colcon_cmake.task.cmake.build:Building CMake package in '/home/chen/华南虎视觉/考核项目/导航项目/基本项目/base_ws/src/my_car'
[0.190s] INFO:colcon.colcon_core.shell:Skip shell extension 'powershell' for command environment: Not usable outside of PowerShell
[0.190s] DEBUG:colcon.colcon_core.shell:Skip shell extension 'dsv' for command environment
[0.195s] DEBUG:colcon.colcon_core.event_handler.log_command:Invoking command in '/home/chen/华南虎视觉/考核项目/导航项目/基本项目/base_ws/build/velodyne_description': CMAKE_PREFIX_PATH=${CMAKE_PREFIX_PATH}:/opt/ros/humble /usr/bin/cmake /home/chen/华南虎视觉/考核项目/导航项目/基本项目/base_ws/src/velodyne_simulator/velodyne_description -DCMAKE_INSTALL_PREFIX=/home/chen/华南虎视觉/考核项目/导航项目/基本项目/base_ws/install/velodyne_description
[0.195s] DEBUG:colcon.colcon_core.event_handler.log_command:Invoking command in '/home/chen/华南虎视觉/考核项目/导航项目/基本项目/base_ws/build/velodyne_gazebo_plugins': CMAKE_PREFIX_PATH=${CMAKE_PREFIX_PATH}:/opt/ros/humble /usr/bin/cmake /home/chen/华南虎视觉/考核项目/导航项目/基本项目/base_ws/src/velodyne_simulator/velodyne_gazebo_plugins -DCMAKE_INSTALL_PREFIX=/home/chen/华南虎视觉/考核项目/导航项目/基本项目/base_ws/install/velodyne_gazebo_plugins
[0.197s] DEBUG:colcon.colcon_core.event_handler.log_command:Invoking command in '/home/chen/华南虎视觉/考核项目/导航项目/基本项目/base_ws/build/my_car': CMAKE_PREFIX_PATH=${CMAKE_PREFIX_PATH}:/opt/ros/humble /usr/bin/cmake /home/chen/华南虎视觉/考核项目/导航项目/基本项目/base_ws/src/my_car -DCMAKE_INSTALL_PREFIX=/home/chen/华南虎视觉/考核项目/导航项目/基本项目/base_ws/install/my_car
[0.616s] DEBUG:colcon.colcon_core.event_handler.log_command:Invoked command in '/home/chen/华南虎视觉/考核项目/导航项目/基本项目/base_ws/build/velodyne_description' returned '0': CMAKE_PREFIX_PATH=${CMAKE_PREFIX_PATH}:/opt/ros/humble /usr/bin/cmake /home/chen/华南虎视觉/考核项目/导航项目/基本项目/base_ws/src/velodyne_simulator/velodyne_description -DCMAKE_INSTALL_PREFIX=/home/chen/华南虎视觉/考核项目/导航项目/基本项目/base_ws/install/velodyne_description
[0.616s] DEBUG:colcon.colcon_core.event_handler.log_command:Invoking command in '/home/chen/华南虎视觉/考核项目/导航项目/基本项目/base_ws/build/velodyne_description': CMAKE_PREFIX_PATH=${CMAKE_PREFIX_PATH}:/opt/ros/humble /usr/bin/cmake --build /home/chen/华南虎视觉/考核项目/导航项目/基本项目/base_ws/build/velodyne_description -- -j32 -l32
[0.643s] DEBUG:colcon.colcon_core.event_handler.log_command:Invoked command in '/home/chen/华南虎视觉/考核项目/导航项目/基本项目/base_ws/build/velodyne_description' returned '0': CMAKE_PREFIX_PATH=${CMAKE_PREFIX_PATH}:/opt/ros/humble /usr/bin/cmake --build /home/chen/华南虎视觉/考核项目/导航项目/基本项目/base_ws/build/velodyne_description -- -j32 -l32
[0.665s] DEBUG:colcon.colcon_core.event_handler.log_command:Invoking command in '/home/chen/华南虎视觉/考核项目/导航项目/基本项目/base_ws/build/velodyne_description': CMAKE_PREFIX_PATH=${CMAKE_PREFIX_PATH}:/opt/ros/humble /usr/bin/cmake --install /home/chen/华南虎视觉/考核项目/导航项目/基本项目/base_ws/build/velodyne_description
[0.677s] Level 1:colcon.colcon_core.environment:create_environment_scripts_only(velodyne_description)
[0.678s] DEBUG:colcon.colcon_core.event_handler.log_command:Invoked command in '/home/chen/华南虎视觉/考核项目/导航项目/基本项目/base_ws/build/velodyne_description' returned '0': CMAKE_PREFIX_PATH=${CMAKE_PREFIX_PATH}:/opt/ros/humble /usr/bin/cmake --install /home/chen/华南虎视觉/考核项目/导航项目/基本项目/base_ws/build/velodyne_description
[0.680s] Level 1:colcon.colcon_core.environment:checking '/home/chen/华南虎视觉/考核项目/导航项目/基本项目/base_ws/install/velodyne_description' for CMake module files
[0.681s] Level 1:colcon.colcon_core.environment:checking '/home/chen/华南虎视觉/考核项目/导航项目/基本项目/base_ws/install/velodyne_description' for CMake config files
[0.682s] Level 1:colcon.colcon_core.shell:create_environment_hook('velodyne_description', 'cmake_prefix_path')
[0.682s] INFO:colcon.colcon_core.shell:Creating environment hook '/home/chen/华南虎视觉/考核项目/导航项目/基本项目/base_ws/install/velodyne_description/share/velodyne_description/hook/cmake_prefix_path.ps1'
[0.683s] INFO:colcon.colcon_core.shell:Creating environment descriptor '/home/chen/华南虎视觉/考核项目/导航项目/基本项目/base_ws/install/velodyne_description/share/velodyne_description/hook/cmake_prefix_path.dsv'
[0.684s] INFO:colcon.colcon_core.shell:Creating environment hook '/home/chen/华南虎视觉/考核项目/导航项目/基本项目/base_ws/install/velodyne_description/share/velodyne_description/hook/cmake_prefix_path.sh'
[0.685s] Level 1:colcon.colcon_core.environment:checking '/home/chen/华南虎视觉/考核项目/导航项目/基本项目/base_ws/install/velodyne_description/bin'
[0.685s] Level 1:colcon.colcon_core.environment:checking '/home/chen/华南虎视觉/考核项目/导航项目/基本项目/base_ws/install/velodyne_description/lib/pkgconfig/velodyne_description.pc'
[0.686s] Level 1:colcon.colcon_core.environment:checking '/home/chen/华南虎视觉/考核项目/导航项目/基本项目/base_ws/install/velodyne_description/lib/python3.10/site-packages'
[0.686s] Level 1:colcon.colcon_core.environment:checking '/home/chen/华南虎视觉/考核项目/导航项目/基本项目/base_ws/install/velodyne_description/bin'
[0.687s] INFO:colcon.colcon_core.shell:Creating package script '/home/chen/华南虎视觉/考核项目/导航项目/基本项目/base_ws/install/velodyne_description/share/velodyne_description/package.ps1'
[0.688s] INFO:colcon.colcon_core.shell:Creating package descriptor '/home/chen/华南虎视觉/考核项目/导航项目/基本项目/base_ws/install/velodyne_description/share/velodyne_description/package.dsv'
[0.689s] INFO:colcon.colcon_core.shell:Creating package script '/home/chen/华南虎视觉/考核项目/导航项目/基本项目/base_ws/install/velodyne_description/share/velodyne_description/package.sh'
[0.690s] INFO:colcon.colcon_core.shell:Creating package script '/home/chen/华南虎视觉/考核项目/导航项目/基本项目/base_ws/install/velodyne_description/share/velodyne_description/package.bash'
[0.691s] INFO:colcon.colcon_core.shell:Creating package script '/home/chen/华南虎视觉/考核项目/导航项目/基本项目/base_ws/install/velodyne_description/share/velodyne_description/package.zsh'
[0.692s] Level 1:colcon.colcon_core.environment:create_file_with_runtime_dependencies(/home/chen/华南虎视觉/考核项目/导航项目/基本项目/base_ws/install/velodyne_description/share/colcon-core/packages/velodyne_description)
[0.713s] Level 1:colcon.colcon_core.environment:create_environment_scripts_only(velodyne_description)
[0.714s] Level 1:colcon.colcon_core.environment:checking '/home/chen/华南虎视觉/考核项目/导航项目/基本项目/base_ws/install/velodyne_description' for CMake module files
[0.714s] Level 1:colcon.colcon_core.environment:checking '/home/chen/华南虎视觉/考核项目/导航项目/基本项目/base_ws/install/velodyne_description' for CMake config files
[0.714s] Level 1:colcon.colcon_core.shell:create_environment_hook('velodyne_description', 'cmake_prefix_path')
[0.714s] INFO:colcon.colcon_core.shell:Creating environment hook '/home/chen/华南虎视觉/考核项目/导航项目/基本项目/base_ws/install/velodyne_description/share/velodyne_description/hook/cmake_prefix_path.ps1'
[0.714s] INFO:colcon.colcon_core.shell:Creating environment descriptor '/home/chen/华南虎视觉/考核项目/导航项目/基本项目/base_ws/install/velodyne_description/share/velodyne_description/hook/cmake_prefix_path.dsv'
[0.714s] INFO:colcon.colcon_core.shell:Creating environment hook '/home/chen/华南虎视觉/考核项目/导航项目/基本项目/base_ws/install/velodyne_description/share/velodyne_description/hook/cmake_prefix_path.sh'
[0.714s] Level 1:colcon.colcon_core.environment:checking '/home/chen/华南虎视觉/考核项目/导航项目/基本项目/base_ws/install/velodyne_description/bin'
[0.714s] Level 1:colcon.colcon_core.environment:checking '/home/chen/华南虎视觉/考核项目/导航项目/基本项目/base_ws/install/velodyne_description/lib/pkgconfig/velodyne_description.pc'
[0.715s] Level 1:colcon.colcon_core.environment:checking '/home/chen/华南虎视觉/考核项目/导航项目/基本项目/base_ws/install/velodyne_description/lib/python3.10/site-packages'
[0.715s] Level 1:colcon.colcon_core.environment:checking '/home/chen/华南虎视觉/考核项目/导航项目/基本项目/base_ws/install/velodyne_description/bin'
[0.715s] INFO:colcon.colcon_core.shell:Creating package script '/home/chen/华南虎视觉/考核项目/导航项目/基本项目/base_ws/install/velodyne_description/share/velodyne_description/package.ps1'
[0.715s] INFO:colcon.colcon_core.shell:Creating package descriptor '/home/chen/华南虎视觉/考核项目/导航项目/基本项目/base_ws/install/velodyne_description/share/velodyne_description/package.dsv'
[0.715s] INFO:colcon.colcon_core.shell:Creating package script '/home/chen/华南虎视觉/考核项目/导航项目/基本项目/base_ws/install/velodyne_description/share/velodyne_description/package.sh'
[0.715s] INFO:colcon.colcon_core.shell:Creating package script '/home/chen/华南虎视觉/考核项目/导航项目/基本项目/base_ws/install/velodyne_description/share/velodyne_description/package.bash'
[0.716s] INFO:colcon.colcon_core.shell:Creating package script '/home/chen/华南虎视觉/考核项目/导航项目/基本项目/base_ws/install/velodyne_description/share/velodyne_description/package.zsh'
[0.716s] Level 1:colcon.colcon_core.environment:create_file_with_runtime_dependencies(/home/chen/华南虎视觉/考核项目/导航项目/基本项目/base_ws/install/velodyne_description/share/colcon-core/packages/velodyne_description)
[0.973s] DEBUG:colcon.colcon_core.event_handler.log_command:Invoked command in '/home/chen/华南虎视觉/考核项目/导航项目/基本项目/base_ws/build/my_car' returned '0': CMAKE_PREFIX_PATH=${CMAKE_PREFIX_PATH}:/opt/ros/humble /usr/bin/cmake /home/chen/华南虎视觉/考核项目/导航项目/基本项目/base_ws/src/my_car -DCMAKE_INSTALL_PREFIX=/home/chen/华南虎视觉/考核项目/导航项目/基本项目/base_ws/install/my_car
[0.973s] DEBUG:colcon.colcon_core.event_handler.log_command:Invoking command in '/home/chen/华南虎视觉/考核项目/导航项目/基本项目/base_ws/build/my_car': CMAKE_PREFIX_PATH=${CMAKE_PREFIX_PATH}:/opt/ros/humble /usr/bin/cmake --build /home/chen/华南虎视觉/考核项目/导航项目/基本项目/base_ws/build/my_car -- -j32 -l32
[1.591s] DEBUG:colcon.colcon_core.event_handler.log_command:Invoked command in '/home/chen/华南虎视觉/考核项目/导航项目/基本项目/base_ws/build/velodyne_gazebo_plugins' returned '0': CMAKE_PREFIX_PATH=${CMAKE_PREFIX_PATH}:/opt/ros/humble /usr/bin/cmake /home/chen/华南虎视觉/考核项目/导航项目/基本项目/base_ws/src/velodyne_simulator/velodyne_gazebo_plugins -DCMAKE_INSTALL_PREFIX=/home/chen/华南虎视觉/考核项目/导航项目/基本项目/base_ws/install/velodyne_gazebo_plugins
[1.592s] DEBUG:colcon.colcon_core.event_handler.log_command:Invoking command in '/home/chen/华南虎视觉/考核项目/导航项目/基本项目/base_ws/build/velodyne_gazebo_plugins': CMAKE_PREFIX_PATH=${CMAKE_PREFIX_PATH}:/opt/ros/humble /usr/bin/cmake --build /home/chen/华南虎视觉/考核项目/导航项目/基本项目/base_ws/build/velodyne_gazebo_plugins -- -j32 -l32
[5.017s] DEBUG:colcon.colcon_core.event_handler.log_command:Invoked command in '/home/chen/华南虎视觉/考核项目/导航项目/基本项目/base_ws/build/my_car' returned '0': CMAKE_PREFIX_PATH=${CMAKE_PREFIX_PATH}:/opt/ros/humble /usr/bin/cmake --build /home/chen/华南虎视觉/考核项目/导航项目/基本项目/base_ws/build/my_car -- -j32 -l32
[5.036s] DEBUG:colcon.colcon_core.event_handler.log_command:Invoking command in '/home/chen/华南虎视觉/考核项目/导航项目/基本项目/base_ws/build/my_car': CMAKE_PREFIX_PATH=${CMAKE_PREFIX_PATH}:/opt/ros/humble /usr/bin/cmake --install /home/chen/华南虎视觉/考核项目/导航项目/基本项目/base_ws/build/my_car
[5.080s] Level 1:colcon.colcon_core.environment:create_environment_scripts_only(my_car)
[5.081s] Level 1:colcon.colcon_core.environment:checking '/home/chen/华南虎视觉/考核项目/导航项目/基本项目/base_ws/install/my_car' for CMake module files
[5.081s] DEBUG:colcon.colcon_core.event_handler.log_command:Invoked command in '/home/chen/华南虎视觉/考核项目/导航项目/基本项目/base_ws/build/my_car' returned '0': CMAKE_PREFIX_PATH=${CMAKE_PREFIX_PATH}:/opt/ros/humble /usr/bin/cmake --install /home/chen/华南虎视觉/考核项目/导航项目/基本项目/base_ws/build/my_car
[5.081s] Level 1:colcon.colcon_core.environment:checking '/home/chen/华南虎视觉/考核项目/导航项目/基本项目/base_ws/install/my_car' for CMake config files
[5.081s] Level 1:colcon.colcon_core.shell:create_environment_hook('my_car', 'cmake_prefix_path')
[5.081s] INFO:colcon.colcon_core.shell:Creating environment hook '/home/chen/华南虎视觉/考核项目/导航项目/基本项目/base_ws/install/my_car/share/my_car/hook/cmake_prefix_path.ps1'
[5.082s] INFO:colcon.colcon_core.shell:Creating environment descriptor '/home/chen/华南虎视觉/考核项目/导航项目/基本项目/base_ws/install/my_car/share/my_car/hook/cmake_prefix_path.dsv'
[5.082s] INFO:colcon.colcon_core.shell:Creating environment hook '/home/chen/华南虎视觉/考核项目/导航项目/基本项目/base_ws/install/my_car/share/my_car/hook/cmake_prefix_path.sh'
[5.082s] Level 1:colcon.colcon_core.environment:checking '/home/chen/华南虎视觉/考核项目/导航项目/基本项目/base_ws/install/my_car/lib'
[5.082s] Level 1:colcon.colcon_core.environment:checking '/home/chen/华南虎视觉/考核项目/导航项目/基本项目/base_ws/install/my_car/bin'
[5.082s] Level 1:colcon.colcon_core.environment:checking '/home/chen/华南虎视觉/考核项目/导航项目/基本项目/base_ws/install/my_car/lib/pkgconfig/my_car.pc'
[5.082s] Level 1:colcon.colcon_core.environment:checking '/home/chen/华南虎视觉/考核项目/导航项目/基本项目/base_ws/install/my_car/lib/python3.10/site-packages'
[5.082s] Level 1:colcon.colcon_core.environment:checking '/home/chen/华南虎视觉/考核项目/导航项目/基本项目/base_ws/install/my_car/bin'
[5.082s] INFO:colcon.colcon_core.shell:Creating package script '/home/chen/华南虎视觉/考核项目/导航项目/基本项目/base_ws/install/my_car/share/my_car/package.ps1'
[5.083s] INFO:colcon.colcon_core.shell:Creating package descriptor '/home/chen/华南虎视觉/考核项目/导航项目/基本项目/base_ws/install/my_car/share/my_car/package.dsv'
[5.083s] INFO:colcon.colcon_core.shell:Creating package script '/home/chen/华南虎视觉/考核项目/导航项目/基本项目/base_ws/install/my_car/share/my_car/package.sh'
[5.083s] INFO:colcon.colcon_core.shell:Creating package script '/home/chen/华南虎视觉/考核项目/导航项目/基本项目/base_ws/install/my_car/share/my_car/package.bash'
[5.083s] INFO:colcon.colcon_core.shell:Creating package script '/home/chen/华南虎视觉/考核项目/导航项目/基本项目/base_ws/install/my_car/share/my_car/package.zsh'
[5.083s] Level 1:colcon.colcon_core.environment:create_file_with_runtime_dependencies(/home/chen/华南虎视觉/考核项目/导航项目/基本项目/base_ws/install/my_car/share/colcon-core/packages/my_car)
[5.103s] Level 1:colcon.colcon_core.environment:create_environment_scripts_only(my_car)
[5.103s] Level 1:colcon.colcon_core.environment:checking '/home/chen/华南虎视觉/考核项目/导航项目/基本项目/base_ws/install/my_car' for CMake module files
[5.103s] Level 1:colcon.colcon_core.environment:checking '/home/chen/华南虎视觉/考核项目/导航项目/基本项目/base_ws/install/my_car' for CMake config files
[5.103s] Level 1:colcon.colcon_core.shell:create_environment_hook('my_car', 'cmake_prefix_path')
[5.103s] INFO:colcon.colcon_core.shell:Creating environment hook '/home/chen/华南虎视觉/考核项目/导航项目/基本项目/base_ws/install/my_car/share/my_car/hook/cmake_prefix_path.ps1'
[5.103s] INFO:colcon.colcon_core.shell:Creating environment descriptor '/home/chen/华南虎视觉/考核项目/导航项目/基本项目/base_ws/install/my_car/share/my_car/hook/cmake_prefix_path.dsv'
[5.104s] INFO:colcon.colcon_core.shell:Creating environment hook '/home/chen/华南虎视觉/考核项目/导航项目/基本项目/base_ws/install/my_car/share/my_car/hook/cmake_prefix_path.sh'
[5.104s] Level 1:colcon.colcon_core.environment:checking '/home/chen/华南虎视觉/考核项目/导航项目/基本项目/base_ws/install/my_car/lib'
[5.104s] Level 1:colcon.colcon_core.environment:checking '/home/chen/华南虎视觉/考核项目/导航项目/基本项目/base_ws/install/my_car/bin'
[5.104s] Level 1:colcon.colcon_core.environment:checking '/home/chen/华南虎视觉/考核项目/导航项目/基本项目/base_ws/install/my_car/lib/pkgconfig/my_car.pc'
[5.104s] Level 1:colcon.colcon_core.environment:checking '/home/chen/华南虎视觉/考核项目/导航项目/基本项目/base_ws/install/my_car/lib/python3.10/site-packages'
[5.104s] Level 1:colcon.colcon_core.environment:checking '/home/chen/华南虎视觉/考核项目/导航项目/基本项目/base_ws/install/my_car/bin'
[5.104s] INFO:colcon.colcon_core.shell:Creating package script '/home/chen/华南虎视觉/考核项目/导航项目/基本项目/base_ws/install/my_car/share/my_car/package.ps1'
[5.104s] INFO:colcon.colcon_core.shell:Creating package descriptor '/home/chen/华南虎视觉/考核项目/导航项目/基本项目/base_ws/install/my_car/share/my_car/package.dsv'
[5.105s] INFO:colcon.colcon_core.shell:Creating package script '/home/chen/华南虎视觉/考核项目/导航项目/基本项目/base_ws/install/my_car/share/my_car/package.sh'
[5.105s] INFO:colcon.colcon_core.shell:Creating package script '/home/chen/华南虎视觉/考核项目/导航项目/基本项目/base_ws/install/my_car/share/my_car/package.bash'
[5.105s] INFO:colcon.colcon_core.shell:Creating package script '/home/chen/华南虎视觉/考核项目/导航项目/基本项目/base_ws/install/my_car/share/my_car/package.zsh'
[5.105s] Level 1:colcon.colcon_core.environment:create_file_with_runtime_dependencies(/home/chen/华南虎视觉/考核项目/导航项目/基本项目/base_ws/install/my_car/share/colcon-core/packages/my_car)
[8.544s] DEBUG:colcon.colcon_core.event_handler.log_command:Invoked command in '/home/chen/华南虎视觉/考核项目/导航项目/基本项目/base_ws/build/velodyne_gazebo_plugins' returned '0': CMAKE_PREFIX_PATH=${CMAKE_PREFIX_PATH}:/opt/ros/humble /usr/bin/cmake --build /home/chen/华南虎视觉/考核项目/导航项目/基本项目/base_ws/build/velodyne_gazebo_plugins -- -j32 -l32
[8.572s] DEBUG:colcon.colcon_core.event_handler.log_command:Invoking command in '/home/chen/华南虎视觉/考核项目/导航项目/基本项目/base_ws/build/velodyne_gazebo_plugins': CMAKE_PREFIX_PATH=${CMAKE_PREFIX_PATH}:/opt/ros/humble /usr/bin/cmake --install /home/chen/华南虎视觉/考核项目/导航项目/基本项目/base_ws/build/velodyne_gazebo_plugins
[8.586s] Level 1:colcon.colcon_core.environment:create_environment_scripts_only(velodyne_gazebo_plugins)
[8.587s] Level 1:colcon.colcon_core.environment:checking '/home/chen/华南虎视觉/考核项目/导航项目/基本项目/base_ws/install/velodyne_gazebo_plugins' for CMake module files
[8.587s] DEBUG:colcon.colcon_core.event_handler.log_command:Invoked command in '/home/chen/华南虎视觉/考核项目/导航项目/基本项目/base_ws/build/velodyne_gazebo_plugins' returned '0': CMAKE_PREFIX_PATH=${CMAKE_PREFIX_PATH}:/opt/ros/humble /usr/bin/cmake --install /home/chen/华南虎视觉/考核项目/导航项目/基本项目/base_ws/build/velodyne_gazebo_plugins
[8.587s] Level 1:colcon.colcon_core.environment:checking '/home/chen/华南虎视觉/考核项目/导航项目/基本项目/base_ws/install/velodyne_gazebo_plugins' for CMake config files
[8.588s] Level 1:colcon.colcon_core.shell:create_environment_hook('velodyne_gazebo_plugins', 'cmake_prefix_path')
[8.588s] INFO:colcon.colcon_core.shell:Creating environment hook '/home/chen/华南虎视觉/考核项目/导航项目/基本项目/base_ws/install/velodyne_gazebo_plugins/share/velodyne_gazebo_plugins/hook/cmake_prefix_path.ps1'
[8.588s] INFO:colcon.colcon_core.shell:Creating environment descriptor '/home/chen/华南虎视觉/考核项目/导航项目/基本项目/base_ws/install/velodyne_gazebo_plugins/share/velodyne_gazebo_plugins/hook/cmake_prefix_path.dsv'
[8.589s] INFO:colcon.colcon_core.shell:Creating environment hook '/home/chen/华南虎视觉/考核项目/导航项目/基本项目/base_ws/install/velodyne_gazebo_plugins/share/velodyne_gazebo_plugins/hook/cmake_prefix_path.sh'
[8.589s] Level 1:colcon.colcon_core.environment:checking '/home/chen/华南虎视觉/考核项目/导航项目/基本项目/base_ws/install/velodyne_gazebo_plugins/lib'
[8.589s] Level 1:colcon.colcon_core.shell:create_environment_hook('velodyne_gazebo_plugins', 'ld_library_path_lib')
[8.589s] INFO:colcon.colcon_core.shell:Creating environment hook '/home/chen/华南虎视觉/考核项目/导航项目/基本项目/base_ws/install/velodyne_gazebo_plugins/share/velodyne_gazebo_plugins/hook/ld_library_path_lib.ps1'
[8.590s] INFO:colcon.colcon_core.shell:Creating environment descriptor '/home/chen/华南虎视觉/考核项目/导航项目/基本项目/base_ws/install/velodyne_gazebo_plugins/share/velodyne_gazebo_plugins/hook/ld_library_path_lib.dsv'
[8.590s] INFO:colcon.colcon_core.shell:Creating environment hook '/home/chen/华南虎视觉/考核项目/导航项目/基本项目/base_ws/install/velodyne_gazebo_plugins/share/velodyne_gazebo_plugins/hook/ld_library_path_lib.sh'
[8.590s] Level 1:colcon.colcon_core.environment:checking '/home/chen/华南虎视觉/考核项目/导航项目/基本项目/base_ws/install/velodyne_gazebo_plugins/bin'
[8.590s] Level 1:colcon.colcon_core.environment:checking '/home/chen/华南虎视觉/考核项目/导航项目/基本项目/base_ws/install/velodyne_gazebo_plugins/lib/pkgconfig/velodyne_gazebo_plugins.pc'
[8.590s] Level 1:colcon.colcon_core.environment:checking '/home/chen/华南虎视觉/考核项目/导航项目/基本项目/base_ws/install/velodyne_gazebo_plugins/lib/python3.10/site-packages'
[8.591s] Level 1:colcon.colcon_core.environment:checking '/home/chen/华南虎视觉/考核项目/导航项目/基本项目/base_ws/install/velodyne_gazebo_plugins/bin'
[8.591s] INFO:colcon.colcon_core.shell:Creating package script '/home/chen/华南虎视觉/考核项目/导航项目/基本项目/base_ws/install/velodyne_gazebo_plugins/share/velodyne_gazebo_plugins/package.ps1'
[8.591s] INFO:colcon.colcon_core.shell:Creating package descriptor '/home/chen/华南虎视觉/考核项目/导航项目/基本项目/base_ws/install/velodyne_gazebo_plugins/share/velodyne_gazebo_plugins/package.dsv'
[8.592s] INFO:colcon.colcon_core.shell:Creating package script '/home/chen/华南虎视觉/考核项目/导航项目/基本项目/base_ws/install/velodyne_gazebo_plugins/share/velodyne_gazebo_plugins/package.sh'
[8.592s] INFO:colcon.colcon_core.shell:Creating package script '/home/chen/华南虎视觉/考核项目/导航项目/基本项目/base_ws/install/velodyne_gazebo_plugins/share/velodyne_gazebo_plugins/package.bash'
[8.592s] INFO:colcon.colcon_core.shell:Creating package script '/home/chen/华南虎视觉/考核项目/导航项目/基本项目/base_ws/install/velodyne_gazebo_plugins/share/velodyne_gazebo_plugins/package.zsh'
[8.592s] Level 1:colcon.colcon_core.environment:create_file_with_runtime_dependencies(/home/chen/华南虎视觉/考核项目/导航项目/基本项目/base_ws/install/velodyne_gazebo_plugins/share/colcon-core/packages/velodyne_gazebo_plugins)
[8.627s] Level 1:colcon.colcon_core.environment:create_environment_scripts_only(velodyne_gazebo_plugins)
[8.627s] Level 1:colcon.colcon_core.environment:checking '/home/chen/华南虎视觉/考核项目/导航项目/基本项目/base_ws/install/velodyne_gazebo_plugins' for CMake module files
[8.627s] Level 1:colcon.colcon_core.environment:checking '/home/chen/华南虎视觉/考核项目/导航项目/基本项目/base_ws/install/velodyne_gazebo_plugins' for CMake config files
[8.628s] Level 1:colcon.colcon_core.shell:create_environment_hook('velodyne_gazebo_plugins', 'cmake_prefix_path')
[8.628s] INFO:colcon.colcon_core.shell:Creating environment hook '/home/chen/华南虎视觉/考核项目/导航项目/基本项目/base_ws/install/velodyne_gazebo_plugins/share/velodyne_gazebo_plugins/hook/cmake_prefix_path.ps1'
[8.629s] INFO:colcon.colcon_core.shell:Creating environment descriptor '/home/chen/华南虎视觉/考核项目/导航项目/基本项目/base_ws/install/velodyne_gazebo_plugins/share/velodyne_gazebo_plugins/hook/cmake_prefix_path.dsv'
[8.629s] INFO:colcon.colcon_core.shell:Creating environment hook '/home/chen/华南虎视觉/考核项目/导航项目/基本项目/base_ws/install/velodyne_gazebo_plugins/share/velodyne_gazebo_plugins/hook/cmake_prefix_path.sh'
[8.630s] Level 1:colcon.colcon_core.environment:checking '/home/chen/华南虎视觉/考核项目/导航项目/基本项目/base_ws/install/velodyne_gazebo_plugins/lib'
[8.630s] Level 1:colcon.colcon_core.shell:create_environment_hook('velodyne_gazebo_plugins', 'ld_library_path_lib')
[8.630s] INFO:colcon.colcon_core.shell:Creating environment hook '/home/chen/华南虎视觉/考核项目/导航项目/基本项目/base_ws/install/velodyne_gazebo_plugins/share/velodyne_gazebo_plugins/hook/ld_library_path_lib.ps1'
[8.631s] INFO:colcon.colcon_core.shell:Creating environment descriptor '/home/chen/华南虎视觉/考核项目/导航项目/基本项目/base_ws/install/velodyne_gazebo_plugins/share/velodyne_gazebo_plugins/hook/ld_library_path_lib.dsv'
[8.631s] INFO:colcon.colcon_core.shell:Creating environment hook '/home/chen/华南虎视觉/考核项目/导航项目/基本项目/base_ws/install/velodyne_gazebo_plugins/share/velodyne_gazebo_plugins/hook/ld_library_path_lib.sh'
[8.631s] Level 1:colcon.colcon_core.environment:checking '/home/chen/华南虎视觉/考核项目/导航项目/基本项目/base_ws/install/velodyne_gazebo_plugins/bin'
[8.631s] Level 1:colcon.colcon_core.environment:checking '/home/chen/华南虎视觉/考核项目/导航项目/基本项目/base_ws/install/velodyne_gazebo_plugins/lib/pkgconfig/velodyne_gazebo_plugins.pc'
[8.632s] Level 1:colcon.colcon_core.environment:checking '/home/chen/华南虎视觉/考核项目/导航项目/基本项目/base_ws/install/velodyne_gazebo_plugins/lib/python3.10/site-packages'
[8.632s] Level 1:colcon.colcon_core.environment:checking '/home/chen/华南虎视觉/考核项目/导航项目/基本项目/base_ws/install/velodyne_gazebo_plugins/bin'
[8.633s] INFO:colcon.colcon_core.shell:Creating package script '/home/chen/华南虎视觉/考核项目/导航项目/基本项目/base_ws/install/velodyne_gazebo_plugins/share/velodyne_gazebo_plugins/package.ps1'
[8.633s] INFO:colcon.colcon_core.shell:Creating package descriptor '/home/chen/华南虎视觉/考核项目/导航项目/基本项目/base_ws/install/velodyne_gazebo_plugins/share/velodyne_gazebo_plugins/package.dsv'
[8.634s] INFO:colcon.colcon_core.shell:Creating package script '/home/chen/华南虎视觉/考核项目/导航项目/基本项目/base_ws/install/velodyne_gazebo_plugins/share/velodyne_gazebo_plugins/package.sh'
[8.634s] INFO:colcon.colcon_core.shell:Creating package script '/home/chen/华南虎视觉/考核项目/导航项目/基本项目/base_ws/install/velodyne_gazebo_plugins/share/velodyne_gazebo_plugins/package.bash'
[8.635s] INFO:colcon.colcon_core.shell:Creating package script '/home/chen/华南虎视觉/考核项目/导航项目/基本项目/base_ws/install/velodyne_gazebo_plugins/share/velodyne_gazebo_plugins/package.zsh'
[8.635s] Level 1:colcon.colcon_core.environment:create_file_with_runtime_dependencies(/home/chen/华南虎视觉/考核项目/导航项目/基本项目/base_ws/install/velodyne_gazebo_plugins/share/colcon-core/packages/velodyne_gazebo_plugins)
[8.636s] INFO:colcon.colcon_ros.task.ament_cmake.build:Building ROS package in '/home/chen/华南虎视觉/考核项目/导航项目/基本项目/base_ws/src/velodyne_simulator/velodyne_simulator' with build type 'ament_cmake'
[8.636s] INFO:colcon.colcon_cmake.task.cmake.build:Building CMake package in '/home/chen/华南虎视觉/考核项目/导航项目/基本项目/base_ws/src/velodyne_simulator/velodyne_simulator'
[8.636s] INFO:colcon.colcon_core.shell:Skip shell extension 'powershell' for command environment: Not usable outside of PowerShell
[8.636s] DEBUG:colcon.colcon_core.shell:Skip shell extension 'dsv' for command environment
[8.650s] DEBUG:colcon.colcon_core.event_handler.log_command:Invoking command in '/home/chen/华南虎视觉/考核项目/导航项目/基本项目/base_ws/build/velodyne_simulator': CMAKE_PREFIX_PATH=/home/chen/华南虎视觉/考核项目/导航项目/基本项目/base_ws/install/velodyne_gazebo_plugins:/home/chen/华南虎视觉/考核项目/导航项目/基本项目/base_ws/install/velodyne_description:/home/chen/华南虎视觉/考核项目/导航项目/基本项目/base_ws/install/velodyne_simulator:/home/chen/华南虎视觉/考核项目/导航项目/基本项目/base_ws/install/my_car:/opt/ros/humble /usr/bin/cmake /home/chen/华南虎视觉/考核项目/导航项目/基本项目/base_ws/src/velodyne_simulator/velodyne_simulator -DCMAKE_INSTALL_PREFIX=/home/chen/华南虎视觉/考核项目/导航项目/基本项目/base_ws/install/velodyne_simulator
[9.148s] DEBUG:colcon.colcon_core.event_handler.log_command:Invoked command in '/home/chen/华南虎视觉/考核项目/导航项目/基本项目/base_ws/build/velodyne_simulator' returned '0': CMAKE_PREFIX_PATH=/home/chen/华南虎视觉/考核项目/导航项目/基本项目/base_ws/install/velodyne_gazebo_plugins:/home/chen/华南虎视觉/考核项目/导航项目/基本项目/base_ws/install/velodyne_description:/home/chen/华南虎视觉/考核项目/导航项目/基本项目/base_ws/install/velodyne_simulator:/home/chen/华南虎视觉/考核项目/导航项目/基本项目/base_ws/install/my_car:/opt/ros/humble /usr/bin/cmake /home/chen/华南虎视觉/考核项目/导航项目/基本项目/base_ws/src/velodyne_simulator/velodyne_simulator -DCMAKE_INSTALL_PREFIX=/home/chen/华南虎视觉/考核项目/导航项目/基本项目/base_ws/install/velodyne_simulator
[9.150s] DEBUG:colcon.colcon_core.event_handler.log_command:Invoking command in '/home/chen/华南虎视觉/考核项目/导航项目/基本项目/base_ws/build/velodyne_simulator': CMAKE_PREFIX_PATH=/home/chen/华南虎视觉/考核项目/导航项目/基本项目/base_ws/install/velodyne_gazebo_plugins:/home/chen/华南虎视觉/考核项目/导航项目/基本项目/base_ws/install/velodyne_description:/home/chen/华南虎视觉/考核项目/导航项目/基本项目/base_ws/install/velodyne_simulator:/home/chen/华南虎视觉/考核项目/导航项目/基本项目/base_ws/install/my_car:/opt/ros/humble /usr/bin/cmake --build /home/chen/华南虎视觉/考核项目/导航项目/基本项目/base_ws/build/velodyne_simulator -- -j32 -l32
[9.184s] DEBUG:colcon.colcon_core.event_handler.log_command:Invoked command in '/home/chen/华南虎视觉/考核项目/导航项目/基本项目/base_ws/build/velodyne_simulator' returned '0': CMAKE_PREFIX_PATH=/home/chen/华南虎视觉/考核项目/导航项目/基本项目/base_ws/install/velodyne_gazebo_plugins:/home/chen/华南虎视觉/考核项目/导航项目/基本项目/base_ws/install/velodyne_description:/home/chen/华南虎视觉/考核项目/导航项目/基本项目/base_ws/install/velodyne_simulator:/home/chen/华南虎视觉/考核项目/导航项目/基本项目/base_ws/install/my_car:/opt/ros/humble /usr/bin/cmake --build /home/chen/华南虎视觉/考核项目/导航项目/基本项目/base_ws/build/velodyne_simulator -- -j32 -l32
[9.212s] DEBUG:colcon.colcon_core.event_handler.log_command:Invoking command in '/home/chen/华南虎视觉/考核项目/导航项目/基本项目/base_ws/build/velodyne_simulator': CMAKE_PREFIX_PATH=/home/chen/华南虎视觉/考核项目/导航项目/基本项目/base_ws/install/velodyne_gazebo_plugins:/home/chen/华南虎视觉/考核项目/导航项目/基本项目/base_ws/install/velodyne_description:/home/chen/华南虎视觉/考核项目/导航项目/基本项目/base_ws/install/velodyne_simulator:/home/chen/华南虎视觉/考核项目/导航项目/基本项目/base_ws/install/my_car:/opt/ros/humble /usr/bin/cmake --install /home/chen/华南虎视觉/考核项目/导航项目/基本项目/base_ws/build/velodyne_simulator
[9.222s] Level 1:colcon.colcon_core.environment:create_environment_scripts_only(velodyne_simulator)
[9.222s] Level 1:colcon.colcon_core.environment:checking '/home/chen/华南虎视觉/考核项目/导航项目/基本项目/base_ws/install/velodyne_simulator' for CMake module files
[9.222s] DEBUG:colcon.colcon_core.event_handler.log_command:Invoked command in '/home/chen/华南虎视觉/考核项目/导航项目/基本项目/base_ws/build/velodyne_simulator' returned '0': CMAKE_PREFIX_PATH=/home/chen/华南虎视觉/考核项目/导航项目/基本项目/base_ws/install/velodyne_gazebo_plugins:/home/chen/华南虎视觉/考核项目/导航项目/基本项目/base_ws/install/velodyne_description:/home/chen/华南虎视觉/考核项目/导航项目/基本项目/base_ws/install/velodyne_simulator:/home/chen/华南虎视觉/考核项目/导航项目/基本项目/base_ws/install/my_car:/opt/ros/humble /usr/bin/cmake --install /home/chen/华南虎视觉/考核项目/导航项目/基本项目/base_ws/build/velodyne_simulator
[9.223s] Level 1:colcon.colcon_core.environment:checking '/home/chen/华南虎视觉/考核项目/导航项目/基本项目/base_ws/install/velodyne_simulator' for CMake config files
[9.223s] Level 1:colcon.colcon_core.shell:create_environment_hook('velodyne_simulator', 'cmake_prefix_path')
[9.223s] INFO:colcon.colcon_core.shell:Creating environment hook '/home/chen/华南虎视觉/考核项目/导航项目/基本项目/base_ws/install/velodyne_simulator/share/velodyne_simulator/hook/cmake_prefix_path.ps1'
[9.223s] INFO:colcon.colcon_core.shell:Creating environment descriptor '/home/chen/华南虎视觉/考核项目/导航项目/基本项目/base_ws/install/velodyne_simulator/share/velodyne_simulator/hook/cmake_prefix_path.dsv'
[9.224s] INFO:colcon.colcon_core.shell:Creating environment hook '/home/chen/华南虎视觉/考核项目/导航项目/基本项目/base_ws/install/velodyne_simulator/share/velodyne_simulator/hook/cmake_prefix_path.sh'
[9.224s] Level 1:colcon.colcon_core.environment:checking '/home/chen/华南虎视觉/考核项目/导航项目/基本项目/base_ws/install/velodyne_simulator/bin'
[9.224s] Level 1:colcon.colcon_core.environment:checking '/home/chen/华南虎视觉/考核项目/导航项目/基本项目/base_ws/install/velodyne_simulator/lib/pkgconfig/velodyne_simulator.pc'
[9.224s] Level 1:colcon.colcon_core.environment:checking '/home/chen/华南虎视觉/考核项目/导航项目/基本项目/base_ws/install/velodyne_simulator/lib/python3.10/site-packages'
[9.224s] Level 1:colcon.colcon_core.environment:checking '/home/chen/华南虎视觉/考核项目/导航项目/基本项目/base_ws/install/velodyne_simulator/bin'
[9.225s] INFO:colcon.colcon_core.shell:Creating package script '/home/chen/华南虎视觉/考核项目/导航项目/基本项目/base_ws/install/velodyne_simulator/share/velodyne_simulator/package.ps1'
[9.225s] INFO:colcon.colcon_core.shell:Creating package descriptor '/home/chen/华南虎视觉/考核项目/导航项目/基本项目/base_ws/install/velodyne_simulator/share/velodyne_simulator/package.dsv'
[9.225s] INFO:colcon.colcon_core.shell:Creating package script '/home/chen/华南虎视觉/考核项目/导航项目/基本项目/base_ws/install/velodyne_simulator/share/velodyne_simulator/package.sh'
[9.226s] INFO:colcon.colcon_core.shell:Creating package script '/home/chen/华南虎视觉/考核项目/导航项目/基本项目/base_ws/install/velodyne_simulator/share/velodyne_simulator/package.bash'
[9.226s] INFO:colcon.colcon_core.shell:Creating package script '/home/chen/华南虎视觉/考核项目/导航项目/基本项目/base_ws/install/velodyne_simulator/share/velodyne_simulator/package.zsh'
[9.226s] Level 1:colcon.colcon_core.environment:create_file_with_runtime_dependencies(/home/chen/华南虎视觉/考核项目/导航项目/基本项目/base_ws/install/velodyne_simulator/share/colcon-core/packages/velodyne_simulator)
[9.258s] Level 1:colcon.colcon_core.environment:create_environment_scripts_only(velodyne_simulator)
[9.258s] Level 1:colcon.colcon_core.environment:checking '/home/chen/华南虎视觉/考核项目/导航项目/基本项目/base_ws/install/velodyne_simulator' for CMake module files
[9.258s] Level 1:colcon.colcon_core.environment:checking '/home/chen/华南虎视觉/考核项目/导航项目/基本项目/base_ws/install/velodyne_simulator' for CMake config files
[9.259s] Level 1:colcon.colcon_core.shell:create_environment_hook('velodyne_simulator', 'cmake_prefix_path')
[9.259s] INFO:colcon.colcon_core.shell:Creating environment hook '/home/chen/华南虎视觉/考核项目/导航项目/基本项目/base_ws/install/velodyne_simulator/share/velodyne_simulator/hook/cmake_prefix_path.ps1'
[9.259s] INFO:colcon.colcon_core.shell:Creating environment descriptor '/home/chen/华南虎视觉/考核项目/导航项目/基本项目/base_ws/install/velodyne_simulator/share/velodyne_simulator/hook/cmake_prefix_path.dsv'
[9.259s] INFO:colcon.colcon_core.shell:Creating environment hook '/home/chen/华南虎视觉/考核项目/导航项目/基本项目/base_ws/install/velodyne_simulator/share/velodyne_simulator/hook/cmake_prefix_path.sh'
[9.260s] Level 1:colcon.colcon_core.environment:checking '/home/chen/华南虎视觉/考核项目/导航项目/基本项目/base_ws/install/velodyne_simulator/bin'
[9.260s] Level 1:colcon.colcon_core.environment:checking '/home/chen/华南虎视觉/考核项目/导航项目/基本项目/base_ws/install/velodyne_simulator/lib/pkgconfig/velodyne_simulator.pc'
[9.260s] Level 1:colcon.colcon_core.environment:checking '/home/chen/华南虎视觉/考核项目/导航项目/基本项目/base_ws/install/velodyne_simulator/lib/python3.10/site-packages'
[9.260s] Level 1:colcon.colcon_core.environment:checking '/home/chen/华南虎视觉/考核项目/导航项目/基本项目/base_ws/install/velodyne_simulator/bin'
[9.261s] INFO:colcon.colcon_core.shell:Creating package script '/home/chen/华南虎视觉/考核项目/导航项目/基本项目/base_ws/install/velodyne_simulator/share/velodyne_simulator/package.ps1'
[9.262s] INFO:colcon.colcon_core.shell:Creating package descriptor '/home/chen/华南虎视觉/考核项目/导航项目/基本项目/base_ws/install/velodyne_simulator/share/velodyne_simulator/package.dsv'
[9.262s] INFO:colcon.colcon_core.shell:Creating package script '/home/chen/华南虎视觉/考核项目/导航项目/基本项目/base_ws/install/velodyne_simulator/share/velodyne_simulator/package.sh'
[9.262s] INFO:colcon.colcon_core.shell:Creating package script '/home/chen/华南虎视觉/考核项目/导航项目/基本项目/base_ws/install/velodyne_simulator/share/velodyne_simulator/package.bash'
[9.263s] INFO:colcon.colcon_core.shell:Creating package script '/home/chen/华南虎视觉/考核项目/导航项目/基本项目/base_ws/install/velodyne_simulator/share/velodyne_simulator/package.zsh'
[9.263s] Level 1:colcon.colcon_core.environment:create_file_with_runtime_dependencies(/home/chen/华南虎视觉/考核项目/导航项目/基本项目/base_ws/install/velodyne_simulator/share/colcon-core/packages/velodyne_simulator)
[9.263s] DEBUG:colcon.colcon_parallel_executor.executor.parallel:closing loop
[9.263s] DEBUG:colcon.colcon_parallel_executor.executor.parallel:loop closed
[9.264s] DEBUG:colcon.colcon_parallel_executor.executor.parallel:run_until_complete finished with '0'
[9.264s] DEBUG:colcon.colcon_core.event_reactor:joining thread
[9.270s] INFO:colcon.colcon_core.plugin_system:Skipping extension 'colcon_notification.desktop_notification.terminal_notifier': Not used on non-Darwin systems
[9.270s] INFO:colcon.colcon_core.plugin_system:Skipping extension 'colcon_notification.desktop_notification.win32': Not used on non-Windows systems
[9.270s] INFO:colcon.colcon_notification.desktop_notification:Sending desktop notification using 'notify2'
[9.285s] DEBUG:colcon.colcon_core.event_reactor:joined thread
[9.285s] INFO:colcon.colcon_core.shell:Creating prefix script '/home/chen/华南虎视觉/考核项目/导航项目/基本项目/base_ws/install/local_setup.ps1'
[9.286s] INFO:colcon.colcon_core.shell:Creating prefix util module '/home/chen/华南虎视觉/考核项目/导航项目/基本项目/base_ws/install/_local_setup_util_ps1.py'
[9.286s] INFO:colcon.colcon_core.shell:Creating prefix chain script '/home/chen/华南虎视觉/考核项目/导航项目/基本项目/base_ws/install/setup.ps1'
[9.287s] INFO:colcon.colcon_core.shell:Creating prefix script '/home/chen/华南虎视觉/考核项目/导航项目/基本项目/base_ws/install/local_setup.sh'
[9.287s] INFO:colcon.colcon_core.shell:Creating prefix util module '/home/chen/华南虎视觉/考核项目/导航项目/基本项目/base_ws/install/_local_setup_util_sh.py'
[9.287s] INFO:colcon.colcon_core.shell:Creating prefix chain script '/home/chen/华南虎视觉/考核项目/导航项目/基本项目/base_ws/install/setup.sh'
[9.288s] INFO:colcon.colcon_core.shell:Creating prefix script '/home/chen/华南虎视觉/考核项目/导航项目/基本项目/base_ws/install/local_setup.bash'
[9.288s] INFO:colcon.colcon_core.shell:Creating prefix chain script '/home/chen/华南虎视觉/考核项目/导航项目/基本项目/base_ws/install/setup.bash'
[9.288s] INFO:colcon.colcon_core.shell:Creating prefix script '/home/chen/华南虎视觉/考核项目/导航项目/基本项目/base_ws/install/local_setup.zsh'
[9.289s] INFO:colcon.colcon_core.shell:Creating prefix chain script '/home/chen/华南虎视觉/考核项目/导航项目/基本项目/base_ws/install/setup.zsh'
