[0.007s] Invoking command in '/home/chen/华南虎视觉/考核项目/导航项目/测试项目/sphere_motion/pcl_ws/build/pcl_task': CMAKE_PREFIX_PATH=${CMAKE_PREFIX_PATH}:/opt/ros/humble /usr/bin/cmake --build /home/chen/华南虎视觉/考核项目/导航项目/测试项目/sphere_motion/pcl_ws/build/pcl_task -- -j32 -l32
[0.028s] -- Found ament_cmake: 1.3.10 (/opt/ros/humble/share/ament_cmake/cmake)
[0.107s] -- Found sensor_msgs: 4.2.4 (/opt/ros/humble/share/sensor_msgs/cmake)
[0.119s] -- Found rosidl_generator_c: 3.1.5 (/opt/ros/humble/share/rosidl_generator_c/cmake)
[0.120s] -- Found rosidl_adapter: 3.1.5 (/opt/ros/humble/share/rosidl_adapter/cmake)
[0.123s] -- Found rosidl_generator_cpp: 3.1.5 (/opt/ros/humble/share/rosidl_generator_cpp/cmake)
[0.127s] -- Using all available rosidl_typesupport_c: rosidl_typesupport_fastrtps_c;rosidl_typesupport_introspection_c
[0.133s] -- Using all available rosidl_typesupport_cpp: rosidl_typesupport_fastrtps_cpp;rosidl_typesupport_introspection_cpp
[0.156s] -- Found rclcpp: 16.0.10 (/opt/ros/humble/share/rclcpp/cmake)
[0.168s] -- Found rmw_implementation_cmake: 6.1.2 (/opt/ros/humble/share/rmw_implementation_cmake/cmake)
[0.168s] -- Found rmw_fastrtps_cpp: 6.2.7 (/opt/ros/humble/share/rmw_fastrtps_cpp/cmake)
[0.224s] -- Using RMW implementation 'rmw_fastrtps_cpp' as default
[0.249s] -- Eigen found (include: /usr/include/eigen3, version: 3.4.0)
[0.265s] -- FLANN found (include: /usr/include, lib: /usr/lib/x86_64-linux-gnu/libflann_cpp.so)
[0.470s] -- OpenNI found (version: 1.5.4.0, include: /usr/include/ni, lib: /usr/lib/libOpenNI.so;libusb::libusb)
[0.475s] -- OpenNI2 found (version: 2.2.0.33, include: /usr/include/openni2, lib: /usr/lib/x86_64-linux-gnu/libOpenNI2.so;libusb::libusb)
[0.475s] [0m** WARNING ** io features related to pcap will be disabled[0m
[0.568s] -- Eigen found (include: /usr/include/eigen3, version: 3.4.0)
[0.572s] -- OpenNI found (version: 1.5.4.0, include: /usr/include/ni, lib: /usr/lib/libOpenNI.so;libusb::libusb)
[0.576s] -- OpenNI2 found (version: 2.2.0.33, include: /usr/include/openni2, lib: /usr/lib/x86_64-linux-gnu/libOpenNI2.so;libusb::libusb)
[0.660s] -- Found Qhull version 8.0.2
[0.772s] -- OpenNI found (version: 1.5.4.0, include: /usr/include/ni, lib: /usr/lib/libOpenNI.so;libusb::libusb)
[0.875s] -- looking for PCL_COMMON
[0.875s] -- looking for PCL_KDTREE
[0.875s] -- looking for PCL_OCTREE
[0.875s] -- looking for PCL_SEARCH
[0.875s] -- looking for PCL_SAMPLE_CONSENSUS
[0.875s] -- looking for PCL_FILTERS
[0.876s] -- looking for PCL_2D
[0.876s] -- looking for PCL_GEOMETRY
[0.876s] -- looking for PCL_IO
[0.876s] -- looking for PCL_FEATURES
[0.876s] -- looking for PCL_ML
[0.876s] -- looking for PCL_SEGMENTATION
[0.877s] -- looking for PCL_VISUALIZATION
[0.877s] -- looking for PCL_SURFACE
[0.877s] -- looking for PCL_REGISTRATION
[0.877s] -- looking for PCL_KEYPOINTS
[0.878s] -- looking for PCL_TRACKING
[0.878s] -- looking for PCL_RECOGNITION
[0.878s] -- looking for PCL_STEREO
[0.879s] -- looking for PCL_APPS
[0.879s] -- looking for PCL_IN_HAND_SCANNER
[0.879s] -- looking for PCL_MODELER
[0.880s] -- looking for PCL_POINT_CLOUD_EDITOR
[0.880s] -- looking for PCL_OUTOFCORE
[0.880s] -- looking for PCL_PEOPLE
[0.881s] -- Found pcl_conversions: 2.4.5 (/opt/ros/humble/share/pcl_conversions/cmake)
[0.892s] -- Found ament_lint_auto: 0.12.11 (/opt/ros/humble/share/ament_lint_auto/cmake)
[0.927s] [31mCMake Error at CMakeLists.txt:59 (target_include_directories):
[0.928s]   target_include_directories called with invalid arguments
[0.928s] 
[0.928s] [0m
[0.929s] -- Added test 'cppcheck' to perform static code analysis on C / C++ code
[0.929s] -- Configured cppcheck include dirs: /home/chen/华南虎视觉/考核项目/导航项目/测试项目/sphere_motion/pcl_ws/pcl_task/include
[0.929s] -- Configured cppcheck exclude dirs and/or files: 
[0.929s] -- Added test 'flake8' to check Python code syntax and style conventions
[0.929s] -- Added test 'lint_cmake' to check CMake code style
[0.929s] -- Added test 'pep257' to check Python code against some of the docstring style conventions in PEP 257
[0.929s] -- Added test 'uncrustify' to check C / C++ code style
[0.930s] -- Configured uncrustify additional arguments: 
[0.930s] -- Added test 'xmllint' to check XML markup files
[0.930s] -- Configuring incomplete, errors occurred!
[0.930s] See also "/home/chen/华南虎视觉/考核项目/导航项目/测试项目/sphere_motion/pcl_ws/build/pcl_task/CMakeFiles/CMakeOutput.log".
[0.938s] gmake: *** [Makefile:267：cmake_check_build_system] 错误 1
[0.941s] Invoked command in '/home/chen/华南虎视觉/考核项目/导航项目/测试项目/sphere_motion/pcl_ws/build/pcl_task' returned '2': CMAKE_PREFIX_PATH=${CMAKE_PREFIX_PATH}:/opt/ros/humble /usr/bin/cmake --build /home/chen/华南虎视觉/考核项目/导航项目/测试项目/sphere_motion/pcl_ws/build/pcl_task -- -j32 -l32
