[0.006s] Invoking command in '/home/chen/华南虎视觉/考核项目/导航项目/基本项目/base_ws/build/velodyne_gazebo_plugins': CMAKE_PREFIX_PATH=${CMAKE_PREFIX_PATH}:/opt/ros/humble /usr/bin/cmake /home/chen/华南虎视觉/考核项目/导航项目/基本项目/base_ws/src/velodyne_simulator/velodyne_gazebo_plugins -DCMAKE_INSTALL_PREFIX=/home/chen/华南虎视觉/考核项目/导航项目/基本项目/base_ws/install/velodyne_gazebo_plugins
[0.050s] -- The C compiler identification is GNU 12.3.0
[0.090s] -- The CXX compiler identification is GNU 11.4.0
[0.095s] -- Detecting C compiler ABI info
[0.145s] -- Detecting C compiler ABI info - done
[0.155s] -- Check for working C compiler: /usr/bin/cc - skipped
[0.155s] -- Detecting C compile features
[0.155s] -- Detecting C compile features - done
[0.160s] -- Detecting CXX compiler ABI info
[0.246s] -- Detecting CXX compiler ABI info - done
[0.249s] -- Check for working CXX compiler: /usr/bin/c++ - skipped
[0.249s] -- Detecting CXX compile features
[0.250s] -- Detecting CXX compile features - done
[0.250s] -- Found ament_cmake: 1.3.10 (/opt/ros/humble/share/ament_cmake/cmake)
[0.340s] -- Found Python3: /usr/bin/python3 (found version "3.10.12") found components: Interpreter 
[0.382s] -- Found gazebo_dev: 3.7.0 (/opt/ros/humble/share/gazebo_dev/cmake)
[0.385s] -- Found PkgConfig: /usr/bin/pkg-config (found version "0.29.2") 
[0.389s] -- Checking for module 'bullet>=2.82'
[0.397s] --   Found bullet, version 3.05
[0.465s] -- Found fcl: /usr/include (found suitable version "0.7.0", minimum required is "0.5.0") 
[0.509s] -- Found assimp: /usr/include (found version "5.2.0") 
[0.521s] -- Found DART: /usr/include (Required is at least version "6.6") found components: dart 
[0.661s] -- Found Boost: /usr/lib/x86_64-linux-gnu/cmake/Boost-1.74.0/BoostConfig.cmake (found suitable version "1.74.0", minimum required is "1.40.0") found components: thread system filesystem program_options regex iostreams date_time 
[0.670s] -- Found Protobuf: /usr/lib/x86_64-linux-gnu/libprotobuf.so (found version "3.12.4") 
[0.674s] -- Looking for ignition-math6 -- found version 6.15.1
[0.678s] -- Searching for dependencies of ignition-math6
[0.679s] -- Looking for OGRE...
[0.680s] -- OGRE_PREFIX_WATCH changed.
[0.685s] -- Checking for module 'OGRE'
[0.699s] --   Found OGRE, version 1.9.0
[0.726s] -- Found Ogre Ghadamon (1.9.0)
[0.730s] -- Found OGRE: optimized;/usr/lib/x86_64-linux-gnu/libOgreMain.so;debug;/usr/lib/x86_64-linux-gnu/libOgreMain.so
[0.735s] -- Looking for OGRE_Paging...
[0.738s] -- Found OGRE_Paging: optimized;/usr/lib/x86_64-linux-gnu/libOgrePaging.so;debug;/usr/lib/x86_64-linux-gnu/libOgrePaging.so
[0.738s] -- Looking for OGRE_Terrain...
[0.740s] -- Found OGRE_Terrain: optimized;/usr/lib/x86_64-linux-gnu/libOgreTerrain.so;debug;/usr/lib/x86_64-linux-gnu/libOgreTerrain.so
[0.740s] -- Looking for OGRE_Property...
[0.742s] -- Found OGRE_Property: optimized;/usr/lib/x86_64-linux-gnu/libOgreProperty.so;debug;/usr/lib/x86_64-linux-gnu/libOgreProperty.so
[0.742s] -- Looking for OGRE_RTShaderSystem...
[0.744s] -- Found OGRE_RTShaderSystem: optimized;/usr/lib/x86_64-linux-gnu/libOgreRTShaderSystem.so;debug;/usr/lib/x86_64-linux-gnu/libOgreRTShaderSystem.so
[0.744s] -- Looking for OGRE_Volume...
[0.747s] -- Found OGRE_Volume: optimized;/usr/lib/x86_64-linux-gnu/libOgreVolume.so;debug;/usr/lib/x86_64-linux-gnu/libOgreVolume.so
[0.747s] -- Looking for OGRE_Overlay...
[0.749s] -- Found OGRE_Overlay: optimized;/usr/lib/x86_64-linux-gnu/libOgreOverlay.so;debug;/usr/lib/x86_64-linux-gnu/libOgreOverlay.so
[0.797s] -- Looking for ignition-math6 -- found version 6.15.1
[0.798s] -- Looking for ignition-transport8 -- found version 8.2.1
[0.798s] -- Searching for dependencies of ignition-transport8
[0.808s] -- Found Protobuf: /usr/lib/x86_64-linux-gnu/libprotobuf.so (found suitable version "3.12.4", minimum required is "3") 
[0.814s] -- Config-file not installed for ZeroMQ -- checking for pkg-config
[0.817s] -- Checking for module 'libzmq >= 4'
[0.826s] --   Found libzmq , version 4.3.4
[0.855s] -- Found ZeroMQ: TRUE (Required is at least version "4") 
[0.859s] -- Checking for module 'uuid'
[0.868s] --   Found uuid, version 2.37.2
[0.890s] -- Found UUID: TRUE  
[0.891s] -- Looking for ignition-msgs5 -- found version 5.8.1
[0.891s] -- Searching for dependencies of ignition-msgs5
[0.902s] -- Looking for ignition-math6 -- found version 6.15.1
[0.905s] -- Checking for module 'tinyxml2'
[0.915s] --   Found tinyxml2, version 9.0.0
[0.939s] -- Looking for ignition-msgs5 -- found version 5.8.1
[0.940s] -- Looking for ignition-common3 -- found version 3.14.0
[0.941s] -- Searching for dependencies of ignition-common3
[0.941s] -- Looking for dlfcn.h - found
[0.942s] -- Looking for libdl - found
[0.943s] -- Found DL: TRUE  
[0.951s] -- Found tinyobjloader: /usr/lib/x86_64-linux-gnu/cmake/tinyobjloader/tinyobjloader-config.cmake (found version "2.0.0") 
[0.951s] -- Searching for <ignition-common3> component [graphics]
[0.952s] -- Looking for ignition-common3-graphics -- found version 3.14.0
[0.952s] -- Searching for dependencies of ignition-common3-graphics
[0.952s] -- Looking for ignition-math6 -- found version 6.15.1
[0.953s] -- Looking for ignition-fuel_tools4 -- found version 4.4.0
[0.954s] -- Searching for dependencies of ignition-fuel_tools4
[1.007s] -- Found CURL: /usr/lib/x86_64-linux-gnu/libcurl.so (found version "7.81.0")  
[1.014s] -- Checking for module 'jsoncpp'
[1.024s] --   Found jsoncpp, version 1.9.5
[1.047s] -- Found JSONCPP: TRUE  
[1.052s] -- Checking for module 'libzip'
[1.061s] --   Found libzip, version 1.7.3
[1.084s] -- Found ZIP: TRUE  
[1.084s] -- Looking for ignition-common3 -- found version 3.14.0
[1.084s] -- Looking for ignition-math6 -- found version 6.15.1
[1.085s] -- Looking for ignition-msgs5 -- found version 5.8.1
[1.086s] -- Gazebo version: 11.10
[1.087s] -- Checking for module 'tbb'
[1.095s] --   Found tbb, version 2021.5.0
[1.119s] -- Found gazebo_ros: 3.7.0 (/opt/ros/humble/share/gazebo_ros/cmake)
[1.136s] -- Found rosidl_generator_c: 3.1.5 (/opt/ros/humble/share/rosidl_generator_c/cmake)
[1.138s] -- Found rosidl_adapter: 3.1.5 (/opt/ros/humble/share/rosidl_adapter/cmake)
[1.142s] -- Found rosidl_generator_cpp: 3.1.5 (/opt/ros/humble/share/rosidl_generator_cpp/cmake)
[1.148s] -- Using all available rosidl_typesupport_c: rosidl_typesupport_fastrtps_c;rosidl_typesupport_introspection_c
[1.155s] -- Using all available rosidl_typesupport_cpp: rosidl_typesupport_fastrtps_cpp;rosidl_typesupport_introspection_cpp
[1.174s] -- Found rmw_implementation_cmake: 6.1.2 (/opt/ros/humble/share/rmw_implementation_cmake/cmake)
[1.176s] -- Found rmw_fastrtps_cpp: 6.2.7 (/opt/ros/humble/share/rmw_fastrtps_cpp/cmake)
[1.230s] -- Found OpenSSL: /usr/lib/x86_64-linux-gnu/libcrypto.so (found version "3.0.2")  
[1.249s] -- Found FastRTPS: /opt/ros/humble/include  
[1.278s] -- Using RMW implementation 'rmw_fastrtps_cpp' as default
[1.284s] -- Found Threads: TRUE  
[1.310s] -- Found gazebo_msgs: 3.7.0 (/opt/ros/humble/share/gazebo_msgs/cmake)
[1.334s] -- Found sensor_msgs: 4.2.4 (/opt/ros/humble/share/sensor_msgs/cmake)
[1.383s] -- Configuring done
[1.393s] -- Generating done
[1.394s] -- Build files have been written to: /home/chen/华南虎视觉/考核项目/导航项目/基本项目/base_ws/build/velodyne_gazebo_plugins
[1.402s] Invoked command in '/home/chen/华南虎视觉/考核项目/导航项目/基本项目/base_ws/build/velodyne_gazebo_plugins' returned '0': CMAKE_PREFIX_PATH=${CMAKE_PREFIX_PATH}:/opt/ros/humble /usr/bin/cmake /home/chen/华南虎视觉/考核项目/导航项目/基本项目/base_ws/src/velodyne_simulator/velodyne_gazebo_plugins -DCMAKE_INSTALL_PREFIX=/home/chen/华南虎视觉/考核项目/导航项目/基本项目/base_ws/install/velodyne_gazebo_plugins
[1.403s] Invoking command in '/home/chen/华南虎视觉/考核项目/导航项目/基本项目/base_ws/build/velodyne_gazebo_plugins': CMAKE_PREFIX_PATH=${CMAKE_PREFIX_PATH}:/opt/ros/humble /usr/bin/cmake --build /home/chen/华南虎视觉/考核项目/导航项目/基本项目/base_ws/build/velodyne_gazebo_plugins -- -j32 -l32
[1.439s] [ 50%] [32mBuilding CXX object CMakeFiles/gazebo_ros_velodyne_laser.dir/src/GazeboRosVelodyneLaser.cpp.o[0m
[8.046s] [100%] [32m[1mLinking CXX shared library libgazebo_ros_velodyne_laser.so[0m
[8.347s] [100%] Built target gazebo_ros_velodyne_laser
[8.355s] Invoked command in '/home/chen/华南虎视觉/考核项目/导航项目/基本项目/base_ws/build/velodyne_gazebo_plugins' returned '0': CMAKE_PREFIX_PATH=${CMAKE_PREFIX_PATH}:/opt/ros/humble /usr/bin/cmake --build /home/chen/华南虎视觉/考核项目/导航项目/基本项目/base_ws/build/velodyne_gazebo_plugins -- -j32 -l32
[8.383s] Invoking command in '/home/chen/华南虎视觉/考核项目/导航项目/基本项目/base_ws/build/velodyne_gazebo_plugins': CMAKE_PREFIX_PATH=${CMAKE_PREFIX_PATH}:/opt/ros/humble /usr/bin/cmake --install /home/chen/华南虎视觉/考核项目/导航项目/基本项目/base_ws/build/velodyne_gazebo_plugins
[8.391s] -- Install configuration: ""
[8.391s] -- Installing: /home/chen/华南虎视觉/考核项目/导航项目/基本项目/base_ws/install/velodyne_gazebo_plugins/lib/libgazebo_ros_velodyne_laser.so
[8.394s] -- Set runtime path of "/home/chen/华南虎视觉/考核项目/导航项目/基本项目/base_ws/install/velodyne_gazebo_plugins/lib/libgazebo_ros_velodyne_laser.so" to ""
[8.394s] -- Installing: /home/chen/华南虎视觉/考核项目/导航项目/基本项目/base_ws/install/velodyne_gazebo_plugins/include/velodyne_gazebo_plugins
[8.394s] -- Installing: /home/chen/华南虎视觉/考核项目/导航项目/基本项目/base_ws/install/velodyne_gazebo_plugins/include/velodyne_gazebo_plugins/GazeboRosVelodyneLaser.hpp
[8.394s] -- Installing: /home/chen/华南虎视觉/考核项目/导航项目/基本项目/base_ws/install/velodyne_gazebo_plugins/share/velodyne_gazebo_plugins/environment/library_path.sh
[8.394s] -- Installing: /home/chen/华南虎视觉/考核项目/导航项目/基本项目/base_ws/install/velodyne_gazebo_plugins/share/velodyne_gazebo_plugins/environment/library_path.dsv
[8.394s] -- Installing: /home/chen/华南虎视觉/考核项目/导航项目/基本项目/base_ws/install/velodyne_gazebo_plugins/share/ament_index/resource_index/package_run_dependencies/velodyne_gazebo_plugins
[8.394s] -- Installing: /home/chen/华南虎视觉/考核项目/导航项目/基本项目/base_ws/install/velodyne_gazebo_plugins/share/ament_index/resource_index/parent_prefix_path/velodyne_gazebo_plugins
[8.394s] -- Installing: /home/chen/华南虎视觉/考核项目/导航项目/基本项目/base_ws/install/velodyne_gazebo_plugins/share/velodyne_gazebo_plugins/environment/ament_prefix_path.sh
[8.394s] -- Installing: /home/chen/华南虎视觉/考核项目/导航项目/基本项目/base_ws/install/velodyne_gazebo_plugins/share/velodyne_gazebo_plugins/environment/ament_prefix_path.dsv
[8.394s] -- Installing: /home/chen/华南虎视觉/考核项目/导航项目/基本项目/base_ws/install/velodyne_gazebo_plugins/share/velodyne_gazebo_plugins/environment/path.sh
[8.395s] -- Installing: /home/chen/华南虎视觉/考核项目/导航项目/基本项目/base_ws/install/velodyne_gazebo_plugins/share/velodyne_gazebo_plugins/environment/path.dsv
[8.395s] -- Installing: /home/chen/华南虎视觉/考核项目/导航项目/基本项目/base_ws/install/velodyne_gazebo_plugins/share/velodyne_gazebo_plugins/local_setup.bash
[8.395s] -- Installing: /home/chen/华南虎视觉/考核项目/导航项目/基本项目/base_ws/install/velodyne_gazebo_plugins/share/velodyne_gazebo_plugins/local_setup.sh
[8.395s] -- Installing: /home/chen/华南虎视觉/考核项目/导航项目/基本项目/base_ws/install/velodyne_gazebo_plugins/share/velodyne_gazebo_plugins/local_setup.zsh
[8.395s] -- Installing: /home/chen/华南虎视觉/考核项目/导航项目/基本项目/base_ws/install/velodyne_gazebo_plugins/share/velodyne_gazebo_plugins/local_setup.dsv
[8.395s] -- Installing: /home/chen/华南虎视觉/考核项目/导航项目/基本项目/base_ws/install/velodyne_gazebo_plugins/share/velodyne_gazebo_plugins/package.dsv
[8.395s] -- Installing: /home/chen/华南虎视觉/考核项目/导航项目/基本项目/base_ws/install/velodyne_gazebo_plugins/share/ament_index/resource_index/packages/velodyne_gazebo_plugins
[8.395s] -- Installing: /home/chen/华南虎视觉/考核项目/导航项目/基本项目/base_ws/install/velodyne_gazebo_plugins/share/velodyne_gazebo_plugins/cmake/ament_cmake_export_include_directories-extras.cmake
[8.395s] -- Installing: /home/chen/华南虎视觉/考核项目/导航项目/基本项目/base_ws/install/velodyne_gazebo_plugins/share/velodyne_gazebo_plugins/cmake/ament_cmake_export_libraries-extras.cmake
[8.395s] -- Installing: /home/chen/华南虎视觉/考核项目/导航项目/基本项目/base_ws/install/velodyne_gazebo_plugins/share/velodyne_gazebo_plugins/cmake/ament_cmake_export_dependencies-extras.cmake
[8.395s] -- Installing: /home/chen/华南虎视觉/考核项目/导航项目/基本项目/base_ws/install/velodyne_gazebo_plugins/share/velodyne_gazebo_plugins/cmake/velodyne_gazebo_pluginsConfig.cmake
[8.395s] -- Installing: /home/chen/华南虎视觉/考核项目/导航项目/基本项目/base_ws/install/velodyne_gazebo_plugins/share/velodyne_gazebo_plugins/cmake/velodyne_gazebo_pluginsConfig-version.cmake
[8.395s] -- Installing: /home/chen/华南虎视觉/考核项目/导航项目/基本项目/base_ws/install/velodyne_gazebo_plugins/share/velodyne_gazebo_plugins/package.xml
[8.398s] Invoked command in '/home/chen/华南虎视觉/考核项目/导航项目/基本项目/base_ws/build/velodyne_gazebo_plugins' returned '0': CMAKE_PREFIX_PATH=${CMAKE_PREFIX_PATH}:/opt/ros/humble /usr/bin/cmake --install /home/chen/华南虎视觉/考核项目/导航项目/基本项目/base_ws/build/velodyne_gazebo_plugins
