[0.013s] Invoking command in '/home/chen/华南虎视觉/考核项目/导航项目/基本项目/base_ws/build/velodyne_simulator': CMAKE_PREFIX_PATH=/home/chen/华南虎视觉/考核项目/导航项目/基本项目/base_ws/install/velodyne_gazebo_plugins:/home/chen/华南虎视觉/考核项目/导航项目/基本项目/base_ws/install/velodyne_description:/home/chen/华南虎视觉/考核项目/导航项目/基本项目/base_ws/install/velodyne_simulator:/home/chen/华南虎视觉/考核项目/导航项目/基本项目/base_ws/install/my_car:/opt/ros/humble /usr/bin/cmake /home/chen/华南虎视觉/考核项目/导航项目/基本项目/base_ws/src/velodyne_simulator/velodyne_simulator -DCMAKE_INSTALL_PREFIX=/home/chen/华南虎视觉/考核项目/导航项目/基本项目/base_ws/install/velodyne_simulator
[0.085s] -- The C compiler identification is GNU 12.3.0
[0.137s] -- The CXX compiler identification is GNU 11.4.0
[0.145s] -- Detecting C compiler ABI info
[0.220s] -- Detecting C compiler ABI info - done
[0.228s] -- Check for working C compiler: /usr/bin/cc - skipped
[0.228s] -- Detecting C compile features
[0.228s] -- Detecting C compile features - done
[0.232s] -- Detecting CXX compiler ABI info
[0.307s] -- Detecting CXX compiler ABI info - done
[0.312s] -- Check for working CXX compiler: /usr/bin/c++ - skipped
[0.312s] -- Detecting CXX compile features
[0.313s] -- Detecting CXX compile features - done
[0.315s] -- Found ament_cmake: 1.3.10 (/opt/ros/humble/share/ament_cmake/cmake)
[0.422s] -- Found Python3: /usr/bin/python3 (found version "3.10.12") found components: Interpreter 
[0.507s] -- Configuring done
[0.508s] -- Generating done
[0.508s] -- Build files have been written to: /home/chen/华南虎视觉/考核项目/导航项目/基本项目/base_ws/build/velodyne_simulator
[0.511s] Invoked command in '/home/chen/华南虎视觉/考核项目/导航项目/基本项目/base_ws/build/velodyne_simulator' returned '0': CMAKE_PREFIX_PATH=/home/chen/华南虎视觉/考核项目/导航项目/基本项目/base_ws/install/velodyne_gazebo_plugins:/home/chen/华南虎视觉/考核项目/导航项目/基本项目/base_ws/install/velodyne_description:/home/chen/华南虎视觉/考核项目/导航项目/基本项目/base_ws/install/velodyne_simulator:/home/chen/华南虎视觉/考核项目/导航项目/基本项目/base_ws/install/my_car:/opt/ros/humble /usr/bin/cmake /home/chen/华南虎视觉/考核项目/导航项目/基本项目/base_ws/src/velodyne_simulator/velodyne_simulator -DCMAKE_INSTALL_PREFIX=/home/chen/华南虎视觉/考核项目/导航项目/基本项目/base_ws/install/velodyne_simulator
[0.512s] Invoking command in '/home/chen/华南虎视觉/考核项目/导航项目/基本项目/base_ws/build/velodyne_simulator': CMAKE_PREFIX_PATH=/home/chen/华南虎视觉/考核项目/导航项目/基本项目/base_ws/install/velodyne_gazebo_plugins:/home/chen/华南虎视觉/考核项目/导航项目/基本项目/base_ws/install/velodyne_description:/home/chen/华南虎视觉/考核项目/导航项目/基本项目/base_ws/install/velodyne_simulator:/home/chen/华南虎视觉/考核项目/导航项目/基本项目/base_ws/install/my_car:/opt/ros/humble /usr/bin/cmake --build /home/chen/华南虎视觉/考核项目/导航项目/基本项目/base_ws/build/velodyne_simulator -- -j32 -l32
[0.546s] Invoked command in '/home/chen/华南虎视觉/考核项目/导航项目/基本项目/base_ws/build/velodyne_simulator' returned '0': CMAKE_PREFIX_PATH=/home/chen/华南虎视觉/考核项目/导航项目/基本项目/base_ws/install/velodyne_gazebo_plugins:/home/chen/华南虎视觉/考核项目/导航项目/基本项目/base_ws/install/velodyne_description:/home/chen/华南虎视觉/考核项目/导航项目/基本项目/base_ws/install/velodyne_simulator:/home/chen/华南虎视觉/考核项目/导航项目/基本项目/base_ws/install/my_car:/opt/ros/humble /usr/bin/cmake --build /home/chen/华南虎视觉/考核项目/导航项目/基本项目/base_ws/build/velodyne_simulator -- -j32 -l32
[0.575s] Invoking command in '/home/chen/华南虎视觉/考核项目/导航项目/基本项目/base_ws/build/velodyne_simulator': CMAKE_PREFIX_PATH=/home/chen/华南虎视觉/考核项目/导航项目/基本项目/base_ws/install/velodyne_gazebo_plugins:/home/chen/华南虎视觉/考核项目/导航项目/基本项目/base_ws/install/velodyne_description:/home/chen/华南虎视觉/考核项目/导航项目/基本项目/base_ws/install/velodyne_simulator:/home/chen/华南虎视觉/考核项目/导航项目/基本项目/base_ws/install/my_car:/opt/ros/humble /usr/bin/cmake --install /home/chen/华南虎视觉/考核项目/导航项目/基本项目/base_ws/build/velodyne_simulator
[0.582s] -- Install configuration: ""
[0.582s] -- Installing: /home/chen/华南虎视觉/考核项目/导航项目/基本项目/base_ws/install/velodyne_simulator/share/ament_index/resource_index/package_run_dependencies/velodyne_simulator
[0.582s] -- Installing: /home/chen/华南虎视觉/考核项目/导航项目/基本项目/base_ws/install/velodyne_simulator/share/ament_index/resource_index/parent_prefix_path/velodyne_simulator
[0.582s] -- Installing: /home/chen/华南虎视觉/考核项目/导航项目/基本项目/base_ws/install/velodyne_simulator/share/velodyne_simulator/environment/ament_prefix_path.sh
[0.582s] -- Installing: /home/chen/华南虎视觉/考核项目/导航项目/基本项目/base_ws/install/velodyne_simulator/share/velodyne_simulator/environment/ament_prefix_path.dsv
[0.582s] -- Installing: /home/chen/华南虎视觉/考核项目/导航项目/基本项目/base_ws/install/velodyne_simulator/share/velodyne_simulator/environment/path.sh
[0.583s] -- Installing: /home/chen/华南虎视觉/考核项目/导航项目/基本项目/base_ws/install/velodyne_simulator/share/velodyne_simulator/environment/path.dsv
[0.583s] -- Installing: /home/chen/华南虎视觉/考核项目/导航项目/基本项目/base_ws/install/velodyne_simulator/share/velodyne_simulator/local_setup.bash
[0.583s] -- Installing: /home/chen/华南虎视觉/考核项目/导航项目/基本项目/base_ws/install/velodyne_simulator/share/velodyne_simulator/local_setup.sh
[0.583s] -- Installing: /home/chen/华南虎视觉/考核项目/导航项目/基本项目/base_ws/install/velodyne_simulator/share/velodyne_simulator/local_setup.zsh
[0.583s] -- Installing: /home/chen/华南虎视觉/考核项目/导航项目/基本项目/base_ws/install/velodyne_simulator/share/velodyne_simulator/local_setup.dsv
[0.583s] -- Installing: /home/chen/华南虎视觉/考核项目/导航项目/基本项目/base_ws/install/velodyne_simulator/share/velodyne_simulator/package.dsv
[0.583s] -- Installing: /home/chen/华南虎视觉/考核项目/导航项目/基本项目/base_ws/install/velodyne_simulator/share/ament_index/resource_index/packages/velodyne_simulator
[0.583s] -- Installing: /home/chen/华南虎视觉/考核项目/导航项目/基本项目/base_ws/install/velodyne_simulator/share/velodyne_simulator/cmake/velodyne_simulatorConfig.cmake
[0.583s] -- Installing: /home/chen/华南虎视觉/考核项目/导航项目/基本项目/base_ws/install/velodyne_simulator/share/velodyne_simulator/cmake/velodyne_simulatorConfig-version.cmake
[0.583s] -- Installing: /home/chen/华南虎视觉/考核项目/导航项目/基本项目/base_ws/install/velodyne_simulator/share/velodyne_simulator/package.xml
[0.585s] Invoked command in '/home/chen/华南虎视觉/考核项目/导航项目/基本项目/base_ws/build/velodyne_simulator' returned '0': CMAKE_PREFIX_PATH=/home/chen/华南虎视觉/考核项目/导航项目/基本项目/base_ws/install/velodyne_gazebo_plugins:/home/chen/华南虎视觉/考核项目/导航项目/基本项目/base_ws/install/velodyne_description:/home/chen/华南虎视觉/考核项目/导航项目/基本项目/base_ws/install/velodyne_simulator:/home/chen/华南虎视觉/考核项目/导航项目/基本项目/base_ws/install/my_car:/opt/ros/humble /usr/bin/cmake --install /home/chen/华南虎视觉/考核项目/导航项目/基本项目/base_ws/build/velodyne_simulator
