[0.006s] Invoking command in '/home/chen/华南虎视觉/考核项目/导航项目/测试项目/sphere_motion/pcl_ws/build/pcl_task': CMAKE_PREFIX_PATH=${CMAKE_PREFIX_PATH}:/opt/ros/humble /usr/bin/cmake --build /home/chen/华南虎视觉/考核项目/导航项目/测试项目/sphere_motion/pcl_ws/build/pcl_task -- -j32 -l32
[0.061s] [ 50%] Built target ros2pcl_test_sub
[0.062s] [ 75%] [32mBuilding CXX object CMakeFiles/PCD_Publisher.dir/src/pcd_loading.cpp.o[0m
[2.525s] In file included from [01m[K/opt/ros/humble/include/rclcpp/rclcpp/client.hpp:40[m[K,
[2.525s]                  from [01m[K/opt/ros/humble/include/rclcpp/rclcpp/callback_group.hpp:24[m[K,
[2.525s]                  from [01m[K/opt/ros/humble/include/rclcpp/rclcpp/any_executable.hpp:20[m[K,
[2.525s]                  from [01m[K/opt/ros/humble/include/rclcpp/rclcpp/memory_strategy.hpp:25[m[K,
[2.525s]                  from [01m[K/opt/ros/humble/include/rclcpp/rclcpp/memory_strategies.hpp:18[m[K,
[2.525s]                  from [01m[K/opt/ros/humble/include/rclcpp/rclcpp/executor_options.hpp:20[m[K,
[2.525s]                  from [01m[K/opt/ros/humble/include/rclcpp/rclcpp/executor.hpp:37[m[K,
[2.525s]                  from [01m[K/opt/ros/humble/include/rclcpp/rclcpp/executors/multi_threaded_executor.hpp:25[m[K,
[2.525s]                  from [01m[K/opt/ros/humble/include/rclcpp/rclcpp/executors.hpp:21[m[K,
[2.526s]                  from [01m[K/opt/ros/humble/include/rclcpp/rclcpp/rclcpp.hpp:155[m[K,
[2.526s]                  from [01m[K/home/chen/华南虎视觉/考核项目/导航项目/测试项目/sphere_motion/pcl_ws/pcl_task/src/pcd_loading.cpp:1[m[K:
[2.526s] [01m[K/home/chen/华南虎视觉/考核项目/导航项目/测试项目/sphere_motion/pcl_ws/pcl_task/src/pcd_loading.cpp:[m[K In member function ‘[01m[Kvoid PCD_loading::PCD_publisher()[m[K’:
[2.526s] [01m[K/home/chen/华南虎视觉/考核项目/导航项目/测试项目/sphere_motion/pcl_ws/pcl_task/src/pcd_loading.cpp:61:21:[m[K [01;31m[Kerror: [m[K‘[01m[Knode[m[K’ was not declared in this scope; did you mean ‘[01m[KNode[m[K’?
[2.526s]    61 |         RCLCPP_INFO([01;31m[Knode[m[K->get_logger(), "节点已经启动.");
[2.526s]       |                     [01;31m[K^~~~[m[K
[2.526s] [01m[K/home/chen/华南虎视觉/考核项目/导航项目/测试项目/sphere_motion/pcl_ws/pcl_task/src/pcd_loading.cpp:61:9:[m[K [01;31m[Kerror: [m[Ktemplate argument 1 is invalid
[2.526s]    61 |         [01;31m[KRCLCPP_INFO[m[K(node->get_logger(), "节点已经启动.");
[2.526s]       |         [01;31m[K^~~~~~~~~~~[m[K
[2.526s] [01m[K/home/chen/华南虎视觉/考核项目/导航项目/测试项目/sphere_motion/pcl_ws/pcl_task/src/pcd_loading.cpp:61:9:[m[K [01;31m[Kerror: [m[Ktemplate argument 1 is invalid
[2.526s]    61 |         [01;31m[KRCLCPP_INFO[m[K(node->get_logger(), "节点已经启动.");
[2.526s]       |         [01;31m[K^~~~~~~~~~~[m[K
[2.526s] [01m[K/home/chen/华南虎视觉/考核项目/导航项目/测试项目/sphere_motion/pcl_ws/pcl_task/src/pcd_loading.cpp:61:9:[m[K [01;31m[Kerror: [m[Ktemplate argument 1 is invalid
[2.526s]    61 |         [01;31m[KRCLCPP_INFO[m[K(node->get_logger(), "节点已经启动.");
[2.526s]       |         [01;31m[K^~~~~~~~~~~[m[K
[3.189s] gmake[2]: *** [CMakeFiles/PCD_Publisher.dir/build.make:76：CMakeFiles/PCD_Publisher.dir/src/pcd_loading.cpp.o] 错误 1
[3.189s] gmake[1]: *** [CMakeFiles/Makefile2:139：CMakeFiles/PCD_Publisher.dir/all] 错误 2
[3.189s] gmake: *** [Makefile:146：all] 错误 2
[3.190s] Invoked command in '/home/chen/华南虎视觉/考核项目/导航项目/测试项目/sphere_motion/pcl_ws/build/pcl_task' returned '2': CMAKE_PREFIX_PATH=${CMAKE_PREFIX_PATH}:/opt/ros/humble /usr/bin/cmake --build /home/chen/华南虎视觉/考核项目/导航项目/测试项目/sphere_motion/pcl_ws/build/pcl_task -- -j32 -l32
