[0.006s] Invoking command in '/home/chen/华南虎视觉/考核项目/导航项目/测试项目/sphere_motion/pcl_ws/build/pcl_task': CMAKE_PREFIX_PATH=${CMAKE_PREFIX_PATH}:/opt/ros/humble /usr/bin/cmake --build /home/chen/华南虎视觉/考核项目/导航项目/测试项目/sphere_motion/pcl_ws/build/pcl_task -- -j32 -l32
[0.023s] -- Found ament_cmake: 1.3.10 (/opt/ros/humble/share/ament_cmake/cmake)
[0.100s] -- Found sensor_msgs: 4.2.4 (/opt/ros/humble/share/sensor_msgs/cmake)
[0.112s] -- Found rosidl_generator_c: 3.1.5 (/opt/ros/humble/share/rosidl_generator_c/cmake)
[0.113s] -- Found rosidl_adapter: 3.1.5 (/opt/ros/humble/share/rosidl_adapter/cmake)
[0.116s] -- Found rosidl_generator_cpp: 3.1.5 (/opt/ros/humble/share/rosidl_generator_cpp/cmake)
[0.120s] -- Using all available rosidl_typesupport_c: rosidl_typesupport_fastrtps_c;rosidl_typesupport_introspection_c
[0.126s] -- Using all available rosidl_typesupport_cpp: rosidl_typesupport_fastrtps_cpp;rosidl_typesupport_introspection_cpp
[0.150s] -- Found rclcpp: 16.0.10 (/opt/ros/humble/share/rclcpp/cmake)
[0.163s] -- Found rmw_implementation_cmake: 6.1.2 (/opt/ros/humble/share/rmw_implementation_cmake/cmake)
[0.163s] -- Found rmw_fastrtps_cpp: 6.2.7 (/opt/ros/humble/share/rmw_fastrtps_cpp/cmake)
[0.233s] -- Using RMW implementation 'rmw_fastrtps_cpp' as default
[0.267s] -- Eigen found (include: /usr/include/eigen3, version: 3.4.0)
[0.288s] -- FLANN found (include: /usr/include, lib: /usr/lib/x86_64-linux-gnu/libflann_cpp.so)
[0.507s] -- OpenNI found (version: 1.5.4.0, include: /usr/include/ni, lib: /usr/lib/libOpenNI.so;libusb::libusb)
[0.516s] -- OpenNI2 found (version: 2.2.0.33, include: /usr/include/openni2, lib: /usr/lib/x86_64-linux-gnu/libOpenNI2.so;libusb::libusb)
[0.516s] [0m** WARNING ** io features related to pcap will be disabled[0m
[0.631s] -- Eigen found (include: /usr/include/eigen3, version: 3.4.0)
[0.636s] -- OpenNI found (version: 1.5.4.0, include: /usr/include/ni, lib: /usr/lib/libOpenNI.so;libusb::libusb)
[0.641s] -- OpenNI2 found (version: 2.2.0.33, include: /usr/include/openni2, lib: /usr/lib/x86_64-linux-gnu/libOpenNI2.so;libusb::libusb)
[0.751s] -- Found Qhull version 8.0.2
[0.844s] -- OpenNI found (version: 1.5.4.0, include: /usr/include/ni, lib: /usr/lib/libOpenNI.so;libusb::libusb)
[0.953s] -- looking for PCL_COMMON
[0.953s] -- looking for PCL_KDTREE
[0.953s] -- looking for PCL_OCTREE
[0.953s] -- looking for PCL_SEARCH
[0.953s] -- looking for PCL_SAMPLE_CONSENSUS
[0.953s] -- looking for PCL_FILTERS
[0.954s] -- looking for PCL_2D
[0.954s] -- looking for PCL_GEOMETRY
[0.954s] -- looking for PCL_IO
[0.954s] -- looking for PCL_FEATURES
[0.954s] -- looking for PCL_ML
[0.954s] -- looking for PCL_SEGMENTATION
[0.954s] -- looking for PCL_VISUALIZATION
[0.955s] -- looking for PCL_SURFACE
[0.955s] -- looking for PCL_REGISTRATION
[0.955s] -- looking for PCL_KEYPOINTS
[0.955s] -- looking for PCL_TRACKING
[0.955s] -- looking for PCL_RECOGNITION
[0.955s] -- looking for PCL_STEREO
[0.956s] -- looking for PCL_APPS
[0.956s] -- looking for PCL_IN_HAND_SCANNER
[0.956s] -- looking for PCL_MODELER
[0.956s] -- looking for PCL_POINT_CLOUD_EDITOR
[0.956s] -- looking for PCL_OUTOFCORE
[0.957s] -- looking for PCL_PEOPLE
[0.957s] -- Found pcl_conversions: 2.4.5 (/opt/ros/humble/share/pcl_conversions/cmake)
[0.970s] -- Found ament_lint_auto: 0.12.11 (/opt/ros/humble/share/ament_lint_auto/cmake)
[1.022s] -- Added test 'cppcheck' to perform static code analysis on C / C++ code
[1.022s] -- Configured cppcheck include dirs: /home/chen/华南虎视觉/考核项目/导航项目/测试项目/sphere_motion/pcl_ws/pcl_task/include
[1.022s] -- Configured cppcheck exclude dirs and/or files: 
[1.022s] -- Added test 'flake8' to check Python code syntax and style conventions
[1.023s] -- Added test 'lint_cmake' to check CMake code style
[1.023s] -- Added test 'pep257' to check Python code against some of the docstring style conventions in PEP 257
[1.023s] -- Added test 'uncrustify' to check C / C++ code style
[1.023s] -- Configured uncrustify additional arguments: 
[1.023s] -- Added test 'xmllint' to check XML markup files
[1.023s] -- Configuring done
[1.039s] -- Generating done
[1.040s] -- Build files have been written to: /home/chen/华南虎视觉/考核项目/导航项目/测试项目/sphere_motion/pcl_ws/build/pcl_task
[1.059s] [35m[1mConsolidate compiler generated dependencies of target PCD_Publisher[0m
[1.066s] [ 25%] [32mBuilding CXX object CMakeFiles/ros2pcl_test_sub.dir/src/ros2pcl_test_sub.cpp.o[0m
[1.078s] [ 75%] Built target PCD_Publisher
[5.880s] [100%] [32m[1mLinking CXX executable ros2pcl_test_sub[0m
[6.176s] [100%] Built target ros2pcl_test_sub
[6.183s] Invoked command in '/home/chen/华南虎视觉/考核项目/导航项目/测试项目/sphere_motion/pcl_ws/build/pcl_task' returned '0': CMAKE_PREFIX_PATH=${CMAKE_PREFIX_PATH}:/opt/ros/humble /usr/bin/cmake --build /home/chen/华南虎视觉/考核项目/导航项目/测试项目/sphere_motion/pcl_ws/build/pcl_task -- -j32 -l32
[6.227s] Invoking command in '/home/chen/华南虎视觉/考核项目/导航项目/测试项目/sphere_motion/pcl_ws/build/pcl_task': CMAKE_PREFIX_PATH=${CMAKE_PREFIX_PATH}:/opt/ros/humble /usr/bin/cmake --install /home/chen/华南虎视觉/考核项目/导航项目/测试项目/sphere_motion/pcl_ws/build/pcl_task
[6.237s] -- Install configuration: ""
[6.237s] -- Up-to-date: /home/chen/华南虎视觉/考核项目/导航项目/测试项目/sphere_motion/pcl_ws/install/pcl_task/lib/pcl_task/PCD_Publisher
[6.237s] -- Up-to-date: /home/chen/华南虎视觉/考核项目/导航项目/测试项目/sphere_motion/pcl_ws/install/pcl_task/share/pcl_task/launch
[6.237s] -- Installing: /home/chen/华南虎视觉/考核项目/导航项目/测试项目/sphere_motion/pcl_ws/install/pcl_task/share/pcl_task/launch/PCD_Publisher.launch.py
[6.237s] -- Up-to-date: /home/chen/华南虎视觉/考核项目/导航项目/测试项目/sphere_motion/pcl_ws/install/pcl_task/share/ament_index/resource_index/package_run_dependencies/pcl_task
[6.237s] -- Up-to-date: /home/chen/华南虎视觉/考核项目/导航项目/测试项目/sphere_motion/pcl_ws/install/pcl_task/share/ament_index/resource_index/parent_prefix_path/pcl_task
[6.237s] -- Up-to-date: /home/chen/华南虎视觉/考核项目/导航项目/测试项目/sphere_motion/pcl_ws/install/pcl_task/share/pcl_task/environment/ament_prefix_path.sh
[6.238s] -- Installing: /home/chen/华南虎视觉/考核项目/导航项目/测试项目/sphere_motion/pcl_ws/install/pcl_task/share/pcl_task/environment/ament_prefix_path.dsv
[6.238s] -- Up-to-date: /home/chen/华南虎视觉/考核项目/导航项目/测试项目/sphere_motion/pcl_ws/install/pcl_task/share/pcl_task/environment/path.sh
[6.238s] -- Installing: /home/chen/华南虎视觉/考核项目/导航项目/测试项目/sphere_motion/pcl_ws/install/pcl_task/share/pcl_task/environment/path.dsv
[6.238s] -- Up-to-date: /home/chen/华南虎视觉/考核项目/导航项目/测试项目/sphere_motion/pcl_ws/install/pcl_task/share/pcl_task/local_setup.bash
[6.238s] -- Up-to-date: /home/chen/华南虎视觉/考核项目/导航项目/测试项目/sphere_motion/pcl_ws/install/pcl_task/share/pcl_task/local_setup.sh
[6.238s] -- Up-to-date: /home/chen/华南虎视觉/考核项目/导航项目/测试项目/sphere_motion/pcl_ws/install/pcl_task/share/pcl_task/local_setup.zsh
[6.238s] -- Installing: /home/chen/华南虎视觉/考核项目/导航项目/测试项目/sphere_motion/pcl_ws/install/pcl_task/share/pcl_task/local_setup.dsv
[6.238s] -- Installing: /home/chen/华南虎视觉/考核项目/导航项目/测试项目/sphere_motion/pcl_ws/install/pcl_task/share/pcl_task/package.dsv
[6.238s] -- Up-to-date: /home/chen/华南虎视觉/考核项目/导航项目/测试项目/sphere_motion/pcl_ws/install/pcl_task/share/ament_index/resource_index/packages/pcl_task
[6.238s] -- Up-to-date: /home/chen/华南虎视觉/考核项目/导航项目/测试项目/sphere_motion/pcl_ws/install/pcl_task/share/pcl_task/cmake/ament_cmake_export_include_directories-extras.cmake
[6.238s] -- Up-to-date: /home/chen/华南虎视觉/考核项目/导航项目/测试项目/sphere_motion/pcl_ws/install/pcl_task/share/pcl_task/cmake/pcl_taskConfig.cmake
[6.238s] -- Up-to-date: /home/chen/华南虎视觉/考核项目/导航项目/测试项目/sphere_motion/pcl_ws/install/pcl_task/share/pcl_task/cmake/pcl_taskConfig-version.cmake
[6.239s] -- Up-to-date: /home/chen/华南虎视觉/考核项目/导航项目/测试项目/sphere_motion/pcl_ws/install/pcl_task/share/pcl_task/package.xml
[6.241s] Invoked command in '/home/chen/华南虎视觉/考核项目/导航项目/测试项目/sphere_motion/pcl_ws/build/pcl_task' returned '0': CMAKE_PREFIX_PATH=${CMAKE_PREFIX_PATH}:/opt/ros/humble /usr/bin/cmake --install /home/chen/华南虎视觉/考核项目/导航项目/测试项目/sphere_motion/pcl_ws/build/pcl_task
