[0.005s] Invoking command in '/home/chen/华南虎视觉/考核项目/导航项目/综合项目/generalization_task_ws/build/my_car': CMAKE_PREFIX_PATH=/opt/ros/humble /usr/bin/cmake /home/chen/华南虎视觉/考核项目/导航项目/综合项目/generalization_task_ws/src/my_car -DCMAKE_INSTALL_PREFIX=/home/chen/华南虎视觉/考核项目/导航项目/综合项目/generalization_task_ws/install/my_car
[0.011s] -- Found ament_cmake: 1.3.0 (/usr/share/ament_cmake/cmake)
[0.096s] -- Found nav2_bringup: 1.1.16 (/opt/ros/humble/share/nav2_bringup/cmake)
[0.096s] -- Found ament_lint_auto: 0.12.11 (/opt/ros/humble/share/ament_lint_auto/cmake)
[0.137s] -- Added test 'flake8' to check Python code syntax and style conventions
[0.137s] -- Added test 'lint_cmake' to check CMake code style
[0.137s] -- Added test 'pep257' to check Python code against some of the docstring style conventions in PEP 257
[0.137s] -- Added test 'xmllint' to check XML markup files
[0.138s] -- Configuring done
[0.139s] -- Generating done
[0.139s] -- Build files have been written to: /home/chen/华南虎视觉/考核项目/导航项目/综合项目/generalization_task_ws/build/my_car
[0.142s] Invoked command in '/home/chen/华南虎视觉/考核项目/导航项目/综合项目/generalization_task_ws/build/my_car' returned '0': CMAKE_PREFIX_PATH=/opt/ros/humble /usr/bin/cmake /home/chen/华南虎视觉/考核项目/导航项目/综合项目/generalization_task_ws/src/my_car -DCMAKE_INSTALL_PREFIX=/home/chen/华南虎视觉/考核项目/导航项目/综合项目/generalization_task_ws/install/my_car
[0.142s] Invoking command in '/home/chen/华南虎视觉/考核项目/导航项目/综合项目/generalization_task_ws/build/my_car': CMAKE_PREFIX_PATH=/opt/ros/humble /usr/bin/cmake --build /home/chen/华南虎视觉/考核项目/导航项目/综合项目/generalization_task_ws/build/my_car -- -j32 -l32
[0.173s] Invoked command in '/home/chen/华南虎视觉/考核项目/导航项目/综合项目/generalization_task_ws/build/my_car' returned '0': CMAKE_PREFIX_PATH=/opt/ros/humble /usr/bin/cmake --build /home/chen/华南虎视觉/考核项目/导航项目/综合项目/generalization_task_ws/build/my_car -- -j32 -l32
[0.207s] Invoking command in '/home/chen/华南虎视觉/考核项目/导航项目/综合项目/generalization_task_ws/build/my_car': CMAKE_PREFIX_PATH=/opt/ros/humble /usr/bin/cmake --install /home/chen/华南虎视觉/考核项目/导航项目/综合项目/generalization_task_ws/build/my_car
[0.213s] -- Install configuration: ""
[0.213s] -- Installing: /home/chen/华南虎视觉/考核项目/导航项目/综合项目/generalization_task_ws/install/my_car/share/my_car/config
[0.214s] -- Installing: /home/chen/华南虎视觉/考核项目/导航项目/综合项目/generalization_task_ws/install/my_car/share/my_car/config/my_car_2d.lua
[0.214s] -- Installing: /home/chen/华南虎视觉/考核项目/导航项目/综合项目/generalization_task_ws/install/my_car/share/my_car/launch
[0.214s] -- Installing: /home/chen/华南虎视觉/考核项目/导航项目/综合项目/generalization_task_ws/install/my_car/share/my_car/launch/cartographer.launch.py
[0.214s] -- Installing: /home/chen/华南虎视觉/考核项目/导航项目/综合项目/generalization_task_ws/install/my_car/share/my_car/rviz
[0.214s] -- Installing: /home/chen/华南虎视觉/考核项目/导航项目/综合项目/generalization_task_ws/install/my_car/share/ament_index/resource_index/package_run_dependencies/my_car
[0.214s] -- Installing: /home/chen/华南虎视觉/考核项目/导航项目/综合项目/generalization_task_ws/install/my_car/share/ament_index/resource_index/parent_prefix_path/my_car
[0.214s] -- Installing: /home/chen/华南虎视觉/考核项目/导航项目/综合项目/generalization_task_ws/install/my_car/share/my_car/environment/ament_prefix_path.sh
[0.214s] -- Installing: /home/chen/华南虎视觉/考核项目/导航项目/综合项目/generalization_task_ws/install/my_car/share/my_car/environment/ament_prefix_path.dsv
[0.214s] -- Installing: /home/chen/华南虎视觉/考核项目/导航项目/综合项目/generalization_task_ws/install/my_car/share/my_car/environment/path.sh
[0.214s] -- Installing: /home/chen/华南虎视觉/考核项目/导航项目/综合项目/generalization_task_ws/install/my_car/share/my_car/environment/path.dsv
[0.214s] -- Installing: /home/chen/华南虎视觉/考核项目/导航项目/综合项目/generalization_task_ws/install/my_car/share/my_car/local_setup.bash
[0.215s] -- Installing: /home/chen/华南虎视觉/考核项目/导航项目/综合项目/generalization_task_ws/install/my_car/share/my_car/local_setup.sh
[0.215s] -- Installing: /home/chen/华南虎视觉/考核项目/导航项目/综合项目/generalization_task_ws/install/my_car/share/my_car/local_setup.zsh
[0.215s] -- Installing: /home/chen/华南虎视觉/考核项目/导航项目/综合项目/generalization_task_ws/install/my_car/share/my_car/local_setup.dsv
[0.215s] -- Installing: /home/chen/华南虎视觉/考核项目/导航项目/综合项目/generalization_task_ws/install/my_car/share/my_car/package.dsv
[0.215s] -- Installing: /home/chen/华南虎视觉/考核项目/导航项目/综合项目/generalization_task_ws/install/my_car/share/ament_index/resource_index/packages/my_car
[0.215s] -- Installing: /home/chen/华南虎视觉/考核项目/导航项目/综合项目/generalization_task_ws/install/my_car/share/my_car/cmake/my_carConfig.cmake
[0.215s] -- Installing: /home/chen/华南虎视觉/考核项目/导航项目/综合项目/generalization_task_ws/install/my_car/share/my_car/cmake/my_carConfig-version.cmake
[0.216s] -- Installing: /home/chen/华南虎视觉/考核项目/导航项目/综合项目/generalization_task_ws/install/my_car/share/my_car/package.xml
[0.218s] Invoked command in '/home/chen/华南虎视觉/考核项目/导航项目/综合项目/generalization_task_ws/build/my_car' returned '0': CMAKE_PREFIX_PATH=/opt/ros/humble /usr/bin/cmake --install /home/chen/华南虎视觉/考核项目/导航项目/综合项目/generalization_task_ws/build/my_car
