[0.008s] Invoking command in '/home/chen/华南虎视觉/考核项目/导航项目/基本项目/base_ws/build/my_car': CMAKE_PREFIX_PATH=${CMAKE_PREFIX_PATH}:/opt/ros/humble /usr/bin/cmake --build /home/chen/华南虎视觉/考核项目/导航项目/基本项目/base_ws/build/my_car -- -j32 -l32
[0.044s] [100%] Built target control_car
[0.056s] Invoked command in '/home/chen/华南虎视觉/考核项目/导航项目/基本项目/base_ws/build/my_car' returned '0': CMAKE_PREFIX_PATH=${CMAKE_PREFIX_PATH}:/opt/ros/humble /usr/bin/cmake --build /home/chen/华南虎视觉/考核项目/导航项目/基本项目/base_ws/build/my_car -- -j32 -l32
[0.078s] Invoking command in '/home/chen/华南虎视觉/考核项目/导航项目/基本项目/base_ws/build/my_car': CMAKE_PREFIX_PATH=${CMAKE_PREFIX_PATH}:/opt/ros/humble /usr/bin/cmake --install /home/chen/华南虎视觉/考核项目/导航项目/基本项目/base_ws/build/my_car
[0.084s] -- Install configuration: ""
[0.084s] -- Up-to-date: /home/chen/华南虎视觉/考核项目/导航项目/基本项目/base_ws/install/my_car/share/my_car/launch
[0.085s] -- Up-to-date: /home/chen/华南虎视觉/考核项目/导航项目/基本项目/base_ws/install/my_car/share/my_car/launch/display_rviz2.launch.py
[0.085s] -- Up-to-date: /home/chen/华南虎视觉/考核项目/导航项目/基本项目/base_ws/install/my_car/share/my_car/launch/gazebo.launch.py
[0.085s] -- Up-to-date: /home/chen/华南虎视觉/考核项目/导航项目/基本项目/base_ws/install/my_car/share/my_car/launch/gazebo2.launch.py
[0.085s] -- Up-to-date: /home/chen/华南虎视觉/考核项目/导航项目/基本项目/base_ws/install/my_car/share/my_car/world
[0.085s] -- Up-to-date: /home/chen/华南虎视觉/考核项目/导航项目/基本项目/base_ws/install/my_car/share/my_car/world/RMUC2024.world
[0.085s] -- Up-to-date: /home/chen/华南虎视觉/考核项目/导航项目/基本项目/base_ws/install/my_car/share/my_car/world/example.world
[0.085s] -- Up-to-date: /home/chen/华南虎视觉/考核项目/导航项目/基本项目/base_ws/install/my_car/share/my_car/urdf
[0.085s] -- Up-to-date: /home/chen/华南虎视觉/考核项目/导航项目/基本项目/base_ws/install/my_car/share/my_car/urdf/velodyne_description
[0.085s] -- Up-to-date: /home/chen/华南虎视觉/考核项目/导航项目/基本项目/base_ws/install/my_car/share/my_car/urdf/velodyne_description/CHANGELOG.rst
[0.085s] -- Up-to-date: /home/chen/华南虎视觉/考核项目/导航项目/基本项目/base_ws/install/my_car/share/my_car/urdf/velodyne_description/launch
[0.085s] -- Up-to-date: /home/chen/华南虎视觉/考核项目/导航项目/基本项目/base_ws/install/my_car/share/my_car/urdf/velodyne_description/launch/example.launch.py
[0.085s] -- Up-to-date: /home/chen/华南虎视觉/考核项目/导航项目/基本项目/base_ws/install/my_car/share/my_car/urdf/velodyne_description/CMakeLists.txt
[0.085s] -- Up-to-date: /home/chen/华南虎视觉/考核项目/导航项目/基本项目/base_ws/install/my_car/share/my_car/urdf/velodyne_description/urdf
[0.085s] -- Up-to-date: /home/chen/华南虎视觉/考核项目/导航项目/基本项目/base_ws/install/my_car/share/my_car/urdf/velodyne_description/urdf/VLP-16.urdf.xacro
[0.085s] -- Up-to-date: /home/chen/华南虎视觉/考核项目/导航项目/基本项目/base_ws/install/my_car/share/my_car/urdf/velodyne_description/urdf/example.urdf.xacro
[0.085s] -- Up-to-date: /home/chen/华南虎视觉/考核项目/导航项目/基本项目/base_ws/install/my_car/share/my_car/urdf/velodyne_description/urdf/HDL-32E.urdf.xacro
[0.085s] -- Up-to-date: /home/chen/华南虎视觉/考核项目/导航项目/基本项目/base_ws/install/my_car/share/my_car/urdf/velodyne_description/meshes
[0.085s] -- Up-to-date: /home/chen/华南虎视觉/考核项目/导航项目/基本项目/base_ws/install/my_car/share/my_car/urdf/velodyne_description/meshes/VLP16_base_1.stl
[0.085s] -- Up-to-date: /home/chen/华南虎视觉/考核项目/导航项目/基本项目/base_ws/install/my_car/share/my_car/urdf/velodyne_description/meshes/HDL32E_base.dae
[0.085s] -- Up-to-date: /home/chen/华南虎视觉/考核项目/导航项目/基本项目/base_ws/install/my_car/share/my_car/urdf/velodyne_description/meshes/VLP16_base_2.stl
[0.085s] -- Up-to-date: /home/chen/华南虎视觉/考核项目/导航项目/基本项目/base_ws/install/my_car/share/my_car/urdf/velodyne_description/meshes/HDL32E_scan.dae
[0.085s] -- Up-to-date: /home/chen/华南虎视觉/考核项目/导航项目/基本项目/base_ws/install/my_car/share/my_car/urdf/velodyne_description/meshes/VLP16_scan.dae
[0.085s] -- Up-to-date: /home/chen/华南虎视觉/考核项目/导航项目/基本项目/base_ws/install/my_car/share/my_car/urdf/velodyne_description/meshes/HDL32E_base.stl
[0.085s] -- Up-to-date: /home/chen/华南虎视觉/考核项目/导航项目/基本项目/base_ws/install/my_car/share/my_car/urdf/velodyne_description/meshes/VLP16_base_1.dae
[0.085s] -- Up-to-date: /home/chen/华南虎视觉/考核项目/导航项目/基本项目/base_ws/install/my_car/share/my_car/urdf/velodyne_description/meshes/HDL32E_scan.stl
[0.086s] -- Up-to-date: /home/chen/华南虎视觉/考核项目/导航项目/基本项目/base_ws/install/my_car/share/my_car/urdf/velodyne_description/meshes/VLP16_base_2.dae
[0.086s] -- Up-to-date: /home/chen/华南虎视觉/考核项目/导航项目/基本项目/base_ws/install/my_car/share/my_car/urdf/velodyne_description/meshes/VLP16_scan.stl
[0.086s] -- Up-to-date: /home/chen/华南虎视觉/考核项目/导航项目/基本项目/base_ws/install/my_car/share/my_car/urdf/velodyne_description/env-hooks
[0.086s] -- Up-to-date: /home/chen/华南虎视觉/考核项目/导航项目/基本项目/base_ws/install/my_car/share/my_car/urdf/velodyne_description/env-hooks/velodyne_description.dsv.in
[0.086s] -- Up-to-date: /home/chen/华南虎视觉/考核项目/导航项目/基本项目/base_ws/install/my_car/share/my_car/urdf/velodyne_description/world
[0.086s] -- Up-to-date: /home/chen/华南虎视觉/考核项目/导航项目/基本项目/base_ws/install/my_car/share/my_car/urdf/velodyne_description/world/example.world
[0.086s] -- Up-to-date: /home/chen/华南虎视觉/考核项目/导航项目/基本项目/base_ws/install/my_car/share/my_car/urdf/velodyne_description/rviz
[0.086s] -- Up-to-date: /home/chen/华南虎视觉/考核项目/导航项目/基本项目/base_ws/install/my_car/share/my_car/urdf/velodyne_description/rviz/example.rviz
[0.086s] -- Up-to-date: /home/chen/华南虎视觉/考核项目/导航项目/基本项目/base_ws/install/my_car/share/my_car/urdf/velodyne_description/package.xml
[0.086s] -- Up-to-date: /home/chen/华南虎视觉/考核项目/导航项目/基本项目/base_ws/install/my_car/share/my_car/urdf/my_car_de
[0.086s] -- Up-to-date: /home/chen/华南虎视觉/考核项目/导航项目/基本项目/base_ws/install/my_car/share/my_car/urdf/my_car_de/plugin
[0.086s] -- Up-to-date: /home/chen/华南虎视觉/考核项目/导航项目/基本项目/base_ws/install/my_car/share/my_car/urdf/my_car_de/plugin/gazebo_sensor_plugin.xacro
[0.086s] -- Up-to-date: /home/chen/华南虎视觉/考核项目/导航项目/基本项目/base_ws/install/my_car/share/my_car/urdf/my_car_de/plugin/gazebo_control_plugin.xacro
[0.086s] -- Up-to-date: /home/chen/华南虎视觉/考核项目/导航项目/基本项目/base_ws/install/my_car/share/my_car/urdf/my_car_de/plugin/car_drive.gazebo.xacro
[0.086s] -- Up-to-date: /home/chen/华南虎视觉/考核项目/导航项目/基本项目/base_ws/install/my_car/share/my_car/urdf/my_car_de/actutor
[0.086s] -- Up-to-date: /home/chen/华南虎视觉/考核项目/导航项目/基本项目/base_ws/install/my_car/share/my_car/urdf/my_car_de/actutor/caster.urdf.xacro
[0.087s] -- Up-to-date: /home/chen/华南虎视觉/考核项目/导航项目/基本项目/base_ws/install/my_car/share/my_car/urdf/my_car_de/actutor/wheel.urdf.xacro
[0.088s] -- Up-to-date: /home/chen/华南虎视觉/考核项目/导航项目/基本项目/base_ws/install/my_car/share/my_car/urdf/my_car_de/sensor
[0.088s] -- Up-to-date: /home/chen/华南虎视觉/考核项目/导航项目/基本项目/base_ws/install/my_car/share/my_car/urdf/my_car_de/sensor/camera.urdf.xacro
[0.088s] -- Up-to-date: /home/chen/华南虎视觉/考核项目/导航项目/基本项目/base_ws/install/my_car/share/my_car/urdf/my_car_de/sensor/imu.urdf.xacro
[0.088s] -- Up-to-date: /home/chen/华南虎视觉/考核项目/导航项目/基本项目/base_ws/install/my_car/share/my_car/urdf/my_car_de/base_link.urdf.xacro
[0.088s] -- Up-to-date: /home/chen/华南虎视觉/考核项目/导航项目/基本项目/base_ws/install/my_car/share/my_car/urdf/my_car_de/common_inertia.xacro
[0.088s] -- Up-to-date: /home/chen/华南虎视觉/考核项目/导航项目/基本项目/base_ws/install/my_car/share/my_car/urdf/my_car.urdf
[0.088s] -- Installing: /home/chen/华南虎视觉/考核项目/导航项目/基本项目/base_ws/install/my_car/share/my_car/urdf/my_car.urdf.xacro
[0.088s] -- Up-to-date: /home/chen/华南虎视觉/考核项目/导航项目/基本项目/base_ws/install/my_car/share/my_car/meshes
[0.088s] -- Up-to-date: /home/chen/华南虎视觉/考核项目/导航项目/基本项目/base_ws/install/my_car/share/my_car/meshes/RMUCs_2024_s5.STL
[0.088s] -- Up-to-date: /home/chen/华南虎视觉/考核项目/导航项目/基本项目/base_ws/install/my_car/lib/my_car/control_car
[0.088s] -- Up-to-date: /home/chen/华南虎视觉/考核项目/导航项目/基本项目/base_ws/install/my_car/share/my_car/environment/library_path.sh
[0.088s] -- Up-to-date: /home/chen/华南虎视觉/考核项目/导航项目/基本项目/base_ws/install/my_car/share/my_car/environment/library_path.dsv
[0.088s] -- Up-to-date: /home/chen/华南虎视觉/考核项目/导航项目/基本项目/base_ws/install/my_car/share/ament_index/resource_index/package_run_dependencies/my_car
[0.088s] -- Up-to-date: /home/chen/华南虎视觉/考核项目/导航项目/基本项目/base_ws/install/my_car/share/ament_index/resource_index/parent_prefix_path/my_car
[0.088s] -- Up-to-date: /home/chen/华南虎视觉/考核项目/导航项目/基本项目/base_ws/install/my_car/share/my_car/environment/ament_prefix_path.sh
[0.088s] -- Up-to-date: /home/chen/华南虎视觉/考核项目/导航项目/基本项目/base_ws/install/my_car/share/my_car/environment/ament_prefix_path.dsv
[0.088s] -- Up-to-date: /home/chen/华南虎视觉/考核项目/导航项目/基本项目/base_ws/install/my_car/share/my_car/environment/path.sh
[0.088s] -- Up-to-date: /home/chen/华南虎视觉/考核项目/导航项目/基本项目/base_ws/install/my_car/share/my_car/environment/path.dsv
[0.088s] -- Up-to-date: /home/chen/华南虎视觉/考核项目/导航项目/基本项目/base_ws/install/my_car/share/my_car/local_setup.bash
[0.088s] -- Up-to-date: /home/chen/华南虎视觉/考核项目/导航项目/基本项目/base_ws/install/my_car/share/my_car/local_setup.sh
[0.088s] -- Up-to-date: /home/chen/华南虎视觉/考核项目/导航项目/基本项目/base_ws/install/my_car/share/my_car/local_setup.zsh
[0.088s] -- Up-to-date: /home/chen/华南虎视觉/考核项目/导航项目/基本项目/base_ws/install/my_car/share/my_car/local_setup.dsv
[0.088s] -- Installing: /home/chen/华南虎视觉/考核项目/导航项目/基本项目/base_ws/install/my_car/share/my_car/package.dsv
[0.088s] -- Up-to-date: /home/chen/华南虎视觉/考核项目/导航项目/基本项目/base_ws/install/my_car/share/ament_index/resource_index/packages/my_car
[0.088s] -- Up-to-date: /home/chen/华南虎视觉/考核项目/导航项目/基本项目/base_ws/install/my_car/share/my_car/cmake/ament_cmake_export_include_directories-extras.cmake
[0.088s] -- Up-to-date: /home/chen/华南虎视觉/考核项目/导航项目/基本项目/base_ws/install/my_car/share/my_car/cmake/ament_cmake_export_libraries-extras.cmake
[0.089s] -- Up-to-date: /home/chen/华南虎视觉/考核项目/导航项目/基本项目/base_ws/install/my_car/share/my_car/cmake/ament_cmake_export_dependencies-extras.cmake
[0.089s] -- Up-to-date: /home/chen/华南虎视觉/考核项目/导航项目/基本项目/base_ws/install/my_car/share/my_car/cmake/my_carConfig.cmake
[0.089s] -- Up-to-date: /home/chen/华南虎视觉/考核项目/导航项目/基本项目/base_ws/install/my_car/share/my_car/cmake/my_carConfig-version.cmake
[0.089s] -- Up-to-date: /home/chen/华南虎视觉/考核项目/导航项目/基本项目/base_ws/install/my_car/share/my_car/package.xml
[0.096s] Invoked command in '/home/chen/华南虎视觉/考核项目/导航项目/基本项目/base_ws/build/my_car' returned '0': CMAKE_PREFIX_PATH=${CMAKE_PREFIX_PATH}:/opt/ros/humble /usr/bin/cmake --install /home/chen/华南虎视觉/考核项目/导航项目/基本项目/base_ws/build/my_car
