-- Found ament_cmake: 1.3.10 (/opt/ros/humble/share/ament_cmake/cmake)
-- Found sensor_msgs: 4.2.4 (/opt/ros/humble/share/sensor_msgs/cmake)
-- Found rosidl_generator_c: 3.1.5 (/opt/ros/humble/share/rosidl_generator_c/cmake)
-- Found rosidl_adapter: 3.1.5 (/opt/ros/humble/share/rosidl_adapter/cmake)
-- Found rosidl_generator_cpp: 3.1.5 (/opt/ros/humble/share/rosidl_generator_cpp/cmake)
-- Using all available rosidl_typesupport_c: rosidl_typesupport_fastrtps_c;rosidl_typesupport_introspection_c
-- Using all available rosidl_typesupport_cpp: rosidl_typesupport_fastrtps_cpp;rosidl_typesupport_introspection_cpp
-- Found rclcpp: 16.0.10 (/opt/ros/humble/share/rclcpp/cmake)
-- Found rmw_implementation_cmake: 6.1.2 (/opt/ros/humble/share/rmw_implementation_cmake/cmake)
-- Found rmw_fastrtps_cpp: 6.2.7 (/opt/ros/humble/share/rmw_fastrtps_cpp/cmake)
-- Using RMW implementation 'rmw_fastrtps_cpp' as default
-- Eigen found (include: /usr/include/eigen3, version: 3.4.0)
-- FLANN found (include: /usr/include, lib: /usr/lib/x86_64-linux-gnu/libflann_cpp.so)
-- OpenNI found (version: 1.5.4.0, include: /usr/include/ni, lib: /usr/lib/libOpenNI.so;libusb::libusb)
-- OpenNI2 found (version: 2.2.0.33, include: /usr/include/openni2, lib: /usr/lib/x86_64-linux-gnu/libOpenNI2.so;libusb::libusb)
[0m** WARNING ** io features related to pcap will be disabled[0m
-- Eigen found (include: /usr/include/eigen3, version: 3.4.0)
-- OpenNI found (version: 1.5.4.0, include: /usr/include/ni, lib: /usr/lib/libOpenNI.so;libusb::libusb)
-- OpenNI2 found (version: 2.2.0.33, include: /usr/include/openni2, lib: /usr/lib/x86_64-linux-gnu/libOpenNI2.so;libusb::libusb)
-- Found Qhull version 8.0.2
-- OpenNI found (version: 1.5.4.0, include: /usr/include/ni, lib: /usr/lib/libOpenNI.so;libusb::libusb)
-- looking for PCL_COMMON
-- looking for PCL_KDTREE
-- looking for PCL_OCTREE
-- looking for PCL_SEARCH
-- looking for PCL_SAMPLE_CONSENSUS
-- looking for PCL_FILTERS
-- looking for PCL_2D
-- looking for PCL_GEOMETRY
-- looking for PCL_IO
-- looking for PCL_FEATURES
-- looking for PCL_ML
-- looking for PCL_SEGMENTATION
-- looking for PCL_VISUALIZATION
-- looking for PCL_SURFACE
-- looking for PCL_REGISTRATION
-- looking for PCL_KEYPOINTS
-- looking for PCL_TRACKING
-- looking for PCL_RECOGNITION
-- looking for PCL_STEREO
-- looking for PCL_APPS
-- looking for PCL_IN_HAND_SCANNER
-- looking for PCL_MODELER
-- looking for PCL_POINT_CLOUD_EDITOR
-- looking for PCL_OUTOFCORE
-- looking for PCL_PEOPLE
-- Found PCL: pcl_common;pcl_kdtree;pcl_octree;pcl_search;pcl_sample_consensus;pcl_filters;pcl_io;pcl_features;pcl_ml;pcl_segmentation;pcl_visualization;pcl_surface;pcl_registration;pcl_keypoints;pcl_tracking;pcl_recognition;pcl_stereo;pcl_apps;pcl_outofcore;pcl_people;Boost::system;Boost::filesystem;Boost::date_time;Boost::iostreams;Boost::serialization;/usr/lib/libOpenNI.so;libusb::libusb;/usr/lib/x86_64-linux-gnu/libOpenNI2.so;libusb::libusb;VTK::ChartsCore;VTK::CommonColor;VTK::CommonComputationalGeometry;VTK::CommonCore;VTK::CommonDataModel;VTK::CommonExecutionModel;VTK::CommonMath;VTK::CommonMisc;VTK::CommonTransforms;VTK::FiltersCore;VTK::FiltersExtraction;VTK::FiltersGeneral;VTK::FiltersGeometry;VTK::FiltersModeling;VTK::FiltersSources;VTK::ImagingCore;VTK::ImagingSources;VTK::InteractionImage;VTK::InteractionStyle;VTK::InteractionWidgets;VTK::IOCore;VTK::IOGeometry;VTK::IOImage;VTK::IOLegacy;VTK::IOPLY;VTK::RenderingAnnotation;VTK::RenderingCore;VTK::RenderingContext2D;VTK::RenderingLOD;VTK::RenderingFreeType;VTK::ViewsCore;VTK::ViewsContext2D;VTK::RenderingOpenGL2;VTK::GUISupportQt;FLANN::FLANN;QHULL::QHULL  
-- Found pcl_conversions: 2.4.5 (/opt/ros/humble/share/pcl_conversions/cmake)
-- Found ament_lint_auto: 0.12.11 (/opt/ros/humble/share/ament_lint_auto/cmake)
-- Added test 'cppcheck' to perform static code analysis on C / C++ code
-- Configured cppcheck include dirs: /home/chen/华南虎视觉/考核项目/导航项目/测试项目/sphere_motion/pcl_ws/pcl_task/include
-- Configured cppcheck exclude dirs and/or files: 
-- Added test 'flake8' to check Python code syntax and style conventions
-- Added test 'lint_cmake' to check CMake code style
-- Added test 'pep257' to check Python code against some of the docstring style conventions in PEP 257
-- Added test 'uncrustify' to check C / C++ code style
-- Configured uncrustify additional arguments: 
-- Added test 'xmllint' to check XML markup files
-- Configuring done
-- Generating done
-- Build files have been written to: /home/chen/华南虎视觉/考核项目/导航项目/测试项目/sphere_motion/pcl_ws/build/pcl_task
[35m[1mConsolidate compiler generated dependencies of target PCD_Publisher[0m
[ 50%] [32mBuilding CXX object CMakeFiles/PCD_Publisher.dir/src/pcd_loading.cpp.o[0m
[100%] [32m[1mLinking CXX executable PCD_Publisher[0m
[100%] Built target PCD_Publisher
-- Install configuration: ""
-- Installing: /home/chen/华南虎视觉/考核项目/导航项目/测试项目/sphere_motion/pcl_ws/install/pcl_task/lib/pcl_task/PCD_Publisher
-- Set runtime path of "/home/chen/华南虎视觉/考核项目/导航项目/测试项目/sphere_motion/pcl_ws/install/pcl_task/lib/pcl_task/PCD_Publisher" to ""
-- Up-to-date: /home/chen/华南虎视觉/考核项目/导航项目/测试项目/sphere_motion/pcl_ws/install/pcl_task/share/pcl_task/launch
-- Up-to-date: /home/chen/华南虎视觉/考核项目/导航项目/测试项目/sphere_motion/pcl_ws/install/pcl_task/share/pcl_task/launch/PCD_Publisher.launch.py
-- Up-to-date: /home/chen/华南虎视觉/考核项目/导航项目/测试项目/sphere_motion/pcl_ws/install/pcl_task/share/ament_index/resource_index/package_run_dependencies/pcl_task
-- Up-to-date: /home/chen/华南虎视觉/考核项目/导航项目/测试项目/sphere_motion/pcl_ws/install/pcl_task/share/ament_index/resource_index/parent_prefix_path/pcl_task
-- Up-to-date: /home/chen/华南虎视觉/考核项目/导航项目/测试项目/sphere_motion/pcl_ws/install/pcl_task/share/pcl_task/environment/ament_prefix_path.sh
-- Installing: /home/chen/华南虎视觉/考核项目/导航项目/测试项目/sphere_motion/pcl_ws/install/pcl_task/share/pcl_task/environment/ament_prefix_path.dsv
-- Up-to-date: /home/chen/华南虎视觉/考核项目/导航项目/测试项目/sphere_motion/pcl_ws/install/pcl_task/share/pcl_task/environment/path.sh
-- Installing: /home/chen/华南虎视觉/考核项目/导航项目/测试项目/sphere_motion/pcl_ws/install/pcl_task/share/pcl_task/environment/path.dsv
-- Up-to-date: /home/chen/华南虎视觉/考核项目/导航项目/测试项目/sphere_motion/pcl_ws/install/pcl_task/share/pcl_task/local_setup.bash
-- Up-to-date: /home/chen/华南虎视觉/考核项目/导航项目/测试项目/sphere_motion/pcl_ws/install/pcl_task/share/pcl_task/local_setup.sh
-- Up-to-date: /home/chen/华南虎视觉/考核项目/导航项目/测试项目/sphere_motion/pcl_ws/install/pcl_task/share/pcl_task/local_setup.zsh
-- Installing: /home/chen/华南虎视觉/考核项目/导航项目/测试项目/sphere_motion/pcl_ws/install/pcl_task/share/pcl_task/local_setup.dsv
-- Installing: /home/chen/华南虎视觉/考核项目/导航项目/测试项目/sphere_motion/pcl_ws/install/pcl_task/share/pcl_task/package.dsv
-- Up-to-date: /home/chen/华南虎视觉/考核项目/导航项目/测试项目/sphere_motion/pcl_ws/install/pcl_task/share/ament_index/resource_index/packages/pcl_task
-- Up-to-date: /home/chen/华南虎视觉/考核项目/导航项目/测试项目/sphere_motion/pcl_ws/install/pcl_task/share/pcl_task/cmake/ament_cmake_export_include_directories-extras.cmake
-- Up-to-date: /home/chen/华南虎视觉/考核项目/导航项目/测试项目/sphere_motion/pcl_ws/install/pcl_task/share/pcl_task/cmake/pcl_taskConfig.cmake
-- Up-to-date: /home/chen/华南虎视觉/考核项目/导航项目/测试项目/sphere_motion/pcl_ws/install/pcl_task/share/pcl_task/cmake/pcl_taskConfig-version.cmake
-- Up-to-date: /home/chen/华南虎视觉/考核项目/导航项目/测试项目/sphere_motion/pcl_ws/install/pcl_task/share/pcl_task/package.xml
