[0.009s] Invoking command in '/home/chen/华南虎视觉/考核项目/导航项目/基本项目/base_ws/build/velodyne_description': CMAKE_PREFIX_PATH=${CMAKE_PREFIX_PATH}:/opt/ros/humble /usr/bin/cmake /home/chen/华南虎视觉/考核项目/导航项目/基本项目/base_ws/src/velodyne_simulator/velodyne_description -DCMAKE_INSTALL_PREFIX=/home/chen/华南虎视觉/考核项目/导航项目/基本项目/base_ws/install/velodyne_description
[0.053s] -- The C compiler identification is GNU 12.3.0
[0.093s] -- The CXX compiler identification is GNU 11.4.0
[0.098s] -- Detecting C compiler ABI info
[0.151s] -- Detecting C compiler ABI info - done
[0.161s] -- Check for working C compiler: /usr/bin/cc - skipped
[0.161s] -- Detecting C compile features
[0.162s] -- Detecting C compile features - done
[0.166s] -- Detecting CXX compiler ABI info
[0.247s] -- Detecting CXX compiler ABI info - done
[0.251s] -- Check for working CXX compiler: /usr/bin/c++ - skipped
[0.251s] -- Detecting CXX compile features
[0.251s] -- Detecting CXX compile features - done
[0.252s] -- Found ament_cmake: 1.3.10 (/opt/ros/humble/share/ament_cmake/cmake)
[0.348s] -- Found Python3: /usr/bin/python3 (found version "3.10.12") found components: Interpreter 
[0.425s] -- Configuring done
[0.426s] -- Generating done
[0.427s] -- Build files have been written to: /home/chen/华南虎视觉/考核项目/导航项目/基本项目/base_ws/build/velodyne_description
[0.430s] Invoked command in '/home/chen/华南虎视觉/考核项目/导航项目/基本项目/base_ws/build/velodyne_description' returned '0': CMAKE_PREFIX_PATH=${CMAKE_PREFIX_PATH}:/opt/ros/humble /usr/bin/cmake /home/chen/华南虎视觉/考核项目/导航项目/基本项目/base_ws/src/velodyne_simulator/velodyne_description -DCMAKE_INSTALL_PREFIX=/home/chen/华南虎视觉/考核项目/导航项目/基本项目/base_ws/install/velodyne_description
[0.431s] Invoking command in '/home/chen/华南虎视觉/考核项目/导航项目/基本项目/base_ws/build/velodyne_description': CMAKE_PREFIX_PATH=${CMAKE_PREFIX_PATH}:/opt/ros/humble /usr/bin/cmake --build /home/chen/华南虎视觉/考核项目/导航项目/基本项目/base_ws/build/velodyne_description -- -j32 -l32
[0.457s] Invoked command in '/home/chen/华南虎视觉/考核项目/导航项目/基本项目/base_ws/build/velodyne_description' returned '0': CMAKE_PREFIX_PATH=${CMAKE_PREFIX_PATH}:/opt/ros/humble /usr/bin/cmake --build /home/chen/华南虎视觉/考核项目/导航项目/基本项目/base_ws/build/velodyne_description -- -j32 -l32
[0.479s] Invoking command in '/home/chen/华南虎视觉/考核项目/导航项目/基本项目/base_ws/build/velodyne_description': CMAKE_PREFIX_PATH=${CMAKE_PREFIX_PATH}:/opt/ros/humble /usr/bin/cmake --install /home/chen/华南虎视觉/考核项目/导航项目/基本项目/base_ws/build/velodyne_description
[0.484s] -- Install configuration: ""
[0.484s] -- Installing: /home/chen/华南虎视觉/考核项目/导航项目/基本项目/base_ws/install/velodyne_description/share/velodyne_description/launch
[0.484s] -- Installing: /home/chen/华南虎视觉/考核项目/导航项目/基本项目/base_ws/install/velodyne_description/share/velodyne_description/launch/example.launch.py
[0.485s] -- Installing: /home/chen/华南虎视觉/考核项目/导航项目/基本项目/base_ws/install/velodyne_description/share/velodyne_description/meshes
[0.485s] -- Installing: /home/chen/华南虎视觉/考核项目/导航项目/基本项目/base_ws/install/velodyne_description/share/velodyne_description/meshes/VLP16_base_1.stl
[0.485s] -- Installing: /home/chen/华南虎视觉/考核项目/导航项目/基本项目/base_ws/install/velodyne_description/share/velodyne_description/meshes/HDL32E_base.dae
[0.486s] -- Installing: /home/chen/华南虎视觉/考核项目/导航项目/基本项目/base_ws/install/velodyne_description/share/velodyne_description/meshes/VLP16_base_2.stl
[0.486s] -- Installing: /home/chen/华南虎视觉/考核项目/导航项目/基本项目/base_ws/install/velodyne_description/share/velodyne_description/meshes/HDL32E_scan.dae
[0.486s] -- Installing: /home/chen/华南虎视觉/考核项目/导航项目/基本项目/base_ws/install/velodyne_description/share/velodyne_description/meshes/VLP16_scan.dae
[0.487s] -- Installing: /home/chen/华南虎视觉/考核项目/导航项目/基本项目/base_ws/install/velodyne_description/share/velodyne_description/meshes/HDL32E_base.stl
[0.487s] -- Installing: /home/chen/华南虎视觉/考核项目/导航项目/基本项目/base_ws/install/velodyne_description/share/velodyne_description/meshes/VLP16_base_1.dae
[0.488s] -- Installing: /home/chen/华南虎视觉/考核项目/导航项目/基本项目/base_ws/install/velodyne_description/share/velodyne_description/meshes/HDL32E_scan.stl
[0.488s] -- Installing: /home/chen/华南虎视觉/考核项目/导航项目/基本项目/base_ws/install/velodyne_description/share/velodyne_description/meshes/VLP16_base_2.dae
[0.488s] -- Installing: /home/chen/华南虎视觉/考核项目/导航项目/基本项目/base_ws/install/velodyne_description/share/velodyne_description/meshes/VLP16_scan.stl
[0.488s] -- Installing: /home/chen/华南虎视觉/考核项目/导航项目/基本项目/base_ws/install/velodyne_description/share/velodyne_description/rviz
[0.489s] -- Installing: /home/chen/华南虎视觉/考核项目/导航项目/基本项目/base_ws/install/velodyne_description/share/velodyne_description/rviz/example.rviz
[0.489s] -- Installing: /home/chen/华南虎视觉/考核项目/导航项目/基本项目/base_ws/install/velodyne_description/share/velodyne_description/urdf
[0.489s] -- Installing: /home/chen/华南虎视觉/考核项目/导航项目/基本项目/base_ws/install/velodyne_description/share/velodyne_description/urdf/VLP-16.urdf.xacro
[0.489s] -- Installing: /home/chen/华南虎视觉/考核项目/导航项目/基本项目/base_ws/install/velodyne_description/share/velodyne_description/urdf/example.urdf.xacro
[0.489s] -- Installing: /home/chen/华南虎视觉/考核项目/导航项目/基本项目/base_ws/install/velodyne_description/share/velodyne_description/urdf/HDL-32E.urdf.xacro
[0.489s] -- Installing: /home/chen/华南虎视觉/考核项目/导航项目/基本项目/base_ws/install/velodyne_description/share/velodyne_description/world
[0.489s] -- Installing: /home/chen/华南虎视觉/考核项目/导航项目/基本项目/base_ws/install/velodyne_description/share/velodyne_description/world/example.world
[0.489s] -- Installing: /home/chen/华南虎视觉/考核项目/导航项目/基本项目/base_ws/install/velodyne_description/share/velodyne_description/environment/velodyne_description.dsv
[0.489s] -- Installing: /home/chen/华南虎视觉/考核项目/导航项目/基本项目/base_ws/install/velodyne_description/share/ament_index/resource_index/package_run_dependencies/velodyne_description
[0.489s] -- Installing: /home/chen/华南虎视觉/考核项目/导航项目/基本项目/base_ws/install/velodyne_description/share/ament_index/resource_index/parent_prefix_path/velodyne_description
[0.490s] -- Installing: /home/chen/华南虎视觉/考核项目/导航项目/基本项目/base_ws/install/velodyne_description/share/velodyne_description/environment/ament_prefix_path.sh
[0.490s] -- Installing: /home/chen/华南虎视觉/考核项目/导航项目/基本项目/base_ws/install/velodyne_description/share/velodyne_description/environment/ament_prefix_path.dsv
[0.490s] -- Installing: /home/chen/华南虎视觉/考核项目/导航项目/基本项目/base_ws/install/velodyne_description/share/velodyne_description/environment/path.sh
[0.490s] -- Installing: /home/chen/华南虎视觉/考核项目/导航项目/基本项目/base_ws/install/velodyne_description/share/velodyne_description/environment/path.dsv
[0.490s] -- Installing: /home/chen/华南虎视觉/考核项目/导航项目/基本项目/base_ws/install/velodyne_description/share/velodyne_description/local_setup.bash
[0.490s] -- Installing: /home/chen/华南虎视觉/考核项目/导航项目/基本项目/base_ws/install/velodyne_description/share/velodyne_description/local_setup.sh
[0.490s] -- Installing: /home/chen/华南虎视觉/考核项目/导航项目/基本项目/base_ws/install/velodyne_description/share/velodyne_description/local_setup.zsh
[0.490s] -- Installing: /home/chen/华南虎视觉/考核项目/导航项目/基本项目/base_ws/install/velodyne_description/share/velodyne_description/local_setup.dsv
[0.490s] -- Installing: /home/chen/华南虎视觉/考核项目/导航项目/基本项目/base_ws/install/velodyne_description/share/velodyne_description/package.dsv
[0.490s] -- Installing: /home/chen/华南虎视觉/考核项目/导航项目/基本项目/base_ws/install/velodyne_description/share/ament_index/resource_index/packages/velodyne_description
[0.490s] -- Installing: /home/chen/华南虎视觉/考核项目/导航项目/基本项目/base_ws/install/velodyne_description/share/velodyne_description/cmake/velodyne_descriptionConfig.cmake
[0.490s] -- Installing: /home/chen/华南虎视觉/考核项目/导航项目/基本项目/base_ws/install/velodyne_description/share/velodyne_description/cmake/velodyne_descriptionConfig-version.cmake
[0.490s] -- Installing: /home/chen/华南虎视觉/考核项目/导航项目/基本项目/base_ws/install/velodyne_description/share/velodyne_description/package.xml
[0.492s] Invoked command in '/home/chen/华南虎视觉/考核项目/导航项目/基本项目/base_ws/build/velodyne_description' returned '0': CMAKE_PREFIX_PATH=${CMAKE_PREFIX_PATH}:/opt/ros/humble /usr/bin/cmake --install /home/chen/华南虎视觉/考核项目/导航项目/基本项目/base_ws/build/velodyne_description
