[100%] Built target control_car
-- Install configuration: ""
-- Up-to-date: /home/chen/华南虎视觉/考核项目/导航项目/基本项目/base_ws/install/my_car/share/my_car/launch
-- Up-to-date: /home/chen/华南虎视觉/考核项目/导航项目/基本项目/base_ws/install/my_car/share/my_car/launch/display_rviz2.launch.py
-- Up-to-date: /home/chen/华南虎视觉/考核项目/导航项目/基本项目/base_ws/install/my_car/share/my_car/launch/gazebo.launch.py
-- Up-to-date: /home/chen/华南虎视觉/考核项目/导航项目/基本项目/base_ws/install/my_car/share/my_car/launch/gazebo2.launch.py
-- Up-to-date: /home/chen/华南虎视觉/考核项目/导航项目/基本项目/base_ws/install/my_car/share/my_car/world
-- Up-to-date: /home/chen/华南虎视觉/考核项目/导航项目/基本项目/base_ws/install/my_car/share/my_car/world/RMUC2024.world
-- Up-to-date: /home/chen/华南虎视觉/考核项目/导航项目/基本项目/base_ws/install/my_car/share/my_car/world/example.world
-- Up-to-date: /home/chen/华南虎视觉/考核项目/导航项目/基本项目/base_ws/install/my_car/share/my_car/urdf
-- Up-to-date: /home/chen/华南虎视觉/考核项目/导航项目/基本项目/base_ws/install/my_car/share/my_car/urdf/velodyne_description
-- Up-to-date: /home/chen/华南虎视觉/考核项目/导航项目/基本项目/base_ws/install/my_car/share/my_car/urdf/velodyne_description/CHANGELOG.rst
-- Up-to-date: /home/chen/华南虎视觉/考核项目/导航项目/基本项目/base_ws/install/my_car/share/my_car/urdf/velodyne_description/launch
-- Up-to-date: /home/chen/华南虎视觉/考核项目/导航项目/基本项目/base_ws/install/my_car/share/my_car/urdf/velodyne_description/launch/example.launch.py
-- Up-to-date: /home/chen/华南虎视觉/考核项目/导航项目/基本项目/base_ws/install/my_car/share/my_car/urdf/velodyne_description/CMakeLists.txt
-- Up-to-date: /home/chen/华南虎视觉/考核项目/导航项目/基本项目/base_ws/install/my_car/share/my_car/urdf/velodyne_description/urdf
-- Up-to-date: /home/chen/华南虎视觉/考核项目/导航项目/基本项目/base_ws/install/my_car/share/my_car/urdf/velodyne_description/urdf/VLP-16.urdf.xacro
-- Up-to-date: /home/chen/华南虎视觉/考核项目/导航项目/基本项目/base_ws/install/my_car/share/my_car/urdf/velodyne_description/urdf/example.urdf.xacro
-- Up-to-date: /home/chen/华南虎视觉/考核项目/导航项目/基本项目/base_ws/install/my_car/share/my_car/urdf/velodyne_description/urdf/HDL-32E.urdf.xacro
-- Up-to-date: /home/chen/华南虎视觉/考核项目/导航项目/基本项目/base_ws/install/my_car/share/my_car/urdf/velodyne_description/meshes
-- Up-to-date: /home/chen/华南虎视觉/考核项目/导航项目/基本项目/base_ws/install/my_car/share/my_car/urdf/velodyne_description/meshes/VLP16_base_1.stl
-- Up-to-date: /home/chen/华南虎视觉/考核项目/导航项目/基本项目/base_ws/install/my_car/share/my_car/urdf/velodyne_description/meshes/HDL32E_base.dae
-- Up-to-date: /home/chen/华南虎视觉/考核项目/导航项目/基本项目/base_ws/install/my_car/share/my_car/urdf/velodyne_description/meshes/VLP16_base_2.stl
-- Up-to-date: /home/chen/华南虎视觉/考核项目/导航项目/基本项目/base_ws/install/my_car/share/my_car/urdf/velodyne_description/meshes/HDL32E_scan.dae
-- Up-to-date: /home/chen/华南虎视觉/考核项目/导航项目/基本项目/base_ws/install/my_car/share/my_car/urdf/velodyne_description/meshes/VLP16_scan.dae
-- Up-to-date: /home/chen/华南虎视觉/考核项目/导航项目/基本项目/base_ws/install/my_car/share/my_car/urdf/velodyne_description/meshes/HDL32E_base.stl
-- Up-to-date: /home/chen/华南虎视觉/考核项目/导航项目/基本项目/base_ws/install/my_car/share/my_car/urdf/velodyne_description/meshes/VLP16_base_1.dae
-- Up-to-date: /home/chen/华南虎视觉/考核项目/导航项目/基本项目/base_ws/install/my_car/share/my_car/urdf/velodyne_description/meshes/HDL32E_scan.stl
-- Up-to-date: /home/chen/华南虎视觉/考核项目/导航项目/基本项目/base_ws/install/my_car/share/my_car/urdf/velodyne_description/meshes/VLP16_base_2.dae
-- Up-to-date: /home/chen/华南虎视觉/考核项目/导航项目/基本项目/base_ws/install/my_car/share/my_car/urdf/velodyne_description/meshes/VLP16_scan.stl
-- Up-to-date: /home/chen/华南虎视觉/考核项目/导航项目/基本项目/base_ws/install/my_car/share/my_car/urdf/velodyne_description/env-hooks
-- Up-to-date: /home/chen/华南虎视觉/考核项目/导航项目/基本项目/base_ws/install/my_car/share/my_car/urdf/velodyne_description/env-hooks/velodyne_description.dsv.in
-- Up-to-date: /home/chen/华南虎视觉/考核项目/导航项目/基本项目/base_ws/install/my_car/share/my_car/urdf/velodyne_description/world
-- Up-to-date: /home/chen/华南虎视觉/考核项目/导航项目/基本项目/base_ws/install/my_car/share/my_car/urdf/velodyne_description/world/example.world
-- Up-to-date: /home/chen/华南虎视觉/考核项目/导航项目/基本项目/base_ws/install/my_car/share/my_car/urdf/velodyne_description/rviz
-- Up-to-date: /home/chen/华南虎视觉/考核项目/导航项目/基本项目/base_ws/install/my_car/share/my_car/urdf/velodyne_description/rviz/example.rviz
-- Up-to-date: /home/chen/华南虎视觉/考核项目/导航项目/基本项目/base_ws/install/my_car/share/my_car/urdf/velodyne_description/package.xml
-- Up-to-date: /home/chen/华南虎视觉/考核项目/导航项目/基本项目/base_ws/install/my_car/share/my_car/urdf/my_car_de
-- Up-to-date: /home/chen/华南虎视觉/考核项目/导航项目/基本项目/base_ws/install/my_car/share/my_car/urdf/my_car_de/plugin
-- Up-to-date: /home/chen/华南虎视觉/考核项目/导航项目/基本项目/base_ws/install/my_car/share/my_car/urdf/my_car_de/plugin/gazebo_sensor_plugin.xacro
-- Up-to-date: /home/chen/华南虎视觉/考核项目/导航项目/基本项目/base_ws/install/my_car/share/my_car/urdf/my_car_de/plugin/gazebo_control_plugin.xacro
-- Up-to-date: /home/chen/华南虎视觉/考核项目/导航项目/基本项目/base_ws/install/my_car/share/my_car/urdf/my_car_de/plugin/car_drive.gazebo.xacro
-- Up-to-date: /home/chen/华南虎视觉/考核项目/导航项目/基本项目/base_ws/install/my_car/share/my_car/urdf/my_car_de/actutor
-- Up-to-date: /home/chen/华南虎视觉/考核项目/导航项目/基本项目/base_ws/install/my_car/share/my_car/urdf/my_car_de/actutor/caster.urdf.xacro
-- Up-to-date: /home/chen/华南虎视觉/考核项目/导航项目/基本项目/base_ws/install/my_car/share/my_car/urdf/my_car_de/actutor/wheel.urdf.xacro
-- Up-to-date: /home/chen/华南虎视觉/考核项目/导航项目/基本项目/base_ws/install/my_car/share/my_car/urdf/my_car_de/sensor
-- Up-to-date: /home/chen/华南虎视觉/考核项目/导航项目/基本项目/base_ws/install/my_car/share/my_car/urdf/my_car_de/sensor/camera.urdf.xacro
-- Up-to-date: /home/chen/华南虎视觉/考核项目/导航项目/基本项目/base_ws/install/my_car/share/my_car/urdf/my_car_de/sensor/imu.urdf.xacro
-- Installing: /home/chen/华南虎视觉/考核项目/导航项目/基本项目/base_ws/install/my_car/share/my_car/urdf/my_car_de/base_link.urdf.xacro
-- Up-to-date: /home/chen/华南虎视觉/考核项目/导航项目/基本项目/base_ws/install/my_car/share/my_car/urdf/my_car_de/common_inertia.xacro
-- Up-to-date: /home/chen/华南虎视觉/考核项目/导航项目/基本项目/base_ws/install/my_car/share/my_car/urdf/my_car.urdf
-- Installing: /home/chen/华南虎视觉/考核项目/导航项目/基本项目/base_ws/install/my_car/share/my_car/urdf/my_car.urdf.xacro
-- Up-to-date: /home/chen/华南虎视觉/考核项目/导航项目/基本项目/base_ws/install/my_car/share/my_car/meshes
-- Up-to-date: /home/chen/华南虎视觉/考核项目/导航项目/基本项目/base_ws/install/my_car/share/my_car/meshes/RMUCs_2024_s5.STL
-- Up-to-date: /home/chen/华南虎视觉/考核项目/导航项目/基本项目/base_ws/install/my_car/lib/my_car/control_car
-- Up-to-date: /home/chen/华南虎视觉/考核项目/导航项目/基本项目/base_ws/install/my_car/share/my_car/environment/library_path.sh
-- Up-to-date: /home/chen/华南虎视觉/考核项目/导航项目/基本项目/base_ws/install/my_car/share/my_car/environment/library_path.dsv
-- Up-to-date: /home/chen/华南虎视觉/考核项目/导航项目/基本项目/base_ws/install/my_car/share/ament_index/resource_index/package_run_dependencies/my_car
-- Up-to-date: /home/chen/华南虎视觉/考核项目/导航项目/基本项目/base_ws/install/my_car/share/ament_index/resource_index/parent_prefix_path/my_car
-- Up-to-date: /home/chen/华南虎视觉/考核项目/导航项目/基本项目/base_ws/install/my_car/share/my_car/environment/ament_prefix_path.sh
-- Up-to-date: /home/chen/华南虎视觉/考核项目/导航项目/基本项目/base_ws/install/my_car/share/my_car/environment/ament_prefix_path.dsv
-- Up-to-date: /home/chen/华南虎视觉/考核项目/导航项目/基本项目/base_ws/install/my_car/share/my_car/environment/path.sh
-- Up-to-date: /home/chen/华南虎视觉/考核项目/导航项目/基本项目/base_ws/install/my_car/share/my_car/environment/path.dsv
-- Up-to-date: /home/chen/华南虎视觉/考核项目/导航项目/基本项目/base_ws/install/my_car/share/my_car/local_setup.bash
-- Up-to-date: /home/chen/华南虎视觉/考核项目/导航项目/基本项目/base_ws/install/my_car/share/my_car/local_setup.sh
-- Up-to-date: /home/chen/华南虎视觉/考核项目/导航项目/基本项目/base_ws/install/my_car/share/my_car/local_setup.zsh
-- Up-to-date: /home/chen/华南虎视觉/考核项目/导航项目/基本项目/base_ws/install/my_car/share/my_car/local_setup.dsv
-- Installing: /home/chen/华南虎视觉/考核项目/导航项目/基本项目/base_ws/install/my_car/share/my_car/package.dsv
-- Up-to-date: /home/chen/华南虎视觉/考核项目/导航项目/基本项目/base_ws/install/my_car/share/ament_index/resource_index/packages/my_car
-- Up-to-date: /home/chen/华南虎视觉/考核项目/导航项目/基本项目/base_ws/install/my_car/share/my_car/cmake/ament_cmake_export_include_directories-extras.cmake
-- Up-to-date: /home/chen/华南虎视觉/考核项目/导航项目/基本项目/base_ws/install/my_car/share/my_car/cmake/ament_cmake_export_libraries-extras.cmake
-- Up-to-date: /home/chen/华南虎视觉/考核项目/导航项目/基本项目/base_ws/install/my_car/share/my_car/cmake/ament_cmake_export_dependencies-extras.cmake
-- Up-to-date: /home/chen/华南虎视觉/考核项目/导航项目/基本项目/base_ws/install/my_car/share/my_car/cmake/my_carConfig.cmake
-- Up-to-date: /home/chen/华南虎视觉/考核项目/导航项目/基本项目/base_ws/install/my_car/share/my_car/cmake/my_carConfig-version.cmake
-- Up-to-date: /home/chen/华南虎视觉/考核项目/导航项目/基本项目/base_ws/install/my_car/share/my_car/package.xml
