[0.005s] Invoking command in '/home/chen/华南虎视觉/考核项目/导航项目/测试项目/sphere_motion/sphere_motion_ws/build/sphere_motion': CMAKE_PREFIX_PATH=/opt/ros/humble /usr/bin/cmake /home/chen/华南虎视觉/考核项目/导航项目/测试项目/sphere_motion/sphere_motion_ws/src/sphere_motion -DCMAKE_INSTALL_PREFIX=/home/chen/华南虎视觉/考核项目/导航项目/测试项目/sphere_motion/sphere_motion_ws/install/sphere_motion
[0.012s] -- Found ament_cmake: 1.3.0 (/usr/share/ament_cmake/cmake)
[0.106s] -- Found rclcpp: 16.0.10 (/opt/ros/humble/share/rclcpp/cmake)
[0.125s] -- Found rosidl_generator_c: 3.1.5 (/opt/ros/humble/share/rosidl_generator_c/cmake)
[0.127s] -- Found rosidl_adapter: 3.1.5 (/opt/ros/humble/share/rosidl_adapter/cmake)
[0.131s] -- Found rosidl_generator_cpp: 3.1.5 (/opt/ros/humble/share/rosidl_generator_cpp/cmake)
[0.137s] -- Using all available rosidl_typesupport_c: rosidl_typesupport_fastrtps_c;rosidl_typesupport_introspection_c
[0.146s] -- Using all available rosidl_typesupport_cpp: rosidl_typesupport_fastrtps_cpp;rosidl_typesupport_introspection_cpp
[0.176s] -- Found rmw_implementation_cmake: 6.1.2 (/opt/ros/humble/share/rmw_implementation_cmake/cmake)
[0.177s] -- Found rmw_fastrtps_cpp: 6.2.7 (/opt/ros/humble/share/rmw_fastrtps_cpp/cmake)
[0.252s] -- Found OpenSSL: /usr/lib/x86_64-linux-gnu/libcrypto.so (found version "3.0.2")  
[0.272s] -- Found FastRTPS: /opt/ros/humble/include  
[0.304s] -- Using RMW implementation 'rmw_fastrtps_cpp' as default
[0.309s] -- Looking for pthread.h
[0.393s] -- Looking for pthread.h - found
[0.393s] -- Performing Test CMAKE_HAVE_LIBC_PTHREAD
[0.495s] -- Performing Test CMAKE_HAVE_LIBC_PTHREAD - Success
[0.497s] -- Found Threads: TRUE  
[0.578s] -- Found tf2_ros: 0.25.8 (/opt/ros/humble/share/tf2_ros/cmake)
[0.757s] -- Found tf2_geometry_msgs: 0.25.8 (/opt/ros/humble/share/tf2_geometry_msgs/cmake)
[0.763s] -- Found eigen3_cmake_module: 0.1.1 (/opt/ros/humble/share/eigen3_cmake_module/cmake)
[0.764s] -- Found Eigen3: TRUE (found version "3.4.0") 
[0.764s] -- Ensuring Eigen3 include directory is part of orocos-kdl CMake target
[0.768s] -- Found nav_msgs: 4.2.4 (/opt/ros/humble/share/nav_msgs/cmake)
[0.806s] -- Found rosidl_default_generators: 1.2.0 (/opt/ros/humble/share/rosidl_default_generators/cmake)
[0.811s] -- Found ament_lint_auto: 0.12.11 (/opt/ros/humble/share/ament_lint_auto/cmake)
[0.928s] [31mCMake Error at /opt/ros/humble/share/rosidl_cmake/cmake/rosidl_generate_interfaces.cmake:213 (add_custom_target):
[0.928s]   add_custom_target cannot create target "sphere_motion" because another
[0.928s]   target with the same name already exists.  The existing target is an
[0.928s]   executable created in source directory
[0.928s]   "/home/chen/华南虎视觉/考核项目/导航项目/测试项目/sphere_motion/sphere_motion_ws/src/sphere_motion".
[0.928s]   See documentation for policy CMP0002 for more details.
[0.928s] Call Stack (most recent call first):
[0.928s]   CMakeLists.txt:39 (rosidl_generate_interfaces)
[0.928s] 
[0.928s] [0m
[0.932s] -- Added test 'cppcheck' to perform static code analysis on C / C++ code
[0.932s] -- Configured cppcheck include dirs: 
[0.932s] -- Configured cppcheck exclude dirs and/or files: 
[0.933s] -- Added test 'flake8' to check Python code syntax and style conventions
[0.933s] -- Added test 'lint_cmake' to check CMake code style
[0.933s] -- Added test 'pep257' to check Python code against some of the docstring style conventions in PEP 257
[0.933s] -- Added test 'uncrustify' to check C / C++ code style
[0.933s] -- Configured uncrustify additional arguments: 
[0.933s] -- Added test 'xmllint' to check XML markup files
[0.934s] -- Configuring incomplete, errors occurred!
[0.934s] See also "/home/chen/华南虎视觉/考核项目/导航项目/测试项目/sphere_motion/sphere_motion_ws/build/sphere_motion/CMakeFiles/CMakeOutput.log".
[0.942s] Invoked command in '/home/chen/华南虎视觉/考核项目/导航项目/测试项目/sphere_motion/sphere_motion_ws/build/sphere_motion' returned '1': CMAKE_PREFIX_PATH=/opt/ros/humble /usr/bin/cmake /home/chen/华南虎视觉/考核项目/导航项目/测试项目/sphere_motion/sphere_motion_ws/src/sphere_motion -DCMAKE_INSTALL_PREFIX=/home/chen/华南虎视觉/考核项目/导航项目/测试项目/sphere_motion/sphere_motion_ws/install/sphere_motion
