[0.005s] Invoking command in '/home/chen/华南虎视觉/考核项目/导航项目/测试项目/sphere_motion/sphere_motion_ws/build/sphere_motion': /usr/bin/cmake /home/chen/华南虎视觉/考核项目/导航项目/测试项目/sphere_motion/sphere_motion_ws/src/sphere_motion -DCMAKE_INSTALL_PREFIX=/home/chen/华南虎视觉/考核项目/导航项目/测试项目/sphere_motion/sphere_motion_ws/install/sphere_motion
[0.057s] -- The C compiler identification is GNU 12.3.0
[0.107s] -- The CXX compiler identification is GNU 11.4.0
[0.111s] -- Detecting C compiler ABI info
[0.197s] -- Detecting C compiler ABI info - done
[0.205s] -- Check for working C compiler: /usr/bin/cc - skipped
[0.205s] -- Detecting C compile features
[0.205s] -- Detecting C compile features - done
[0.206s] -- Detecting CXX compiler ABI info
[0.294s] -- Detecting CXX compiler ABI info - done
[0.301s] -- Check for working CXX compiler: /usr/bin/c++ - skipped
[0.301s] -- Detecting CXX compile features
[0.302s] -- Detecting CXX compile features - done
[0.306s] -- Found ament_cmake: 1.3.0 (/usr/share/ament_cmake/cmake)
[0.467s] -- Found Python3: /usr/bin/python3.10 (found version "3.10.12") found components: Interpreter 
[0.555s] [31mCMake Error at CMakeLists.txt:10 (find_package):
[0.555s]   By not providing "Findrclcpp.cmake" in CMAKE_MODULE_PATH this project has
[0.555s]   asked CMake to find a package configuration file provided by "rclcpp", but
[0.555s]   CMake did not find one.
[0.555s] 
[0.555s]   Could not find a package configuration file provided by "rclcpp" with any
[0.555s]   of the following names:
[0.555s] 
[0.555s]     rclcppConfig.cmake
[0.555s]     rclcpp-config.cmake
[0.556s] 
[0.556s]   Add the installation prefix of "rclcpp" to CMAKE_PREFIX_PATH or set
[0.556s]   "rclcpp_DIR" to a directory containing one of the above files.  If "rclcpp"
[0.556s]   provides a separate development package or SDK, be sure it has been
[0.556s]   installed.
[0.556s] 
[0.556s] [0m
[0.556s] -- Configuring incomplete, errors occurred!
[0.556s] See also "/home/chen/华南虎视觉/考核项目/导航项目/测试项目/sphere_motion/sphere_motion_ws/build/sphere_motion/CMakeFiles/CMakeOutput.log".
[0.558s] Invoked command in '/home/chen/华南虎视觉/考核项目/导航项目/测试项目/sphere_motion/sphere_motion_ws/build/sphere_motion' returned '1': /usr/bin/cmake /home/chen/华南虎视觉/考核项目/导航项目/测试项目/sphere_motion/sphere_motion_ws/src/sphere_motion -DCMAKE_INSTALL_PREFIX=/home/chen/华南虎视觉/考核项目/导航项目/测试项目/sphere_motion/sphere_motion_ws/install/sphere_motion
