[0.008s] Invoking command in '/home/chen/华南虎视觉/考核项目/导航项目/基本项目/base_ws/build/velodyne_gazebo_plugins': CMAKE_PREFIX_PATH=${CMAKE_PREFIX_PATH}:/opt/ros/humble /usr/bin/cmake --build /home/chen/华南虎视觉/考核项目/导航项目/基本项目/base_ws/build/velodyne_gazebo_plugins -- -j32 -l32
[0.052s] [100%] Built target gazebo_ros_velodyne_laser
[0.064s] Invoked command in '/home/chen/华南虎视觉/考核项目/导航项目/基本项目/base_ws/build/velodyne_gazebo_plugins' returned '0': CMAKE_PREFIX_PATH=${CMAKE_PREFIX_PATH}:/opt/ros/humble /usr/bin/cmake --build /home/chen/华南虎视觉/考核项目/导航项目/基本项目/base_ws/build/velodyne_gazebo_plugins -- -j32 -l32
[0.082s] Invoking command in '/home/chen/华南虎视觉/考核项目/导航项目/基本项目/base_ws/build/velodyne_gazebo_plugins': CMAKE_PREFIX_PATH=${CMAKE_PREFIX_PATH}:/opt/ros/humble /usr/bin/cmake --install /home/chen/华南虎视觉/考核项目/导航项目/基本项目/base_ws/build/velodyne_gazebo_plugins
[0.086s] -- Install configuration: ""
[0.086s] -- Up-to-date: /home/chen/华南虎视觉/考核项目/导航项目/基本项目/base_ws/install/velodyne_gazebo_plugins/lib/libgazebo_ros_velodyne_laser.so
[0.086s] -- Up-to-date: /home/chen/华南虎视觉/考核项目/导航项目/基本项目/base_ws/install/velodyne_gazebo_plugins/include/velodyne_gazebo_plugins
[0.086s] -- Up-to-date: /home/chen/华南虎视觉/考核项目/导航项目/基本项目/base_ws/install/velodyne_gazebo_plugins/include/velodyne_gazebo_plugins/GazeboRosVelodyneLaser.hpp
[0.086s] -- Up-to-date: /home/chen/华南虎视觉/考核项目/导航项目/基本项目/base_ws/install/velodyne_gazebo_plugins/share/velodyne_gazebo_plugins/environment/library_path.sh
[0.087s] -- Up-to-date: /home/chen/华南虎视觉/考核项目/导航项目/基本项目/base_ws/install/velodyne_gazebo_plugins/share/velodyne_gazebo_plugins/environment/library_path.dsv
[0.087s] -- Up-to-date: /home/chen/华南虎视觉/考核项目/导航项目/基本项目/base_ws/install/velodyne_gazebo_plugins/share/ament_index/resource_index/package_run_dependencies/velodyne_gazebo_plugins
[0.087s] -- Up-to-date: /home/chen/华南虎视觉/考核项目/导航项目/基本项目/base_ws/install/velodyne_gazebo_plugins/share/ament_index/resource_index/parent_prefix_path/velodyne_gazebo_plugins
[0.087s] -- Up-to-date: /home/chen/华南虎视觉/考核项目/导航项目/基本项目/base_ws/install/velodyne_gazebo_plugins/share/velodyne_gazebo_plugins/environment/ament_prefix_path.sh
[0.087s] -- Up-to-date: /home/chen/华南虎视觉/考核项目/导航项目/基本项目/base_ws/install/velodyne_gazebo_plugins/share/velodyne_gazebo_plugins/environment/ament_prefix_path.dsv
[0.087s] -- Up-to-date: /home/chen/华南虎视觉/考核项目/导航项目/基本项目/base_ws/install/velodyne_gazebo_plugins/share/velodyne_gazebo_plugins/environment/path.sh
[0.087s] -- Up-to-date: /home/chen/华南虎视觉/考核项目/导航项目/基本项目/base_ws/install/velodyne_gazebo_plugins/share/velodyne_gazebo_plugins/environment/path.dsv
[0.087s] -- Up-to-date: /home/chen/华南虎视觉/考核项目/导航项目/基本项目/base_ws/install/velodyne_gazebo_plugins/share/velodyne_gazebo_plugins/local_setup.bash
[0.087s] -- Up-to-date: /home/chen/华南虎视觉/考核项目/导航项目/基本项目/base_ws/install/velodyne_gazebo_plugins/share/velodyne_gazebo_plugins/local_setup.sh
[0.087s] -- Up-to-date: /home/chen/华南虎视觉/考核项目/导航项目/基本项目/base_ws/install/velodyne_gazebo_plugins/share/velodyne_gazebo_plugins/local_setup.zsh
[0.087s] -- Up-to-date: /home/chen/华南虎视觉/考核项目/导航项目/基本项目/base_ws/install/velodyne_gazebo_plugins/share/velodyne_gazebo_plugins/local_setup.dsv
[0.087s] -- Installing: /home/chen/华南虎视觉/考核项目/导航项目/基本项目/base_ws/install/velodyne_gazebo_plugins/share/velodyne_gazebo_plugins/package.dsv
[0.087s] -- Up-to-date: /home/chen/华南虎视觉/考核项目/导航项目/基本项目/base_ws/install/velodyne_gazebo_plugins/share/ament_index/resource_index/packages/velodyne_gazebo_plugins
[0.087s] -- Up-to-date: /home/chen/华南虎视觉/考核项目/导航项目/基本项目/base_ws/install/velodyne_gazebo_plugins/share/velodyne_gazebo_plugins/cmake/ament_cmake_export_include_directories-extras.cmake
[0.087s] -- Up-to-date: /home/chen/华南虎视觉/考核项目/导航项目/基本项目/base_ws/install/velodyne_gazebo_plugins/share/velodyne_gazebo_plugins/cmake/ament_cmake_export_libraries-extras.cmake
[0.087s] -- Up-to-date: /home/chen/华南虎视觉/考核项目/导航项目/基本项目/base_ws/install/velodyne_gazebo_plugins/share/velodyne_gazebo_plugins/cmake/ament_cmake_export_dependencies-extras.cmake
[0.087s] -- Up-to-date: /home/chen/华南虎视觉/考核项目/导航项目/基本项目/base_ws/install/velodyne_gazebo_plugins/share/velodyne_gazebo_plugins/cmake/velodyne_gazebo_pluginsConfig.cmake
[0.087s] -- Up-to-date: /home/chen/华南虎视觉/考核项目/导航项目/基本项目/base_ws/install/velodyne_gazebo_plugins/share/velodyne_gazebo_plugins/cmake/velodyne_gazebo_pluginsConfig-version.cmake
[0.088s] -- Up-to-date: /home/chen/华南虎视觉/考核项目/导航项目/基本项目/base_ws/install/velodyne_gazebo_plugins/share/velodyne_gazebo_plugins/package.xml
[0.088s] Invoked command in '/home/chen/华南虎视觉/考核项目/导航项目/基本项目/base_ws/build/velodyne_gazebo_plugins' returned '0': CMAKE_PREFIX_PATH=${CMAKE_PREFIX_PATH}:/opt/ros/humble /usr/bin/cmake --install /home/chen/华南虎视觉/考核项目/导航项目/基本项目/base_ws/build/velodyne_gazebo_plugins
