-- Install configuration: ""
-- Up-to-date: /home/chen/华南虎视觉/考核项目/导航项目/综合项目/generalization_task_ws/install/my_car/share/my_car/config
-- Up-to-date: /home/chen/华南虎视觉/考核项目/导航项目/综合项目/generalization_task_ws/install/my_car/share/my_car/config/my_car_2d.lua
-- Up-to-date: /home/chen/华南虎视觉/考核项目/导航项目/综合项目/generalization_task_ws/install/my_car/share/my_car/launch
-- Installing: /home/chen/华南虎视觉/考核项目/导航项目/综合项目/generalization_task_ws/install/my_car/share/my_car/launch/cartographer.launch.py
-- Up-to-date: /home/chen/华南虎视觉/考核项目/导航项目/综合项目/generalization_task_ws/install/my_car/share/my_car/rviz
-- Up-to-date: /home/chen/华南虎视觉/考核项目/导航项目/综合项目/generalization_task_ws/install/my_car/share/ament_index/resource_index/package_run_dependencies/my_car
-- Up-to-date: /home/chen/华南虎视觉/考核项目/导航项目/综合项目/generalization_task_ws/install/my_car/share/ament_index/resource_index/parent_prefix_path/my_car
-- Up-to-date: /home/chen/华南虎视觉/考核项目/导航项目/综合项目/generalization_task_ws/install/my_car/share/my_car/environment/ament_prefix_path.sh
-- Up-to-date: /home/chen/华南虎视觉/考核项目/导航项目/综合项目/generalization_task_ws/install/my_car/share/my_car/environment/ament_prefix_path.dsv
-- Up-to-date: /home/chen/华南虎视觉/考核项目/导航项目/综合项目/generalization_task_ws/install/my_car/share/my_car/environment/path.sh
-- Up-to-date: /home/chen/华南虎视觉/考核项目/导航项目/综合项目/generalization_task_ws/install/my_car/share/my_car/environment/path.dsv
-- Up-to-date: /home/chen/华南虎视觉/考核项目/导航项目/综合项目/generalization_task_ws/install/my_car/share/my_car/local_setup.bash
-- Up-to-date: /home/chen/华南虎视觉/考核项目/导航项目/综合项目/generalization_task_ws/install/my_car/share/my_car/local_setup.sh
-- Up-to-date: /home/chen/华南虎视觉/考核项目/导航项目/综合项目/generalization_task_ws/install/my_car/share/my_car/local_setup.zsh
-- Up-to-date: /home/chen/华南虎视觉/考核项目/导航项目/综合项目/generalization_task_ws/install/my_car/share/my_car/local_setup.dsv
-- Up-to-date: /home/chen/华南虎视觉/考核项目/导航项目/综合项目/generalization_task_ws/install/my_car/share/my_car/package.dsv
-- Up-to-date: /home/chen/华南虎视觉/考核项目/导航项目/综合项目/generalization_task_ws/install/my_car/share/ament_index/resource_index/packages/my_car
-- Up-to-date: /home/chen/华南虎视觉/考核项目/导航项目/综合项目/generalization_task_ws/install/my_car/share/my_car/cmake/my_carConfig.cmake
-- Up-to-date: /home/chen/华南虎视觉/考核项目/导航项目/综合项目/generalization_task_ws/install/my_car/share/my_car/cmake/my_carConfig-version.cmake
-- Up-to-date: /home/chen/华南虎视觉/考核项目/导航项目/综合项目/generalization_task_ws/install/my_car/share/my_car/package.xml
