[0.008s] Invoking command in '/home/chen/华南虎视觉/考核项目/导航项目/综合项目/generalization_task_ws/build/my_car': CMAKE_PREFIX_PATH=${CMAKE_PREFIX_PATH}:/opt/ros/humble /usr/bin/cmake --build /home/chen/华南虎视觉/考核项目/导航项目/综合项目/generalization_task_ws/build/my_car -- -j32 -l32
[0.042s] Invoked command in '/home/chen/华南虎视觉/考核项目/导航项目/综合项目/generalization_task_ws/build/my_car' returned '0': CMAKE_PREFIX_PATH=${CMAKE_PREFIX_PATH}:/opt/ros/humble /usr/bin/cmake --build /home/chen/华南虎视觉/考核项目/导航项目/综合项目/generalization_task_ws/build/my_car -- -j32 -l32
[0.102s] Invoking command in '/home/chen/华南虎视觉/考核项目/导航项目/综合项目/generalization_task_ws/build/my_car': CMAKE_PREFIX_PATH=${CMAKE_PREFIX_PATH}:/opt/ros/humble /usr/bin/cmake --install /home/chen/华南虎视觉/考核项目/导航项目/综合项目/generalization_task_ws/build/my_car
[0.115s] -- Install configuration: ""
[0.115s] -- Up-to-date: /home/chen/华南虎视觉/考核项目/导航项目/综合项目/generalization_task_ws/install/my_car/share/my_car/config
[0.115s] -- Up-to-date: /home/chen/华南虎视觉/考核项目/导航项目/综合项目/generalization_task_ws/install/my_car/share/my_car/config/my_car_2d.lua
[0.115s] -- Up-to-date: /home/chen/华南虎视觉/考核项目/导航项目/综合项目/generalization_task_ws/install/my_car/share/my_car/launch
[0.116s] -- Installing: /home/chen/华南虎视觉/考核项目/导航项目/综合项目/generalization_task_ws/install/my_car/share/my_car/launch/cartographer.launch.py
[0.116s] -- Up-to-date: /home/chen/华南虎视觉/考核项目/导航项目/综合项目/generalization_task_ws/install/my_car/share/my_car/rviz
[0.116s] -- Up-to-date: /home/chen/华南虎视觉/考核项目/导航项目/综合项目/generalization_task_ws/install/my_car/share/ament_index/resource_index/package_run_dependencies/my_car
[0.116s] -- Up-to-date: /home/chen/华南虎视觉/考核项目/导航项目/综合项目/generalization_task_ws/install/my_car/share/ament_index/resource_index/parent_prefix_path/my_car
[0.116s] -- Up-to-date: /home/chen/华南虎视觉/考核项目/导航项目/综合项目/generalization_task_ws/install/my_car/share/my_car/environment/ament_prefix_path.sh
[0.117s] -- Up-to-date: /home/chen/华南虎视觉/考核项目/导航项目/综合项目/generalization_task_ws/install/my_car/share/my_car/environment/ament_prefix_path.dsv
[0.117s] -- Up-to-date: /home/chen/华南虎视觉/考核项目/导航项目/综合项目/generalization_task_ws/install/my_car/share/my_car/environment/path.sh
[0.117s] -- Up-to-date: /home/chen/华南虎视觉/考核项目/导航项目/综合项目/generalization_task_ws/install/my_car/share/my_car/environment/path.dsv
[0.118s] -- Up-to-date: /home/chen/华南虎视觉/考核项目/导航项目/综合项目/generalization_task_ws/install/my_car/share/my_car/local_setup.bash
[0.118s] -- Up-to-date: /home/chen/华南虎视觉/考核项目/导航项目/综合项目/generalization_task_ws/install/my_car/share/my_car/local_setup.sh
[0.118s] -- Up-to-date: /home/chen/华南虎视觉/考核项目/导航项目/综合项目/generalization_task_ws/install/my_car/share/my_car/local_setup.zsh
[0.118s] -- Up-to-date: /home/chen/华南虎视觉/考核项目/导航项目/综合项目/generalization_task_ws/install/my_car/share/my_car/local_setup.dsv
[0.118s] -- Up-to-date: /home/chen/华南虎视觉/考核项目/导航项目/综合项目/generalization_task_ws/install/my_car/share/my_car/package.dsv
[0.118s] -- Up-to-date: /home/chen/华南虎视觉/考核项目/导航项目/综合项目/generalization_task_ws/install/my_car/share/ament_index/resource_index/packages/my_car
[0.118s] -- Up-to-date: /home/chen/华南虎视觉/考核项目/导航项目/综合项目/generalization_task_ws/install/my_car/share/my_car/cmake/my_carConfig.cmake
[0.118s] -- Up-to-date: /home/chen/华南虎视觉/考核项目/导航项目/综合项目/generalization_task_ws/install/my_car/share/my_car/cmake/my_carConfig-version.cmake
[0.119s] -- Up-to-date: /home/chen/华南虎视觉/考核项目/导航项目/综合项目/generalization_task_ws/install/my_car/share/my_car/package.xml
[0.119s] Invoked command in '/home/chen/华南虎视觉/考核项目/导航项目/综合项目/generalization_task_ws/build/my_car' returned '0': CMAKE_PREFIX_PATH=${CMAKE_PREFIX_PATH}:/opt/ros/humble /usr/bin/cmake --install /home/chen/华南虎视觉/考核项目/导航项目/综合项目/generalization_task_ws/build/my_car
