[0.052s] DEBUG:colcon:Command line arguments: ['/usr/bin/colcon', 'build']
[0.052s] DEBUG:colcon:Parsed command line arguments: Namespace(log_base=None, log_level=None, verb_name='build', build_base='build', install_base='install', merge_install=False, symlink_install=False, test_result_base=None, continue_on_error=False, executor='parallel', parallel_workers=32, event_handlers=None, ignore_user_meta=False, metas=['./colcon.meta'], base_paths=['.'], packages_ignore=None, packages_ignore_regex=None, paths=None, packages_up_to=None, packages_up_to_regex=None, packages_above=None, packages_above_and_dependencies=None, packages_above_depth=None, packages_select_by_dep=None, packages_skip_by_dep=None, packages_skip_up_to=None, packages_select_build_failed=False, packages_skip_build_finished=False, packages_select_test_failures=False, packages_skip_test_passed=False, packages_select=None, packages_skip=None, packages_select_regex=None, packages_skip_regex=None, packages_start=None, packages_end=None, allow_overriding=[], cmake_args=None, cmake_target=None, cmake_target_skip_unavailable=False, cmake_clean_cache=False, cmake_clean_first=False, cmake_force_configure=False, ament_cmake_args=None, catkin_cmake_args=None, catkin_skip_building_tests=False, verb_parser=<colcon_defaults.argument_parser.defaults.DefaultArgumentsDecorator object at 0x7662a5f1ce20>, verb_extension=<colcon_core.verb.build.BuildVerb object at 0x7662a5f1c9d0>, main=<bound method BuildVerb.main of <colcon_core.verb.build.BuildVerb object at 0x7662a5f1c9d0>>)
[0.129s] Level 1:colcon.colcon_core.package_discovery:discover_packages(colcon_meta) check parameters
[0.129s] Level 1:colcon.colcon_core.package_discovery:discover_packages(recursive) check parameters
[0.129s] Level 1:colcon.colcon_core.package_discovery:discover_packages(ignore) check parameters
[0.130s] Level 1:colcon.colcon_core.package_discovery:discover_packages(path) check parameters
[0.130s] Level 1:colcon.colcon_core.package_discovery:discover_packages(colcon_meta) discover
[0.130s] Level 1:colcon.colcon_core.package_discovery:discover_packages(recursive) discover
[0.130s] INFO:colcon.colcon_core.package_discovery:Crawling recursively for packages in '/home/chen/华南虎视觉/考核项目/导航项目/测试项目/sphere_motion/pcl_ws'
[0.130s] Level 1:colcon.colcon_core.package_identification:_identify(.) by extensions ['ignore', 'ignore_ament_install']
[0.130s] Level 1:colcon.colcon_core.package_identification:_identify(.) by extension 'ignore'
[0.130s] Level 1:colcon.colcon_core.package_identification:_identify(.) by extension 'ignore_ament_install'
[0.130s] Level 1:colcon.colcon_core.package_identification:_identify(.) by extensions ['colcon_pkg']
[0.130s] Level 1:colcon.colcon_core.package_identification:_identify(.) by extension 'colcon_pkg'
[0.130s] Level 1:colcon.colcon_core.package_identification:_identify(.) by extensions ['colcon_meta']
[0.130s] Level 1:colcon.colcon_core.package_identification:_identify(.) by extension 'colcon_meta'
[0.130s] Level 1:colcon.colcon_core.package_identification:_identify(.) by extensions ['ros']
[0.130s] Level 1:colcon.colcon_core.package_identification:_identify(.) by extension 'ros'
[0.136s] Level 1:colcon.colcon_core.package_identification:_identify(.) by extensions ['cmake', 'python']
[0.136s] Level 1:colcon.colcon_core.package_identification:_identify(.) by extension 'cmake'
[0.136s] Level 1:colcon.colcon_core.package_identification:_identify(.) by extension 'python'
[0.136s] Level 1:colcon.colcon_core.package_identification:_identify(.) by extensions ['python_setup_py']
[0.136s] Level 1:colcon.colcon_core.package_identification:_identify(.) by extension 'python_setup_py'
[0.136s] Level 1:colcon.colcon_core.package_identification:_identify(build) by extensions ['ignore', 'ignore_ament_install']
[0.136s] Level 1:colcon.colcon_core.package_identification:_identify(build) by extension 'ignore'
[0.136s] Level 1:colcon.colcon_core.package_identification:_identify(build) ignored
[0.136s] Level 1:colcon.colcon_core.package_identification:_identify(install) by extensions ['ignore', 'ignore_ament_install']
[0.136s] Level 1:colcon.colcon_core.package_identification:_identify(install) by extension 'ignore'
[0.136s] Level 1:colcon.colcon_core.package_identification:_identify(install) ignored
[0.137s] Level 1:colcon.colcon_core.package_identification:_identify(log) by extensions ['ignore', 'ignore_ament_install']
[0.137s] Level 1:colcon.colcon_core.package_identification:_identify(log) by extension 'ignore'
[0.137s] Level 1:colcon.colcon_core.package_identification:_identify(log) ignored
[0.137s] Level 1:colcon.colcon_core.package_identification:_identify(pcl_task) by extensions ['ignore', 'ignore_ament_install']
[0.137s] Level 1:colcon.colcon_core.package_identification:_identify(pcl_task) by extension 'ignore'
[0.137s] Level 1:colcon.colcon_core.package_identification:_identify(pcl_task) by extension 'ignore_ament_install'
[0.137s] Level 1:colcon.colcon_core.package_identification:_identify(pcl_task) by extensions ['colcon_pkg']
[0.137s] Level 1:colcon.colcon_core.package_identification:_identify(pcl_task) by extension 'colcon_pkg'
[0.137s] Level 1:colcon.colcon_core.package_identification:_identify(pcl_task) by extensions ['colcon_meta']
[0.137s] Level 1:colcon.colcon_core.package_identification:_identify(pcl_task) by extension 'colcon_meta'
[0.137s] Level 1:colcon.colcon_core.package_identification:_identify(pcl_task) by extensions ['ros']
[0.137s] Level 1:colcon.colcon_core.package_identification:_identify(pcl_task) by extension 'ros'
[0.138s] DEBUG:colcon.colcon_core.package_identification:Package 'pcl_task' with type 'ros.ament_cmake' and name 'pcl_task'
[0.138s] Level 1:colcon.colcon_core.package_discovery:discover_packages(recursive) using defaults
[0.138s] Level 1:colcon.colcon_core.package_discovery:discover_packages(ignore) discover
[0.138s] Level 1:colcon.colcon_core.package_discovery:discover_packages(ignore) using defaults
[0.138s] Level 1:colcon.colcon_core.package_discovery:discover_packages(path) discover
[0.138s] Level 1:colcon.colcon_core.package_discovery:discover_packages(path) using defaults
[0.149s] Level 1:colcon.colcon_core.package_discovery:discover_packages(prefix_path) check parameters
[0.149s] Level 1:colcon.colcon_core.package_discovery:discover_packages(prefix_path) discover
[0.150s] DEBUG:colcon.colcon_installed_package_information.package_discovery:Found 1 installed packages in /home/chen/华南虎视觉/考核项目/导航项目/测试项目/sphere_motion/pcl_ws/install
[0.150s] DEBUG:colcon.colcon_installed_package_information.package_discovery:Found 331 installed packages in /opt/ros/humble
[0.152s] Level 1:colcon.colcon_core.package_discovery:discover_packages(prefix_path) using defaults
[0.177s] Level 5:colcon.colcon_core.verb:set package 'pcl_task' build argument 'cmake_args' from command line to 'None'
[0.177s] Level 5:colcon.colcon_core.verb:set package 'pcl_task' build argument 'cmake_target' from command line to 'None'
[0.177s] Level 5:colcon.colcon_core.verb:set package 'pcl_task' build argument 'cmake_target_skip_unavailable' from command line to 'False'
[0.177s] Level 5:colcon.colcon_core.verb:set package 'pcl_task' build argument 'cmake_clean_cache' from command line to 'False'
[0.177s] Level 5:colcon.colcon_core.verb:set package 'pcl_task' build argument 'cmake_clean_first' from command line to 'False'
[0.177s] Level 5:colcon.colcon_core.verb:set package 'pcl_task' build argument 'cmake_force_configure' from command line to 'False'
[0.177s] Level 5:colcon.colcon_core.verb:set package 'pcl_task' build argument 'ament_cmake_args' from command line to 'None'
[0.177s] Level 5:colcon.colcon_core.verb:set package 'pcl_task' build argument 'catkin_cmake_args' from command line to 'None'
[0.177s] Level 5:colcon.colcon_core.verb:set package 'pcl_task' build argument 'catkin_skip_building_tests' from command line to 'False'
[0.177s] DEBUG:colcon.colcon_core.verb:Building package 'pcl_task' with the following arguments: {'ament_cmake_args': None, 'build_base': '/home/chen/华南虎视觉/考核项目/导航项目/测试项目/sphere_motion/pcl_ws/build/pcl_task', 'catkin_cmake_args': None, 'catkin_skip_building_tests': False, 'cmake_args': None, 'cmake_clean_cache': False, 'cmake_clean_first': False, 'cmake_force_configure': False, 'cmake_target': None, 'cmake_target_skip_unavailable': False, 'install_base': '/home/chen/华南虎视觉/考核项目/导航项目/测试项目/sphere_motion/pcl_ws/install/pcl_task', 'merge_install': False, 'path': '/home/chen/华南虎视觉/考核项目/导航项目/测试项目/sphere_motion/pcl_ws/pcl_task', 'symlink_install': False, 'test_result_base': None}
[0.177s] INFO:colcon.colcon_core.executor:Executing jobs using 'parallel' executor
[0.178s] DEBUG:colcon.colcon_parallel_executor.executor.parallel:run_until_complete
[0.178s] INFO:colcon.colcon_ros.task.ament_cmake.build:Building ROS package in '/home/chen/华南虎视觉/考核项目/导航项目/测试项目/sphere_motion/pcl_ws/pcl_task' with build type 'ament_cmake'
[0.178s] INFO:colcon.colcon_cmake.task.cmake.build:Building CMake package in '/home/chen/华南虎视觉/考核项目/导航项目/测试项目/sphere_motion/pcl_ws/pcl_task'
[0.179s] INFO:colcon.colcon_core.plugin_system:Skipping extension 'colcon_core.shell.bat': Not used on non-Windows systems
[0.179s] INFO:colcon.colcon_core.shell:Skip shell extension 'powershell' for command environment: Not usable outside of PowerShell
[0.179s] DEBUG:colcon.colcon_core.shell:Skip shell extension 'dsv' for command environment
[0.185s] DEBUG:colcon.colcon_core.event_handler.log_command:Invoking command in '/home/chen/华南虎视觉/考核项目/导航项目/测试项目/sphere_motion/pcl_ws/build/pcl_task': CMAKE_PREFIX_PATH=${CMAKE_PREFIX_PATH}:/opt/ros/humble /usr/bin/cmake --build /home/chen/华南虎视觉/考核项目/导航项目/测试项目/sphere_motion/pcl_ws/build/pcl_task -- -j32 -l32
[1.138s] DEBUG:colcon.colcon_core.event_handler.log_command:Invoked command in '/home/chen/华南虎视觉/考核项目/导航项目/测试项目/sphere_motion/pcl_ws/build/pcl_task' returned '2': CMAKE_PREFIX_PATH=${CMAKE_PREFIX_PATH}:/opt/ros/humble /usr/bin/cmake --build /home/chen/华南虎视觉/考核项目/导航项目/测试项目/sphere_motion/pcl_ws/build/pcl_task -- -j32 -l32
[1.167s] Level 1:colcon.colcon_core.environment:create_environment_scripts_only(pcl_task)
[1.169s] Level 1:colcon.colcon_core.environment:checking '/home/chen/华南虎视觉/考核项目/导航项目/测试项目/sphere_motion/pcl_ws/install/pcl_task' for CMake module files
[1.170s] Level 1:colcon.colcon_core.environment:checking '/home/chen/华南虎视觉/考核项目/导航项目/测试项目/sphere_motion/pcl_ws/install/pcl_task' for CMake config files
[1.170s] Level 1:colcon.colcon_core.shell:create_environment_hook('pcl_task', 'cmake_prefix_path')
[1.170s] INFO:colcon.colcon_core.shell:Creating environment hook '/home/chen/华南虎视觉/考核项目/导航项目/测试项目/sphere_motion/pcl_ws/install/pcl_task/share/pcl_task/hook/cmake_prefix_path.ps1'
[1.171s] INFO:colcon.colcon_core.shell:Creating environment descriptor '/home/chen/华南虎视觉/考核项目/导航项目/测试项目/sphere_motion/pcl_ws/install/pcl_task/share/pcl_task/hook/cmake_prefix_path.dsv'
[1.171s] INFO:colcon.colcon_core.shell:Creating environment hook '/home/chen/华南虎视觉/考核项目/导航项目/测试项目/sphere_motion/pcl_ws/install/pcl_task/share/pcl_task/hook/cmake_prefix_path.sh'
[1.172s] Level 1:colcon.colcon_core.environment:checking '/home/chen/华南虎视觉/考核项目/导航项目/测试项目/sphere_motion/pcl_ws/install/pcl_task/lib'
[1.172s] Level 1:colcon.colcon_core.environment:checking '/home/chen/华南虎视觉/考核项目/导航项目/测试项目/sphere_motion/pcl_ws/install/pcl_task/bin'
[1.172s] Level 1:colcon.colcon_core.environment:checking '/home/chen/华南虎视觉/考核项目/导航项目/测试项目/sphere_motion/pcl_ws/install/pcl_task/lib/pkgconfig/pcl_task.pc'
[1.172s] Level 1:colcon.colcon_core.environment:checking '/home/chen/华南虎视觉/考核项目/导航项目/测试项目/sphere_motion/pcl_ws/install/pcl_task/lib/python3.10/site-packages'
[1.173s] Level 1:colcon.colcon_core.environment:checking '/home/chen/华南虎视觉/考核项目/导航项目/测试项目/sphere_motion/pcl_ws/install/pcl_task/bin'
[1.173s] INFO:colcon.colcon_core.shell:Creating package script '/home/chen/华南虎视觉/考核项目/导航项目/测试项目/sphere_motion/pcl_ws/install/pcl_task/share/pcl_task/package.ps1'
[1.174s] INFO:colcon.colcon_core.shell:Creating package descriptor '/home/chen/华南虎视觉/考核项目/导航项目/测试项目/sphere_motion/pcl_ws/install/pcl_task/share/pcl_task/package.dsv'
[1.174s] INFO:colcon.colcon_core.shell:Creating package script '/home/chen/华南虎视觉/考核项目/导航项目/测试项目/sphere_motion/pcl_ws/install/pcl_task/share/pcl_task/package.sh'
[1.175s] INFO:colcon.colcon_core.shell:Creating package script '/home/chen/华南虎视觉/考核项目/导航项目/测试项目/sphere_motion/pcl_ws/install/pcl_task/share/pcl_task/package.bash'
[1.175s] INFO:colcon.colcon_core.shell:Creating package script '/home/chen/华南虎视觉/考核项目/导航项目/测试项目/sphere_motion/pcl_ws/install/pcl_task/share/pcl_task/package.zsh'
[1.176s] Level 1:colcon.colcon_core.environment:create_file_with_runtime_dependencies(/home/chen/华南虎视觉/考核项目/导航项目/测试项目/sphere_motion/pcl_ws/install/pcl_task/share/colcon-core/packages/pcl_task)
[1.186s] DEBUG:colcon.colcon_parallel_executor.executor.parallel:closing loop
[1.186s] DEBUG:colcon.colcon_parallel_executor.executor.parallel:loop closed
[1.186s] DEBUG:colcon.colcon_parallel_executor.executor.parallel:run_until_complete finished with '2'
[1.186s] DEBUG:colcon.colcon_core.event_reactor:joining thread
[1.194s] INFO:colcon.colcon_core.plugin_system:Skipping extension 'colcon_notification.desktop_notification.terminal_notifier': Not used on non-Darwin systems
[1.194s] INFO:colcon.colcon_core.plugin_system:Skipping extension 'colcon_notification.desktop_notification.win32': Not used on non-Windows systems
[1.194s] INFO:colcon.colcon_notification.desktop_notification:Sending desktop notification using 'notify2'
[1.210s] DEBUG:colcon.colcon_core.event_reactor:joined thread
[1.210s] INFO:colcon.colcon_core.shell:Creating prefix script '/home/chen/华南虎视觉/考核项目/导航项目/测试项目/sphere_motion/pcl_ws/install/local_setup.ps1'
[1.211s] INFO:colcon.colcon_core.shell:Creating prefix util module '/home/chen/华南虎视觉/考核项目/导航项目/测试项目/sphere_motion/pcl_ws/install/_local_setup_util_ps1.py'
[1.213s] INFO:colcon.colcon_core.shell:Creating prefix chain script '/home/chen/华南虎视觉/考核项目/导航项目/测试项目/sphere_motion/pcl_ws/install/setup.ps1'
[1.214s] INFO:colcon.colcon_core.shell:Creating prefix script '/home/chen/华南虎视觉/考核项目/导航项目/测试项目/sphere_motion/pcl_ws/install/local_setup.sh'
[1.215s] INFO:colcon.colcon_core.shell:Creating prefix util module '/home/chen/华南虎视觉/考核项目/导航项目/测试项目/sphere_motion/pcl_ws/install/_local_setup_util_sh.py'
[1.215s] INFO:colcon.colcon_core.shell:Creating prefix chain script '/home/chen/华南虎视觉/考核项目/导航项目/测试项目/sphere_motion/pcl_ws/install/setup.sh'
[1.216s] INFO:colcon.colcon_core.shell:Creating prefix script '/home/chen/华南虎视觉/考核项目/导航项目/测试项目/sphere_motion/pcl_ws/install/local_setup.bash'
[1.217s] INFO:colcon.colcon_core.shell:Creating prefix chain script '/home/chen/华南虎视觉/考核项目/导航项目/测试项目/sphere_motion/pcl_ws/install/setup.bash'
[1.218s] INFO:colcon.colcon_core.shell:Creating prefix script '/home/chen/华南虎视觉/考核项目/导航项目/测试项目/sphere_motion/pcl_ws/install/local_setup.zsh'
[1.219s] INFO:colcon.colcon_core.shell:Creating prefix chain script '/home/chen/华南虎视觉/考核项目/导航项目/测试项目/sphere_motion/pcl_ws/install/setup.zsh'
