[0.007s] Invoking command in '/home/chen/华南虎视觉/考核项目/导航项目/基本项目/base_ws/build/my_car': CMAKE_PREFIX_PATH=${CMAKE_PREFIX_PATH}:/opt/ros/humble /usr/bin/cmake /home/chen/华南虎视觉/考核项目/导航项目/基本项目/base_ws/src/my_car -DCMAKE_INSTALL_PREFIX=/home/chen/华南虎视觉/考核项目/导航项目/基本项目/base_ws/install/my_car
[0.048s] -- The C compiler identification is GNU 12.3.0
[0.091s] -- The CXX compiler identification is GNU 11.4.0
[0.095s] -- Detecting C compiler ABI info
[0.147s] -- Detecting C compiler ABI info - done
[0.157s] -- Check for working C compiler: /usr/bin/cc - skipped
[0.158s] -- Detecting C compile features
[0.158s] -- Detecting C compile features - done
[0.162s] -- Detecting CXX compiler ABI info
[0.242s] -- Detecting CXX compiler ABI info - done
[0.246s] -- Check for working CXX compiler: /usr/bin/c++ - skipped
[0.246s] -- Detecting CXX compile features
[0.246s] -- Detecting CXX compile features - done
[0.247s] -- Found ament_cmake: 1.3.10 (/opt/ros/humble/share/ament_cmake/cmake)
[0.343s] -- Found Python3: /usr/bin/python3 (found version "3.10.12") found components: Interpreter 
[0.387s] -- Found rclcpp: 16.0.10 (/opt/ros/humble/share/rclcpp/cmake)
[0.405s] -- Found rosidl_generator_c: 3.1.5 (/opt/ros/humble/share/rosidl_generator_c/cmake)
[0.407s] -- Found rosidl_adapter: 3.1.5 (/opt/ros/humble/share/rosidl_adapter/cmake)
[0.411s] -- Found rosidl_generator_cpp: 3.1.5 (/opt/ros/humble/share/rosidl_generator_cpp/cmake)
[0.416s] -- Using all available rosidl_typesupport_c: rosidl_typesupport_fastrtps_c;rosidl_typesupport_introspection_c
[0.423s] -- Using all available rosidl_typesupport_cpp: rosidl_typesupport_fastrtps_cpp;rosidl_typesupport_introspection_cpp
[0.442s] -- Found rmw_implementation_cmake: 6.1.2 (/opt/ros/humble/share/rmw_implementation_cmake/cmake)
[0.444s] -- Found rmw_fastrtps_cpp: 6.2.7 (/opt/ros/humble/share/rmw_fastrtps_cpp/cmake)
[0.502s] -- Found OpenSSL: /usr/lib/x86_64-linux-gnu/libcrypto.so (found version "3.0.2")  
[0.521s] -- Found FastRTPS: /opt/ros/humble/include  
[0.546s] -- Using RMW implementation 'rmw_fastrtps_cpp' as default
[0.553s] -- Looking for pthread.h
[0.617s] -- Looking for pthread.h - found
[0.617s] -- Performing Test CMAKE_HAVE_LIBC_PTHREAD
[0.678s] -- Performing Test CMAKE_HAVE_LIBC_PTHREAD - Success
[0.679s] -- Found Threads: TRUE  
[0.717s] -- Found geometry_msgs: 4.2.4 (/opt/ros/humble/share/geometry_msgs/cmake)
[0.723s] -- Found nav_msgs: 4.2.4 (/opt/ros/humble/share/nav_msgs/cmake)
[0.731s] -- Found ament_lint_auto: 0.12.11 (/opt/ros/humble/share/ament_lint_auto/cmake)
[0.768s] -- Added test 'cppcheck' to perform static code analysis on C / C++ code
[0.769s] -- Configured cppcheck include dirs: 
[0.769s] -- Configured cppcheck exclude dirs and/or files: 
[0.769s] -- Added test 'flake8' to check Python code syntax and style conventions
[0.769s] -- Added test 'lint_cmake' to check CMake code style
[0.769s] -- Added test 'pep257' to check Python code against some of the docstring style conventions in PEP 257
[0.771s] -- Added test 'uncrustify' to check C / C++ code style
[0.771s] -- Configured uncrustify additional arguments: 
[0.771s] -- Added test 'xmllint' to check XML markup files
[0.772s] -- Configuring done
[0.776s] -- Generating done
[0.777s] -- Build files have been written to: /home/chen/华南虎视觉/考核项目/导航项目/基本项目/base_ws/build/my_car
[0.782s] Invoked command in '/home/chen/华南虎视觉/考核项目/导航项目/基本项目/base_ws/build/my_car' returned '0': CMAKE_PREFIX_PATH=${CMAKE_PREFIX_PATH}:/opt/ros/humble /usr/bin/cmake /home/chen/华南虎视觉/考核项目/导航项目/基本项目/base_ws/src/my_car -DCMAKE_INSTALL_PREFIX=/home/chen/华南虎视觉/考核项目/导航项目/基本项目/base_ws/install/my_car
[0.783s] Invoking command in '/home/chen/华南虎视觉/考核项目/导航项目/基本项目/base_ws/build/my_car': CMAKE_PREFIX_PATH=${CMAKE_PREFIX_PATH}:/opt/ros/humble /usr/bin/cmake --build /home/chen/华南虎视觉/考核项目/导航项目/基本项目/base_ws/build/my_car -- -j32 -l32
[0.815s] [ 50%] [32mBuilding CXX object CMakeFiles/control_car.dir/src/control_car.cpp.o[0m
[4.622s] [100%] [32m[1mLinking CXX executable control_car[0m
[4.816s] [100%] Built target control_car
[4.826s] Invoked command in '/home/chen/华南虎视觉/考核项目/导航项目/基本项目/base_ws/build/my_car' returned '0': CMAKE_PREFIX_PATH=${CMAKE_PREFIX_PATH}:/opt/ros/humble /usr/bin/cmake --build /home/chen/华南虎视觉/考核项目/导航项目/基本项目/base_ws/build/my_car -- -j32 -l32
[4.845s] Invoking command in '/home/chen/华南虎视觉/考核项目/导航项目/基本项目/base_ws/build/my_car': CMAKE_PREFIX_PATH=${CMAKE_PREFIX_PATH}:/opt/ros/humble /usr/bin/cmake --install /home/chen/华南虎视觉/考核项目/导航项目/基本项目/base_ws/build/my_car
[4.849s] -- Install configuration: ""
[4.849s] -- Installing: /home/chen/华南虎视觉/考核项目/导航项目/基本项目/base_ws/install/my_car/share/my_car/launch
[4.849s] -- Installing: /home/chen/华南虎视觉/考核项目/导航项目/基本项目/base_ws/install/my_car/share/my_car/launch/display_rviz2.launch.py
[4.849s] -- Installing: /home/chen/华南虎视觉/考核项目/导航项目/基本项目/base_ws/install/my_car/share/my_car/launch/gazebo.launch.py
[4.849s] -- Installing: /home/chen/华南虎视觉/考核项目/导航项目/基本项目/base_ws/install/my_car/share/my_car/launch/gazebo2.launch.py
[4.849s] -- Installing: /home/chen/华南虎视觉/考核项目/导航项目/基本项目/base_ws/install/my_car/share/my_car/world
[4.849s] -- Installing: /home/chen/华南虎视觉/考核项目/导航项目/基本项目/base_ws/install/my_car/share/my_car/world/RMUC2024.world
[4.849s] -- Installing: /home/chen/华南虎视觉/考核项目/导航项目/基本项目/base_ws/install/my_car/share/my_car/urdf
[4.849s] -- Installing: /home/chen/华南虎视觉/考核项目/导航项目/基本项目/base_ws/install/my_car/share/my_car/urdf/velodyne_description
[4.849s] -- Installing: /home/chen/华南虎视觉/考核项目/导航项目/基本项目/base_ws/install/my_car/share/my_car/urdf/velodyne_description/CHANGELOG.rst
[4.849s] -- Installing: /home/chen/华南虎视觉/考核项目/导航项目/基本项目/base_ws/install/my_car/share/my_car/urdf/velodyne_description/launch
[4.850s] -- Installing: /home/chen/华南虎视觉/考核项目/导航项目/基本项目/base_ws/install/my_car/share/my_car/urdf/velodyne_description/launch/example.launch.py
[4.850s] -- Installing: /home/chen/华南虎视觉/考核项目/导航项目/基本项目/base_ws/install/my_car/share/my_car/urdf/velodyne_description/CMakeLists.txt
[4.850s] -- Installing: /home/chen/华南虎视觉/考核项目/导航项目/基本项目/base_ws/install/my_car/share/my_car/urdf/velodyne_description/urdf
[4.850s] -- Installing: /home/chen/华南虎视觉/考核项目/导航项目/基本项目/base_ws/install/my_car/share/my_car/urdf/velodyne_description/urdf/VLP-16.urdf.xacro
[4.850s] -- Installing: /home/chen/华南虎视觉/考核项目/导航项目/基本项目/base_ws/install/my_car/share/my_car/urdf/velodyne_description/urdf/example.urdf.xacro
[4.850s] -- Installing: /home/chen/华南虎视觉/考核项目/导航项目/基本项目/base_ws/install/my_car/share/my_car/urdf/velodyne_description/urdf/HDL-32E.urdf.xacro
[4.850s] -- Installing: /home/chen/华南虎视觉/考核项目/导航项目/基本项目/base_ws/install/my_car/share/my_car/urdf/velodyne_description/meshes
[4.850s] -- Installing: /home/chen/华南虎视觉/考核项目/导航项目/基本项目/base_ws/install/my_car/share/my_car/urdf/velodyne_description/meshes/VLP16_base_1.stl
[4.850s] -- Installing: /home/chen/华南虎视觉/考核项目/导航项目/基本项目/base_ws/install/my_car/share/my_car/urdf/velodyne_description/meshes/HDL32E_base.dae
[4.850s] -- Installing: /home/chen/华南虎视觉/考核项目/导航项目/基本项目/base_ws/install/my_car/share/my_car/urdf/velodyne_description/meshes/VLP16_base_2.stl
[4.850s] -- Installing: /home/chen/华南虎视觉/考核项目/导航项目/基本项目/base_ws/install/my_car/share/my_car/urdf/velodyne_description/meshes/HDL32E_scan.dae
[4.850s] -- Installing: /home/chen/华南虎视觉/考核项目/导航项目/基本项目/base_ws/install/my_car/share/my_car/urdf/velodyne_description/meshes/VLP16_scan.dae
[4.850s] -- Installing: /home/chen/华南虎视觉/考核项目/导航项目/基本项目/base_ws/install/my_car/share/my_car/urdf/velodyne_description/meshes/HDL32E_base.stl
[4.850s] -- Installing: /home/chen/华南虎视觉/考核项目/导航项目/基本项目/base_ws/install/my_car/share/my_car/urdf/velodyne_description/meshes/VLP16_base_1.dae
[4.850s] -- Installing: /home/chen/华南虎视觉/考核项目/导航项目/基本项目/base_ws/install/my_car/share/my_car/urdf/velodyne_description/meshes/HDL32E_scan.stl
[4.850s] -- Installing: /home/chen/华南虎视觉/考核项目/导航项目/基本项目/base_ws/install/my_car/share/my_car/urdf/velodyne_description/meshes/VLP16_base_2.dae
[4.850s] -- Installing: /home/chen/华南虎视觉/考核项目/导航项目/基本项目/base_ws/install/my_car/share/my_car/urdf/velodyne_description/meshes/VLP16_scan.stl
[4.850s] -- Installing: /home/chen/华南虎视觉/考核项目/导航项目/基本项目/base_ws/install/my_car/share/my_car/urdf/velodyne_description/env-hooks
[4.850s] -- Installing: /home/chen/华南虎视觉/考核项目/导航项目/基本项目/base_ws/install/my_car/share/my_car/urdf/velodyne_description/env-hooks/velodyne_description.dsv.in
[4.851s] -- Installing: /home/chen/华南虎视觉/考核项目/导航项目/基本项目/base_ws/install/my_car/share/my_car/urdf/velodyne_description/world
[4.851s] -- Installing: /home/chen/华南虎视觉/考核项目/导航项目/基本项目/base_ws/install/my_car/share/my_car/urdf/velodyne_description/world/example.world
[4.851s] -- Installing: /home/chen/华南虎视觉/考核项目/导航项目/基本项目/base_ws/install/my_car/share/my_car/urdf/velodyne_description/rviz
[4.851s] -- Installing: /home/chen/华南虎视觉/考核项目/导航项目/基本项目/base_ws/install/my_car/share/my_car/urdf/velodyne_description/rviz/example.rviz
[4.851s] -- Installing: /home/chen/华南虎视觉/考核项目/导航项目/基本项目/base_ws/install/my_car/share/my_car/urdf/velodyne_description/package.xml
[4.851s] -- Installing: /home/chen/华南虎视觉/考核项目/导航项目/基本项目/base_ws/install/my_car/share/my_car/urdf/my_car_de
[4.851s] -- Installing: /home/chen/华南虎视觉/考核项目/导航项目/基本项目/base_ws/install/my_car/share/my_car/urdf/my_car_de/plugin
[4.851s] -- Installing: /home/chen/华南虎视觉/考核项目/导航项目/基本项目/base_ws/install/my_car/share/my_car/urdf/my_car_de/plugin/gazebo_sensor_plugin.xacro
[4.851s] -- Installing: /home/chen/华南虎视觉/考核项目/导航项目/基本项目/base_ws/install/my_car/share/my_car/urdf/my_car_de/plugin/gazebo_control_plugin.xacro
[4.851s] -- Installing: /home/chen/华南虎视觉/考核项目/导航项目/基本项目/base_ws/install/my_car/share/my_car/urdf/my_car_de/plugin/car_drive.gazebo.xacro
[4.851s] -- Installing: /home/chen/华南虎视觉/考核项目/导航项目/基本项目/base_ws/install/my_car/share/my_car/urdf/my_car_de/actutor
[4.851s] -- Installing: /home/chen/华南虎视觉/考核项目/导航项目/基本项目/base_ws/install/my_car/share/my_car/urdf/my_car_de/actutor/caster.urdf.xacro
[4.851s] -- Installing: /home/chen/华南虎视觉/考核项目/导航项目/基本项目/base_ws/install/my_car/share/my_car/urdf/my_car_de/actutor/wheel.urdf.xacro
[4.851s] -- Installing: /home/chen/华南虎视觉/考核项目/导航项目/基本项目/base_ws/install/my_car/share/my_car/urdf/my_car_de/sensor
[4.851s] -- Installing: /home/chen/华南虎视觉/考核项目/导航项目/基本项目/base_ws/install/my_car/share/my_car/urdf/my_car_de/sensor/camera.urdf.xacro
[4.851s] -- Installing: /home/chen/华南虎视觉/考核项目/导航项目/基本项目/base_ws/install/my_car/share/my_car/urdf/my_car_de/sensor/imu.urdf.xacro
[4.851s] -- Installing: /home/chen/华南虎视觉/考核项目/导航项目/基本项目/base_ws/install/my_car/share/my_car/urdf/my_car_de/base_link.urdf.xacro
[4.851s] -- Installing: /home/chen/华南虎视觉/考核项目/导航项目/基本项目/base_ws/install/my_car/share/my_car/urdf/my_car_de/common_inertia.xacro
[4.851s] -- Installing: /home/chen/华南虎视觉/考核项目/导航项目/基本项目/base_ws/install/my_car/share/my_car/urdf/my_car.urdf
[4.851s] -- Installing: /home/chen/华南虎视觉/考核项目/导航项目/基本项目/base_ws/install/my_car/share/my_car/urdf/my_car.urdf.xacro
[4.851s] -- Installing: /home/chen/华南虎视觉/考核项目/导航项目/基本项目/base_ws/install/my_car/share/my_car/meshes
[4.851s] -- Installing: /home/chen/华南虎视觉/考核项目/导航项目/基本项目/base_ws/install/my_car/share/my_car/meshes/RMUCs_2024_s5.STL
[4.887s] -- Installing: /home/chen/华南虎视觉/考核项目/导航项目/基本项目/base_ws/install/my_car/lib/my_car/control_car
[4.888s] -- Set runtime path of "/home/chen/华南虎视觉/考核项目/导航项目/基本项目/base_ws/install/my_car/lib/my_car/control_car" to ""
[4.888s] -- Installing: /home/chen/华南虎视觉/考核项目/导航项目/基本项目/base_ws/install/my_car/share/my_car/environment/library_path.sh
[4.888s] -- Installing: /home/chen/华南虎视觉/考核项目/导航项目/基本项目/base_ws/install/my_car/share/my_car/environment/library_path.dsv
[4.888s] -- Installing: /home/chen/华南虎视觉/考核项目/导航项目/基本项目/base_ws/install/my_car/share/ament_index/resource_index/package_run_dependencies/my_car
[4.889s] -- Installing: /home/chen/华南虎视觉/考核项目/导航项目/基本项目/base_ws/install/my_car/share/ament_index/resource_index/parent_prefix_path/my_car
[4.889s] -- Installing: /home/chen/华南虎视觉/考核项目/导航项目/基本项目/base_ws/install/my_car/share/my_car/environment/ament_prefix_path.sh
[4.889s] -- Installing: /home/chen/华南虎视觉/考核项目/导航项目/基本项目/base_ws/install/my_car/share/my_car/environment/ament_prefix_path.dsv
[4.889s] -- Installing: /home/chen/华南虎视觉/考核项目/导航项目/基本项目/base_ws/install/my_car/share/my_car/environment/path.sh
[4.889s] -- Installing: /home/chen/华南虎视觉/考核项目/导航项目/基本项目/base_ws/install/my_car/share/my_car/environment/path.dsv
[4.889s] -- Installing: /home/chen/华南虎视觉/考核项目/导航项目/基本项目/base_ws/install/my_car/share/my_car/local_setup.bash
[4.889s] -- Installing: /home/chen/华南虎视觉/考核项目/导航项目/基本项目/base_ws/install/my_car/share/my_car/local_setup.sh
[4.889s] -- Installing: /home/chen/华南虎视觉/考核项目/导航项目/基本项目/base_ws/install/my_car/share/my_car/local_setup.zsh
[4.889s] -- Installing: /home/chen/华南虎视觉/考核项目/导航项目/基本项目/base_ws/install/my_car/share/my_car/local_setup.dsv
[4.889s] -- Installing: /home/chen/华南虎视觉/考核项目/导航项目/基本项目/base_ws/install/my_car/share/my_car/package.dsv
[4.889s] -- Installing: /home/chen/华南虎视觉/考核项目/导航项目/基本项目/base_ws/install/my_car/share/ament_index/resource_index/packages/my_car
[4.889s] -- Installing: /home/chen/华南虎视觉/考核项目/导航项目/基本项目/base_ws/install/my_car/share/my_car/cmake/ament_cmake_export_include_directories-extras.cmake
[4.889s] -- Installing: /home/chen/华南虎视觉/考核项目/导航项目/基本项目/base_ws/install/my_car/share/my_car/cmake/ament_cmake_export_libraries-extras.cmake
[4.889s] -- Installing: /home/chen/华南虎视觉/考核项目/导航项目/基本项目/base_ws/install/my_car/share/my_car/cmake/ament_cmake_export_dependencies-extras.cmake
[4.889s] -- Installing: /home/chen/华南虎视觉/考核项目/导航项目/基本项目/base_ws/install/my_car/share/my_car/cmake/my_carConfig.cmake
[4.889s] -- Installing: /home/chen/华南虎视觉/考核项目/导航项目/基本项目/base_ws/install/my_car/share/my_car/cmake/my_carConfig-version.cmake
[4.889s] -- Installing: /home/chen/华南虎视觉/考核项目/导航项目/基本项目/base_ws/install/my_car/share/my_car/package.xml
[4.890s] Invoked command in '/home/chen/华南虎视觉/考核项目/导航项目/基本项目/base_ws/build/my_car' returned '0': CMAKE_PREFIX_PATH=${CMAKE_PREFIX_PATH}:/opt/ros/humble /usr/bin/cmake --install /home/chen/华南虎视觉/考核项目/导航项目/基本项目/base_ws/build/my_car
