-- Found ament_cmake: 1.3.0 (/usr/share/ament_cmake/cmake)
-- Found rclcpp: 16.0.10 (/opt/ros/humble/share/rclcpp/cmake)
-- Found rosidl_generator_c: 3.1.5 (/opt/ros/humble/share/rosidl_generator_c/cmake)
-- Found rosidl_adapter: 3.1.5 (/opt/ros/humble/share/rosidl_adapter/cmake)
-- Found rosidl_generator_cpp: 3.1.5 (/opt/ros/humble/share/rosidl_generator_cpp/cmake)
-- Using all available rosidl_typesupport_c: rosidl_typesupport_fastrtps_c;rosidl_typesupport_introspection_c
-- Using all available rosidl_typesupport_cpp: rosidl_typesupport_fastrtps_cpp;rosidl_typesupport_introspection_cpp
-- Found rmw_implementation_cmake: 6.1.2 (/opt/ros/humble/share/rmw_implementation_cmake/cmake)
-- Found rmw_fastrtps_cpp: 6.2.7 (/opt/ros/humble/share/rmw_fastrtps_cpp/cmake)
-- Using RMW implementation 'rmw_fastrtps_cpp' as default
-- Found tf2_ros: 0.25.8 (/opt/ros/humble/share/tf2_ros/cmake)
-- Found tf2_geometry_msgs: 0.25.8 (/opt/ros/humble/share/tf2_geometry_msgs/cmake)
-- Found eigen3_cmake_module: 0.1.1 (/opt/ros/humble/share/eigen3_cmake_module/cmake)
-- Ensuring Eigen3 include directory is part of orocos-kdl CMake target
-- Found nav_msgs: 4.2.4 (/opt/ros/humble/share/nav_msgs/cmake)
-- Found rosidl_default_generators: 1.2.0 (/opt/ros/humble/share/rosidl_default_generators/cmake)
-- Found ament_lint_auto: 0.12.11 (/opt/ros/humble/share/ament_lint_auto/cmake)
-- Added test 'cppcheck' to perform static code analysis on C / C++ code
-- Configured cppcheck include dirs: 
-- Configured cppcheck exclude dirs and/or files: 
-- Added test 'flake8' to check Python code syntax and style conventions
-- Added test 'lint_cmake' to check CMake code style
-- Added test 'pep257' to check Python code against some of the docstring style conventions in PEP 257
-- Added test 'uncrustify' to check C / C++ code style
-- Configured uncrustify additional arguments: 
-- Added test 'xmllint' to check XML markup files
-- Configuring done
-- Generating done
-- Build files have been written to: /home/chen/华南虎视觉/考核项目/导航项目/测试项目/sphere_motion/sphere_motion_ws/build/sphere_motion
[ 50%] [32mBuilding CXX object CMakeFiles/sphere_motion.dir/src/sphere_motion.cpp.o[0m
[100%] [32m[1mLinking CXX executable sphere_motion[0m
[100%] Built target sphere_motion
-- Install configuration: ""
-- Installing: /home/chen/华南虎视觉/考核项目/导航项目/测试项目/sphere_motion/sphere_motion_ws/install/sphere_motion/share/sphere_motion/launch
-- Installing: /home/chen/华南虎视觉/考核项目/导航项目/测试项目/sphere_motion/sphere_motion_ws/install/sphere_motion/share/sphere_motion/launch/display_rviz2.launch.py
-- Installing: /home/chen/华南虎视觉/考核项目/导航项目/测试项目/sphere_motion/sphere_motion_ws/install/sphere_motion/share/sphere_motion/launch/gazebo.launch.py
-- Installing: /home/chen/华南虎视觉/考核项目/导航项目/测试项目/sphere_motion/sphere_motion_ws/install/sphere_motion/lib/sphere_motion/sphere_motion
-- Set runtime path of "/home/chen/华南虎视觉/考核项目/导航项目/测试项目/sphere_motion/sphere_motion_ws/install/sphere_motion/lib/sphere_motion/sphere_motion" to ""
-- Installing: /home/chen/华南虎视觉/考核项目/导航项目/测试项目/sphere_motion/sphere_motion_ws/install/sphere_motion/share/sphere_motion/urdf
-- Installing: /home/chen/华南虎视觉/考核项目/导航项目/测试项目/sphere_motion/sphere_motion_ws/install/sphere_motion/share/sphere_motion/urdf/sphere.urdf
-- Installing: /home/chen/华南虎视觉/考核项目/导航项目/测试项目/sphere_motion/sphere_motion_ws/install/sphere_motion/share/ament_index/resource_index/package_run_dependencies/sphere_motion
-- Installing: /home/chen/华南虎视觉/考核项目/导航项目/测试项目/sphere_motion/sphere_motion_ws/install/sphere_motion/share/ament_index/resource_index/parent_prefix_path/sphere_motion
-- Installing: /home/chen/华南虎视觉/考核项目/导航项目/测试项目/sphere_motion/sphere_motion_ws/install/sphere_motion/share/sphere_motion/environment/ament_prefix_path.sh
-- Installing: /home/chen/华南虎视觉/考核项目/导航项目/测试项目/sphere_motion/sphere_motion_ws/install/sphere_motion/share/sphere_motion/environment/ament_prefix_path.dsv
-- Installing: /home/chen/华南虎视觉/考核项目/导航项目/测试项目/sphere_motion/sphere_motion_ws/install/sphere_motion/share/sphere_motion/environment/path.sh
-- Installing: /home/chen/华南虎视觉/考核项目/导航项目/测试项目/sphere_motion/sphere_motion_ws/install/sphere_motion/share/sphere_motion/environment/path.dsv
-- Installing: /home/chen/华南虎视觉/考核项目/导航项目/测试项目/sphere_motion/sphere_motion_ws/install/sphere_motion/share/sphere_motion/local_setup.bash
-- Installing: /home/chen/华南虎视觉/考核项目/导航项目/测试项目/sphere_motion/sphere_motion_ws/install/sphere_motion/share/sphere_motion/local_setup.sh
-- Installing: /home/chen/华南虎视觉/考核项目/导航项目/测试项目/sphere_motion/sphere_motion_ws/install/sphere_motion/share/sphere_motion/local_setup.zsh
-- Installing: /home/chen/华南虎视觉/考核项目/导航项目/测试项目/sphere_motion/sphere_motion_ws/install/sphere_motion/share/sphere_motion/local_setup.dsv
-- Installing: /home/chen/华南虎视觉/考核项目/导航项目/测试项目/sphere_motion/sphere_motion_ws/install/sphere_motion/share/sphere_motion/package.dsv
-- Installing: /home/chen/华南虎视觉/考核项目/导航项目/测试项目/sphere_motion/sphere_motion_ws/install/sphere_motion/share/ament_index/resource_index/packages/sphere_motion
-- Installing: /home/chen/华南虎视觉/考核项目/导航项目/测试项目/sphere_motion/sphere_motion_ws/install/sphere_motion/share/sphere_motion/cmake/sphere_motionConfig.cmake
-- Installing: /home/chen/华南虎视觉/考核项目/导航项目/测试项目/sphere_motion/sphere_motion_ws/install/sphere_motion/share/sphere_motion/cmake/sphere_motionConfig-version.cmake
-- Installing: /home/chen/华南虎视觉/考核项目/导航项目/测试项目/sphere_motion/sphere_motion_ws/install/sphere_motion/share/sphere_motion/package.xml
