[0.006s] Invoking command in '/home/chen/华南虎视觉/考核项目/导航项目/测试项目/sphere_motion/sphere_motion_ws/build/sphere_motion': CMAKE_PREFIX_PATH=/opt/ros/humble /usr/bin/cmake /home/chen/华南虎视觉/考核项目/导航项目/测试项目/sphere_motion/sphere_motion_ws/src/sphere_motion -DCMAKE_INSTALL_PREFIX=/home/chen/华南虎视觉/考核项目/导航项目/测试项目/sphere_motion/sphere_motion_ws/install/sphere_motion
[0.012s] -- Found ament_cmake: 1.3.0 (/usr/share/ament_cmake/cmake)
[0.112s] -- Found rclcpp: 16.0.10 (/opt/ros/humble/share/rclcpp/cmake)
[0.127s] -- Found rosidl_generator_c: 3.1.5 (/opt/ros/humble/share/rosidl_generator_c/cmake)
[0.128s] -- Found rosidl_adapter: 3.1.5 (/opt/ros/humble/share/rosidl_adapter/cmake)
[0.131s] -- Found rosidl_generator_cpp: 3.1.5 (/opt/ros/humble/share/rosidl_generator_cpp/cmake)
[0.136s] -- Using all available rosidl_typesupport_c: rosidl_typesupport_fastrtps_c;rosidl_typesupport_introspection_c
[0.143s] -- Using all available rosidl_typesupport_cpp: rosidl_typesupport_fastrtps_cpp;rosidl_typesupport_introspection_cpp
[0.172s] -- Found rmw_implementation_cmake: 6.1.2 (/opt/ros/humble/share/rmw_implementation_cmake/cmake)
[0.172s] -- Found rmw_fastrtps_cpp: 6.2.7 (/opt/ros/humble/share/rmw_fastrtps_cpp/cmake)
[0.236s] -- Using RMW implementation 'rmw_fastrtps_cpp' as default
[0.309s] -- Found tf2_ros: 0.25.8 (/opt/ros/humble/share/tf2_ros/cmake)
[0.483s] -- Found tf2_geometry_msgs: 0.25.8 (/opt/ros/humble/share/tf2_geometry_msgs/cmake)
[0.486s] -- Found eigen3_cmake_module: 0.1.1 (/opt/ros/humble/share/eigen3_cmake_module/cmake)
[0.486s] -- Ensuring Eigen3 include directory is part of orocos-kdl CMake target
[0.492s] -- Found nav_msgs: 4.2.4 (/opt/ros/humble/share/nav_msgs/cmake)
[0.531s] -- Found rosidl_default_generators: 1.2.0 (/opt/ros/humble/share/rosidl_default_generators/cmake)
[0.534s] -- Found ament_lint_auto: 0.12.11 (/opt/ros/humble/share/ament_lint_auto/cmake)
[0.568s] -- Added test 'cppcheck' to perform static code analysis on C / C++ code
[0.568s] -- Configured cppcheck include dirs: 
[0.568s] -- Configured cppcheck exclude dirs and/or files: 
[0.568s] -- Added test 'flake8' to check Python code syntax and style conventions
[0.568s] -- Added test 'lint_cmake' to check CMake code style
[0.568s] -- Added test 'pep257' to check Python code against some of the docstring style conventions in PEP 257
[0.569s] -- Added test 'uncrustify' to check C / C++ code style
[0.569s] -- Configured uncrustify additional arguments: 
[0.569s] -- Added test 'xmllint' to check XML markup files
[0.569s] -- Configuring done
[0.574s] -- Generating done
[0.575s] -- Build files have been written to: /home/chen/华南虎视觉/考核项目/导航项目/测试项目/sphere_motion/sphere_motion_ws/build/sphere_motion
[0.580s] Invoked command in '/home/chen/华南虎视觉/考核项目/导航项目/测试项目/sphere_motion/sphere_motion_ws/build/sphere_motion' returned '0': CMAKE_PREFIX_PATH=/opt/ros/humble /usr/bin/cmake /home/chen/华南虎视觉/考核项目/导航项目/测试项目/sphere_motion/sphere_motion_ws/src/sphere_motion -DCMAKE_INSTALL_PREFIX=/home/chen/华南虎视觉/考核项目/导航项目/测试项目/sphere_motion/sphere_motion_ws/install/sphere_motion
[0.581s] Invoking command in '/home/chen/华南虎视觉/考核项目/导航项目/测试项目/sphere_motion/sphere_motion_ws/build/sphere_motion': CMAKE_PREFIX_PATH=/opt/ros/humble /usr/bin/cmake --build /home/chen/华南虎视觉/考核项目/导航项目/测试项目/sphere_motion/sphere_motion_ws/build/sphere_motion -- -j32 -l32
[0.624s] [ 50%] [32mBuilding CXX object CMakeFiles/sphere_motion.dir/src/sphere_motion.cpp.o[0m
[2.562s] [100%] [32m[1mLinking CXX executable sphere_motion[0m
[2.671s] [100%] Built target sphere_motion
[2.680s] Invoked command in '/home/chen/华南虎视觉/考核项目/导航项目/测试项目/sphere_motion/sphere_motion_ws/build/sphere_motion' returned '0': CMAKE_PREFIX_PATH=/opt/ros/humble /usr/bin/cmake --build /home/chen/华南虎视觉/考核项目/导航项目/测试项目/sphere_motion/sphere_motion_ws/build/sphere_motion -- -j32 -l32
[2.715s] Invoking command in '/home/chen/华南虎视觉/考核项目/导航项目/测试项目/sphere_motion/sphere_motion_ws/build/sphere_motion': CMAKE_PREFIX_PATH=/opt/ros/humble /usr/bin/cmake --install /home/chen/华南虎视觉/考核项目/导航项目/测试项目/sphere_motion/sphere_motion_ws/build/sphere_motion
[2.725s] -- Install configuration: ""
[2.725s] -- Installing: /home/chen/华南虎视觉/考核项目/导航项目/测试项目/sphere_motion/sphere_motion_ws/install/sphere_motion/share/sphere_motion/launch
[2.725s] -- Installing: /home/chen/华南虎视觉/考核项目/导航项目/测试项目/sphere_motion/sphere_motion_ws/install/sphere_motion/share/sphere_motion/launch/display_rviz2.launch.py
[2.725s] -- Installing: /home/chen/华南虎视觉/考核项目/导航项目/测试项目/sphere_motion/sphere_motion_ws/install/sphere_motion/share/sphere_motion/launch/gazebo.launch.py
[2.725s] -- Installing: /home/chen/华南虎视觉/考核项目/导航项目/测试项目/sphere_motion/sphere_motion_ws/install/sphere_motion/lib/sphere_motion/sphere_motion
[2.726s] -- Set runtime path of "/home/chen/华南虎视觉/考核项目/导航项目/测试项目/sphere_motion/sphere_motion_ws/install/sphere_motion/lib/sphere_motion/sphere_motion" to ""
[2.726s] -- Installing: /home/chen/华南虎视觉/考核项目/导航项目/测试项目/sphere_motion/sphere_motion_ws/install/sphere_motion/share/sphere_motion/urdf
[2.726s] -- Installing: /home/chen/华南虎视觉/考核项目/导航项目/测试项目/sphere_motion/sphere_motion_ws/install/sphere_motion/share/sphere_motion/urdf/sphere.urdf
[2.727s] -- Installing: /home/chen/华南虎视觉/考核项目/导航项目/测试项目/sphere_motion/sphere_motion_ws/install/sphere_motion/share/ament_index/resource_index/package_run_dependencies/sphere_motion
[2.727s] -- Installing: /home/chen/华南虎视觉/考核项目/导航项目/测试项目/sphere_motion/sphere_motion_ws/install/sphere_motion/share/ament_index/resource_index/parent_prefix_path/sphere_motion
[2.727s] -- Installing: /home/chen/华南虎视觉/考核项目/导航项目/测试项目/sphere_motion/sphere_motion_ws/install/sphere_motion/share/sphere_motion/environment/ament_prefix_path.sh
[2.727s] -- Installing: /home/chen/华南虎视觉/考核项目/导航项目/测试项目/sphere_motion/sphere_motion_ws/install/sphere_motion/share/sphere_motion/environment/ament_prefix_path.dsv
[2.727s] -- Installing: /home/chen/华南虎视觉/考核项目/导航项目/测试项目/sphere_motion/sphere_motion_ws/install/sphere_motion/share/sphere_motion/environment/path.sh
[2.727s] -- Installing: /home/chen/华南虎视觉/考核项目/导航项目/测试项目/sphere_motion/sphere_motion_ws/install/sphere_motion/share/sphere_motion/environment/path.dsv
[2.727s] -- Installing: /home/chen/华南虎视觉/考核项目/导航项目/测试项目/sphere_motion/sphere_motion_ws/install/sphere_motion/share/sphere_motion/local_setup.bash
[2.727s] -- Installing: /home/chen/华南虎视觉/考核项目/导航项目/测试项目/sphere_motion/sphere_motion_ws/install/sphere_motion/share/sphere_motion/local_setup.sh
[2.727s] -- Installing: /home/chen/华南虎视觉/考核项目/导航项目/测试项目/sphere_motion/sphere_motion_ws/install/sphere_motion/share/sphere_motion/local_setup.zsh
[2.727s] -- Installing: /home/chen/华南虎视觉/考核项目/导航项目/测试项目/sphere_motion/sphere_motion_ws/install/sphere_motion/share/sphere_motion/local_setup.dsv
[2.728s] -- Installing: /home/chen/华南虎视觉/考核项目/导航项目/测试项目/sphere_motion/sphere_motion_ws/install/sphere_motion/share/sphere_motion/package.dsv
[2.728s] -- Installing: /home/chen/华南虎视觉/考核项目/导航项目/测试项目/sphere_motion/sphere_motion_ws/install/sphere_motion/share/ament_index/resource_index/packages/sphere_motion
[2.728s] -- Installing: /home/chen/华南虎视觉/考核项目/导航项目/测试项目/sphere_motion/sphere_motion_ws/install/sphere_motion/share/sphere_motion/cmake/sphere_motionConfig.cmake
[2.728s] -- Installing: /home/chen/华南虎视觉/考核项目/导航项目/测试项目/sphere_motion/sphere_motion_ws/install/sphere_motion/share/sphere_motion/cmake/sphere_motionConfig-version.cmake
[2.728s] -- Installing: /home/chen/华南虎视觉/考核项目/导航项目/测试项目/sphere_motion/sphere_motion_ws/install/sphere_motion/share/sphere_motion/package.xml
[2.730s] Invoked command in '/home/chen/华南虎视觉/考核项目/导航项目/测试项目/sphere_motion/sphere_motion_ws/build/sphere_motion' returned '0': CMAKE_PREFIX_PATH=/opt/ros/humble /usr/bin/cmake --install /home/chen/华南虎视觉/考核项目/导航项目/测试项目/sphere_motion/sphere_motion_ws/build/sphere_motion
