[0.007s] Invoking command in '/home/chen/华南虎视觉/考核项目/导航项目/综合项目/generalization_task_ws/build/my_car': /usr/bin/cmake /home/chen/华南虎视觉/考核项目/导航项目/综合项目/generalization_task_ws/src/my_car -DCMAKE_INSTALL_PREFIX=/home/chen/华南虎视觉/考核项目/导航项目/综合项目/generalization_task_ws/install/my_car
[0.106s] -- The C compiler identification is GNU 12.3.0
[0.211s] -- The CXX compiler identification is GNU 11.4.0
[0.222s] -- Detecting C compiler ABI info
[0.303s] -- Detecting C compiler ABI info - done
[0.312s] -- Check for working C compiler: /usr/bin/cc - skipped
[0.313s] -- Detecting C compile features
[0.313s] -- Detecting C compile features - done
[0.317s] -- Detecting CXX compiler ABI info
[0.406s] -- Detecting CXX compiler ABI info - done
[0.413s] -- Check for working CXX compiler: /usr/bin/c++ - skipped
[0.414s] -- Detecting CXX compile features
[0.414s] -- Detecting CXX compile features - done
[0.423s] -- Found ament_cmake: 1.3.0 (/usr/share/ament_cmake/cmake)
[0.568s] -- Found Python3: /usr/bin/python3.10 (found version "3.10.12") found components: Interpreter 
[0.675s] [31mCMake Error at CMakeLists.txt:10 (find_package):
[0.675s]   By not providing "Findnav2_bringup.cmake" in CMAKE_MODULE_PATH this project
[0.675s]   has asked CMake to find a package configuration file provided by
[0.675s]   "nav2_bringup", but CMake did not find one.
[0.675s] 
[0.675s]   Could not find a package configuration file provided by "nav2_bringup" with
[0.676s]   any of the following names:
[0.676s] 
[0.676s]     nav2_bringupConfig.cmake
[0.676s]     nav2_bringup-config.cmake
[0.676s] 
[0.676s]   Add the installation prefix of "nav2_bringup" to CMAKE_PREFIX_PATH or set
[0.676s]   "nav2_bringup_DIR" to a directory containing one of the above files.  If
[0.676s]   "nav2_bringup" provides a separate development package or SDK, be sure it
[0.676s]   has been installed.
[0.676s] 
[0.676s] [0m
[0.676s] -- Configuring incomplete, errors occurred!
[0.676s] See also "/home/chen/华南虎视觉/考核项目/导航项目/综合项目/generalization_task_ws/build/my_car/CMakeFiles/CMakeOutput.log".
[0.680s] Invoked command in '/home/chen/华南虎视觉/考核项目/导航项目/综合项目/generalization_task_ws/build/my_car' returned '1': /usr/bin/cmake /home/chen/华南虎视觉/考核项目/导航项目/综合项目/generalization_task_ws/src/my_car -DCMAKE_INSTALL_PREFIX=/home/chen/华南虎视觉/考核项目/导航项目/综合项目/generalization_task_ws/install/my_car
