[0.006s] Invoking command in '/home/chen/华南虎视觉/考核项目/导航项目/测试项目/sphere_motion/pcl_ws/build/pcl_task': CMAKE_PREFIX_PATH=${CMAKE_PREFIX_PATH}:/opt/ros/humble /usr/bin/cmake --build /home/chen/华南虎视觉/考核项目/导航项目/测试项目/sphere_motion/pcl_ws/build/pcl_task -- -j32 -l32
[0.023s] -- Found ament_cmake: 1.3.10 (/opt/ros/humble/share/ament_cmake/cmake)
[0.103s] -- Found sensor_msgs: 4.2.4 (/opt/ros/humble/share/sensor_msgs/cmake)
[0.115s] -- Found rosidl_generator_c: 3.1.5 (/opt/ros/humble/share/rosidl_generator_c/cmake)
[0.117s] -- Found rosidl_adapter: 3.1.5 (/opt/ros/humble/share/rosidl_adapter/cmake)
[0.119s] -- Found rosidl_generator_cpp: 3.1.5 (/opt/ros/humble/share/rosidl_generator_cpp/cmake)
[0.124s] -- Using all available rosidl_typesupport_c: rosidl_typesupport_fastrtps_c;rosidl_typesupport_introspection_c
[0.130s] -- Using all available rosidl_typesupport_cpp: rosidl_typesupport_fastrtps_cpp;rosidl_typesupport_introspection_cpp
[0.154s] -- Found rclcpp: 16.0.10 (/opt/ros/humble/share/rclcpp/cmake)
[0.166s] -- Found rmw_implementation_cmake: 6.1.2 (/opt/ros/humble/share/rmw_implementation_cmake/cmake)
[0.167s] -- Found rmw_fastrtps_cpp: 6.2.7 (/opt/ros/humble/share/rmw_fastrtps_cpp/cmake)
[0.223s] -- Using RMW implementation 'rmw_fastrtps_cpp' as default
[0.249s] -- Eigen found (include: /usr/include/eigen3, version: 3.4.0)
[0.268s] -- FLANN found (include: /usr/include, lib: /usr/lib/x86_64-linux-gnu/libflann_cpp.so)
[0.462s] -- OpenNI found (version: 1.5.4.0, include: /usr/include/ni, lib: /usr/lib/libOpenNI.so;libusb::libusb)
[0.468s] -- OpenNI2 found (version: 2.2.0.33, include: /usr/include/openni2, lib: /usr/lib/x86_64-linux-gnu/libOpenNI2.so;libusb::libusb)
[0.468s] [0m** WARNING ** io features related to pcap will be disabled[0m
[0.564s] -- Eigen found (include: /usr/include/eigen3, version: 3.4.0)
[0.569s] -- OpenNI found (version: 1.5.4.0, include: /usr/include/ni, lib: /usr/lib/libOpenNI.so;libusb::libusb)
[0.573s] -- OpenNI2 found (version: 2.2.0.33, include: /usr/include/openni2, lib: /usr/lib/x86_64-linux-gnu/libOpenNI2.so;libusb::libusb)
[0.669s] -- Found Qhull version 8.0.2
[0.762s] -- OpenNI found (version: 1.5.4.0, include: /usr/include/ni, lib: /usr/lib/libOpenNI.so;libusb::libusb)
[0.846s] -- looking for PCL_COMMON
[0.846s] -- looking for PCL_KDTREE
[0.846s] -- looking for PCL_OCTREE
[0.846s] -- looking for PCL_SEARCH
[0.846s] -- looking for PCL_SAMPLE_CONSENSUS
[0.846s] -- looking for PCL_FILTERS
[0.846s] -- looking for PCL_2D
[0.847s] -- looking for PCL_GEOMETRY
[0.847s] -- looking for PCL_IO
[0.847s] -- looking for PCL_FEATURES
[0.847s] -- looking for PCL_ML
[0.847s] -- looking for PCL_SEGMENTATION
[0.847s] -- looking for PCL_VISUALIZATION
[0.848s] -- looking for PCL_SURFACE
[0.848s] -- looking for PCL_REGISTRATION
[0.848s] -- looking for PCL_KEYPOINTS
[0.848s] -- looking for PCL_TRACKING
[0.848s] -- looking for PCL_RECOGNITION
[0.849s] -- looking for PCL_STEREO
[0.849s] -- looking for PCL_APPS
[0.849s] -- looking for PCL_IN_HAND_SCANNER
[0.849s] -- looking for PCL_MODELER
[0.849s] -- looking for PCL_POINT_CLOUD_EDITOR
[0.850s] -- looking for PCL_OUTOFCORE
[0.850s] -- looking for PCL_PEOPLE
[0.851s] -- Found pcl_conversions: 2.4.5 (/opt/ros/humble/share/pcl_conversions/cmake)
[0.862s] -- Found ament_lint_auto: 0.12.11 (/opt/ros/humble/share/ament_lint_auto/cmake)
[0.897s] -- Added test 'cppcheck' to perform static code analysis on C / C++ code
[0.897s] -- Configured cppcheck include dirs: /home/chen/华南虎视觉/考核项目/导航项目/测试项目/sphere_motion/pcl_ws/pcl_task/include
[0.897s] -- Configured cppcheck exclude dirs and/or files: 
[0.897s] -- Added test 'flake8' to check Python code syntax and style conventions
[0.898s] -- Added test 'lint_cmake' to check CMake code style
[0.898s] -- Added test 'pep257' to check Python code against some of the docstring style conventions in PEP 257
[0.898s] -- Added test 'uncrustify' to check C / C++ code style
[0.898s] -- Configured uncrustify additional arguments: 
[0.898s] -- Added test 'xmllint' to check XML markup files
[0.899s] -- Configuring done
[0.914s] -- Generating done
[0.915s] -- Build files have been written to: /home/chen/华南虎视觉/考核项目/导航项目/测试项目/sphere_motion/pcl_ws/build/pcl_task
[0.939s] [35m[1mConsolidate compiler generated dependencies of target PCD_Publisher[0m
[0.945s] [ 25%] [32mBuilding CXX object CMakeFiles/ros2pcl_test_sub.dir/src/ros2pcl_test_sub.cpp.o[0m
[0.963s] [ 75%] Built target PCD_Publisher
[0.995s] In file included from [01m[K/opt/ros/humble/include/rclcpp/rclcpp/executors/multi_threaded_executor.hpp:25[m[K,
[0.995s]                  from [01m[K/opt/ros/humble/include/rclcpp/rclcpp/executors.hpp:21[m[K,
[0.995s]                  from [01m[K/opt/ros/humble/include/rclcpp/rclcpp/rclcpp.hpp:155[m[K,
[0.995s]                  from [01m[K/home/chen/华南虎视觉/考核项目/导航项目/测试项目/sphere_motion/pcl_ws/pcl_task/src/ros2pcl_test_sub.cpp:1[m[K:
[0.995s] [01m[K/opt/ros/humble/include/rclcpp/rclcpp/executor.hpp:30:10:[m[K [01;31m[Kfatal error: [m[Krcl/guard_condition.h: 没有那个文件或目录
[0.995s]    30 | #include [01;31m[K"rcl/guard_condition.h"[m[K
[0.995s]       |          [01;31m[K^~~~~~~~~~~~~~~~~~~~~~~[m[K
[0.995s] compilation terminated.
[0.996s] gmake[2]: *** [CMakeFiles/ros2pcl_test_sub.dir/build.make:76：CMakeFiles/ros2pcl_test_sub.dir/src/ros2pcl_test_sub.cpp.o] 错误 1
[0.996s] gmake[1]: *** [CMakeFiles/Makefile2:165：CMakeFiles/ros2pcl_test_sub.dir/all] 错误 2
[0.997s] gmake: *** [Makefile:146：all] 错误 2
[0.999s] Invoked command in '/home/chen/华南虎视觉/考核项目/导航项目/测试项目/sphere_motion/pcl_ws/build/pcl_task' returned '2': CMAKE_PREFIX_PATH=${CMAKE_PREFIX_PATH}:/opt/ros/humble /usr/bin/cmake --build /home/chen/华南虎视觉/考核项目/导航项目/测试项目/sphere_motion/pcl_ws/build/pcl_task -- -j32 -l32
